2026-06-19T10:15:32.016314156Z Connected to db
2026-06-19T10:15:32.024720571Z Found redis at 100.64.63.142
2026-06-19T10:15:32.024820953Z Connecting to redis
2026-06-19T10:15:47.203526911Z Waiting for redis
2026-06-19T10:15:48.203735160Z Connecting to redis
2026-06-19T10:16:03.369294487Z Waiting for redis
2026-06-19T10:16:04.370076700Z Connecting to redis
2026-06-19T10:16:19.525445822Z Waiting for redis
2026-06-19T10:16:20.525961814Z Connecting to redis
2026-06-19T10:16:35.685616341Z Waiting for redis
2026-06-19T10:16:36.686061000Z Connecting to redis
2026-06-19T10:16:51.843438941Z Waiting for redis
2026-06-19T10:16:52.843614964Z Connecting to redis
2026-06-19T10:17:08.004719816Z Waiting for redis
2026-06-19T10:17:09.004868121Z Connecting to redis
2026-06-19T10:17:24.159952816Z Waiting for redis
2026-06-19T10:17:25.160261983Z Connecting to redis
2026-06-19T10:17:40.318035343Z Waiting for redis
2026-06-19T10:17:41.318140692Z Connecting to redis
2026-06-19T10:17:56.474589778Z Waiting for redis
2026-06-19T10:17:57.474811120Z Connecting to redis
2026-06-19T10:18:12.628812743Z Waiting for redis
2026-06-19T10:18:13.628936297Z Connecting to redis
2026-06-19T10:18:28.787027255Z Waiting for redis
2026-06-19T10:18:29.787141598Z Connecting to redis
2026-06-19T10:18:44.940251676Z Waiting for redis
2026-06-19T10:18:45.940432077Z Connecting to redis
2026-06-19T10:19:01.097457380Z Waiting for redis
2026-06-19T10:19:02.099890366Z Connecting to redis
2026-06-19T10:19:17.259947546Z Waiting for redis
2026-06-19T10:19:18.260129114Z Connecting to redis
2026-06-19T10:19:33.418409273Z Waiting for redis
2026-06-19T10:19:34.418619009Z Connecting to redis
2026-06-19T10:19:49.574580704Z Waiting for redis
2026-06-19T10:19:50.574750877Z Connecting to redis
2026-06-19T10:20:05.730106554Z Waiting for redis
2026-06-19T10:20:06.730280561Z Connecting to redis
2026-06-19T10:20:21.887204818Z Waiting for redis
2026-06-19T10:20:22.887369807Z Connecting to redis
2026-06-19T10:20:38.043717308Z Waiting for redis
2026-06-19T10:20:39.043928636Z Connecting to redis
2026-06-19T10:20:54.198523256Z Waiting for redis
2026-06-19T10:20:55.198661177Z Connecting to redis
2026-06-19T10:21:10.354545236Z Waiting for redis
2026-06-19T10:21:11.354731421Z Connecting to redis
2026-06-19T10:21:26.510843892Z Waiting for redis
2026-06-19T10:21:27.511020795Z Connecting to redis
2026-06-19T10:21:42.666312134Z Waiting for redis
2026-06-19T10:21:43.666526822Z Connecting to redis
2026-06-19T10:21:58.821412014Z Waiting for redis
2026-06-19T10:21:59.821521499Z Connecting to redis
2026-06-19T10:22:14.977979861Z Waiting for redis
2026-06-19T10:22:15.978093608Z Connecting to redis
2026-06-19T10:22:31.134080101Z Waiting for redis
2026-06-19T10:22:32.134302046Z Connecting to redis
2026-06-19T10:22:47.291369643Z Waiting for redis
2026-06-19T10:22:48.291614887Z Connecting to redis
2026-06-19T10:23:03.445608731Z Waiting for redis
2026-06-19T10:23:04.445799943Z Connecting to redis
2026-06-19T10:23:19.602922873Z Waiting for redis
2026-06-19T10:23:20.603079492Z Connecting to redis
2026-06-19T10:23:35.761141179Z Waiting for redis
2026-06-19T10:23:36.761144626Z Connecting to redis
2026-06-19T10:23:51.915599015Z Waiting for redis
2026-06-19T10:23:52.915803378Z Connecting to redis
2026-06-19T10:24:08.074833794Z Waiting for redis
2026-06-19T10:24:09.075035234Z Connecting to redis
2026-06-19T10:24:24.229280655Z Waiting for redis
2026-06-19T10:24:25.229439626Z Connecting to redis
2026-06-19T10:24:40.386178835Z Waiting for redis
2026-06-19T10:24:41.386347820Z Connecting to redis
2026-06-19T10:24:56.541517198Z Waiting for redis
2026-06-19T10:24:57.541684830Z Connecting to redis
2026-06-19T10:26:02.705544640Z Processing vote for 'a' by '3b959b7d5a77074'
2026-06-19T10:26:04.377584207Z Processing vote for 'b' by '3b959b7d5a77074'
2026-06-19T10:26:05.904415084Z Processing vote for 'a' by '3b959b7d5a77074'
2026-06-19T10:29:54.344099817Z Processing vote for 'b' by '3b959b7d5a77074'
2026-06-19T10:43:06.046917496Z Processing vote for 'b' by '3b959b7d5a77074'
2026-06-19T10:43:08.587304636Z Processing vote for 'a' by '3b959b7d5a77074'
2026-06-19T10:43:10.416958657Z Processing vote for 'b' by '3b959b7d5a77074'
2026-06-19T10:44:26.448309275Z Processing vote for 'a' by '3b959b7d5a77074'
2026-06-19T10:44:27.972750363Z Processing vote for 'b' by '3b959b7d5a77074'
2026-06-19T10:44:29.902985107Z Processing vote for 'a' by '3b959b7d5a77074'
2026-06-19T10:44:32.948786292Z Processing vote for 'b' by '3b959b7d5a77074'
2026-06-19T10:44:34.776904903Z Processing vote for 'a' by '3b959b7d5a77074'
2026-06-19T10:46:17.551013937Z Processing vote for 'b' by '3b959b7d5a77074'
2026-06-19T11:28:21.362674640Z Processing vote for 'b' by '3b959b7d5a77074'
2026-06-19T11:28:23.698015242Z Processing vote for 'a' by '3b959b7d5a77074'
