2026-06-19T10:01:13.571586543Z 2026-06-19 10:01:13.571 UTC [81] ERROR:  duplicate key value violates unique constraint "votes_id_key"
2026-06-19T10:01:13.571633995Z 2026-06-19 10:01:13.571 UTC [81] DETAIL:  Key (id)=(3b959b7d5a77074) already exists.
2026-06-19T10:01:13.571639073Z 2026-06-19 10:01:13.571 UTC [81] STATEMENT:  INSERT INTO votes (id, vote) VALUES ($1, $2)
2026-06-19T10:01:14.592015417Z 2026-06-19 10:01:14.591 UTC [81] ERROR:  duplicate key value violates unique constraint "votes_id_key"
2026-06-19T10:01:14.592044951Z 2026-06-19 10:01:14.591 UTC [81] DETAIL:  Key (id)=(3b959b7d5a77074) already exists.
2026-06-19T10:01:14.592049152Z 2026-06-19 10:01:14.591 UTC [81] STATEMENT:  INSERT INTO votes (id, vote) VALUES ($1, $2)
2026-06-19T10:01:16.014681394Z 2026-06-19 10:01:16.014 UTC [81] ERROR:  duplicate key value violates unique constraint "votes_id_key"
2026-06-19T10:01:16.014725105Z 2026-06-19 10:01:16.014 UTC [81] DETAIL:  Key (id)=(3b959b7d5a77074) already exists.
2026-06-19T10:01:16.014731428Z 2026-06-19 10:01:16.014 UTC [81] STATEMENT:  INSERT INTO votes (id, vote) VALUES ($1, $2)
2026-06-19T10:01:17.743253819Z 2026-06-19 10:01:17.743 UTC [81] ERROR:  duplicate key value violates unique constraint "votes_id_key"
2026-06-19T10:01:17.743282698Z 2026-06-19 10:01:17.743 UTC [81] DETAIL:  Key (id)=(3b959b7d5a77074) already exists.
2026-06-19T10:01:17.743286254Z 2026-06-19 10:01:17.743 UTC [81] STATEMENT:  INSERT INTO votes (id, vote) VALUES ($1, $2)
2026-06-19T10:04:43.209909939Z 2026-06-19 10:04:43.209 UTC [53] LOG:  checkpoint starting: time
2026-06-19T10:04:43.631322083Z 2026-06-19 10:04:43.631 UTC [53] LOG:  checkpoint complete: wrote 5 buffers (0.0%); 0 WAL file(s) added, 0 removed, 0 recycled; write=0.403 s, sync=0.005 s, total=0.422 s; sync files=4, longest=0.004 s, average=0.002 s; distance=1 kB, estimate=358 kB
2026-06-19T10:04:49.585312939Z 2026-06-19 10:04:49.585 UTC [81] ERROR:  duplicate key value violates unique constraint "votes_id_key"
2026-06-19T10:04:49.585476256Z 2026-06-19 10:04:49.585 UTC [81] DETAIL:  Key (id)=(3b959b7d5a77074) already exists.
2026-06-19T10:04:49.585482689Z 2026-06-19 10:04:49.585 UTC [81] STATEMENT:  INSERT INTO votes (id, vote) VALUES ($1, $2)
2026-06-19T10:04:51.211159584Z 2026-06-19 10:04:51.210 UTC [81] ERROR:  duplicate key value violates unique constraint "votes_id_key"
2026-06-19T10:04:51.211192481Z 2026-06-19 10:04:51.210 UTC [81] DETAIL:  Key (id)=(3b959b7d5a77074) already exists.
2026-06-19T10:04:51.211196646Z 2026-06-19 10:04:51.210 UTC [81] STATEMENT:  INSERT INTO votes (id, vote) VALUES ($1, $2)
2026-06-19T10:04:52.432226071Z 2026-06-19 10:04:52.431 UTC [81] ERROR:  duplicate key value violates unique constraint "votes_id_key"
2026-06-19T10:04:52.432261267Z 2026-06-19 10:04:52.431 UTC [81] DETAIL:  Key (id)=(3b959b7d5a77074) already exists.
2026-06-19T10:04:52.432265315Z 2026-06-19 10:04:52.431 UTC [81] STATEMENT:  INSERT INTO votes (id, vote) VALUES ($1, $2)
2026-06-19T10:04:54.261932202Z 2026-06-19 10:04:54.261 UTC [81] ERROR:  duplicate key value violates unique constraint "votes_id_key"
2026-06-19T10:04:54.261969855Z 2026-06-19 10:04:54.261 UTC [81] DETAIL:  Key (id)=(3b959b7d5a77074) already exists.
2026-06-19T10:04:54.261974608Z 2026-06-19 10:04:54.261 UTC [81] STATEMENT:  INSERT INTO votes (id, vote) VALUES ($1, $2)
2026-06-19T10:05:12.625663203Z 2026-06-19 10:05:12.625 UTC [81] ERROR:  duplicate key value violates unique constraint "votes_id_key"
2026-06-19T10:05:12.625693623Z 2026-06-19 10:05:12.625 UTC [81] DETAIL:  Key (id)=(3b959b7d5a77074) already exists.
2026-06-19T10:05:12.625716083Z 2026-06-19 10:05:12.625 UTC [81] STATEMENT:  INSERT INTO votes (id, vote) VALUES ($1, $2)
2026-06-19T10:05:14.250303334Z 2026-06-19 10:05:14.250 UTC [81] ERROR:  duplicate key value violates unique constraint "votes_id_key"
2026-06-19T10:05:14.250333781Z 2026-06-19 10:05:14.250 UTC [81] DETAIL:  Key (id)=(3b959b7d5a77074) already exists.
2026-06-19T10:05:14.250338497Z 2026-06-19 10:05:14.250 UTC [81] STATEMENT:  INSERT INTO votes (id, vote) VALUES ($1, $2)
2026-06-19T10:05:16.179110144Z 2026-06-19 10:05:16.178 UTC [81] ERROR:  duplicate key value violates unique constraint "votes_id_key"
2026-06-19T10:05:16.179143460Z 2026-06-19 10:05:16.178 UTC [81] DETAIL:  Key (id)=(3b959b7d5a77074) already exists.
2026-06-19T10:05:16.179147463Z 2026-06-19 10:05:16.178 UTC [81] STATEMENT:  INSERT INTO votes (id, vote) VALUES ($1, $2)
2026-06-19T10:09:43.720868652Z 2026-06-19 10:09:43.720 UTC [53] LOG:  checkpoint starting: time
2026-06-19T10:09:43.838135045Z 2026-06-19 10:09:43.837 UTC [53] LOG:  checkpoint complete: wrote 2 buffers (0.0%); 0 WAL file(s) added, 0 removed, 0 recycled; write=0.103 s, sync=0.003 s, total=0.118 s; sync files=2, longest=0.002 s, average=0.002 s; distance=2 kB, estimate=322 kB
2026-06-19T10:26:02.718360857Z 2026-06-19 10:26:02.718 UTC [254] ERROR:  duplicate key value violates unique constraint "votes_id_key"
2026-06-19T10:26:02.718381042Z 2026-06-19 10:26:02.718 UTC [254] DETAIL:  Key (id)=(3b959b7d5a77074) already exists.
2026-06-19T10:26:02.718385803Z 2026-06-19 10:26:02.718 UTC [254] STATEMENT:  INSERT INTO votes (id, vote) VALUES ($1, $2)
2026-06-19T10:26:04.378470001Z 2026-06-19 10:26:04.378 UTC [254] ERROR:  duplicate key value violates unique constraint "votes_id_key"
2026-06-19T10:26:04.378500068Z 2026-06-19 10:26:04.378 UTC [254] DETAIL:  Key (id)=(3b959b7d5a77074) already exists.
2026-06-19T10:26:04.378504655Z 2026-06-19 10:26:04.378 UTC [254] STATEMENT:  INSERT INTO votes (id, vote) VALUES ($1, $2)
2026-06-19T10:26:05.905110755Z 2026-06-19 10:26:05.904 UTC [254] ERROR:  duplicate key value violates unique constraint "votes_id_key"
2026-06-19T10:26:05.905137033Z 2026-06-19 10:26:05.904 UTC [254] DETAIL:  Key (id)=(3b959b7d5a77074) already exists.
2026-06-19T10:26:05.905140303Z 2026-06-19 10:26:05.904 UTC [254] STATEMENT:  INSERT INTO votes (id, vote) VALUES ($1, $2)
2026-06-19T10:29:44.216603622Z 2026-06-19 10:29:44.216 UTC [53] LOG:  checkpoint starting: time
2026-06-19T10:29:44.333976878Z 2026-06-19 10:29:44.333 UTC [53] LOG:  checkpoint complete: wrote 2 buffers (0.0%); 0 WAL file(s) added, 0 removed, 0 recycled; write=0.103 s, sync=0.004 s, total=0.118 s; sync files=2, longest=0.002 s, average=0.002 s; distance=2 kB, estimate=290 kB
2026-06-19T10:29:54.344516523Z 2026-06-19 10:29:54.344 UTC [254] ERROR:  duplicate key value violates unique constraint "votes_id_key"
2026-06-19T10:29:54.344549395Z 2026-06-19 10:29:54.344 UTC [254] DETAIL:  Key (id)=(3b959b7d5a77074) already exists.
2026-06-19T10:29:54.344554205Z 2026-06-19 10:29:54.344 UTC [254] STATEMENT:  INSERT INTO votes (id, vote) VALUES ($1, $2)
2026-06-19T10:34:44.431091373Z 2026-06-19 10:34:44.430 UTC [53] LOG:  checkpoint starting: time
2026-06-19T10:34:44.547581056Z 2026-06-19 10:34:44.547 UTC [53] LOG:  checkpoint complete: wrote 2 buffers (0.0%); 0 WAL file(s) added, 0 removed, 0 recycled; write=0.103 s, sync=0.003 s, total=0.117 s; sync files=2, longest=0.002 s, average=0.002 s; distance=2 kB, estimate=261 kB
2026-06-19T10:43:06.047295296Z 2026-06-19 10:43:06.047 UTC [254] ERROR:  duplicate key value violates unique constraint "votes_id_key"
2026-06-19T10:43:06.047316148Z 2026-06-19 10:43:06.047 UTC [254] DETAIL:  Key (id)=(3b959b7d5a77074) already exists.
2026-06-19T10:43:06.047320205Z 2026-06-19 10:43:06.047 UTC [254] STATEMENT:  INSERT INTO votes (id, vote) VALUES ($1, $2)
2026-06-19T10:43:08.587671728Z 2026-06-19 10:43:08.587 UTC [254] ERROR:  duplicate key value violates unique constraint "votes_id_key"
2026-06-19T10:43:08.587722353Z 2026-06-19 10:43:08.587 UTC [254] DETAIL:  Key (id)=(3b959b7d5a77074) already exists.
2026-06-19T10:43:08.587728409Z 2026-06-19 10:43:08.587 UTC [254] STATEMENT:  INSERT INTO votes (id, vote) VALUES ($1, $2)
2026-06-19T10:43:10.417272912Z 2026-06-19 10:43:10.417 UTC [254] ERROR:  duplicate key value violates unique constraint "votes_id_key"
2026-06-19T10:43:10.417306505Z 2026-06-19 10:43:10.417 UTC [254] DETAIL:  Key (id)=(3b959b7d5a77074) already exists.
2026-06-19T10:43:10.417311517Z 2026-06-19 10:43:10.417 UTC [254] STATEMENT:  INSERT INTO votes (id, vote) VALUES ($1, $2)
2026-06-19T10:44:26.448633235Z 2026-06-19 10:44:26.448 UTC [254] ERROR:  duplicate key value violates unique constraint "votes_id_key"
2026-06-19T10:44:26.448679994Z 2026-06-19 10:44:26.448 UTC [254] DETAIL:  Key (id)=(3b959b7d5a77074) already exists.
2026-06-19T10:44:26.448724256Z 2026-06-19 10:44:26.448 UTC [254] STATEMENT:  INSERT INTO votes (id, vote) VALUES ($1, $2)
2026-06-19T10:44:27.973584038Z 2026-06-19 10:44:27.973 UTC [254] ERROR:  duplicate key value violates unique constraint "votes_id_key"
2026-06-19T10:44:27.973610805Z 2026-06-19 10:44:27.973 UTC [254] DETAIL:  Key (id)=(3b959b7d5a77074) already exists.
2026-06-19T10:44:27.973613868Z 2026-06-19 10:44:27.973 UTC [254] STATEMENT:  INSERT INTO votes (id, vote) VALUES ($1, $2)
2026-06-19T10:44:29.903318265Z 2026-06-19 10:44:29.903 UTC [254] ERROR:  duplicate key value violates unique constraint "votes_id_key"
2026-06-19T10:44:29.903355123Z 2026-06-19 10:44:29.903 UTC [254] DETAIL:  Key (id)=(3b959b7d5a77074) already exists.
2026-06-19T10:44:29.903358948Z 2026-06-19 10:44:29.903 UTC [254] STATEMENT:  INSERT INTO votes (id, vote) VALUES ($1, $2)
2026-06-19T10:44:32.949079268Z 2026-06-19 10:44:32.948 UTC [254] ERROR:  duplicate key value violates unique constraint "votes_id_key"
2026-06-19T10:44:32.949108081Z 2026-06-19 10:44:32.948 UTC [254] DETAIL:  Key (id)=(3b959b7d5a77074) already exists.
2026-06-19T10:44:32.949111444Z 2026-06-19 10:44:32.948 UTC [254] STATEMENT:  INSERT INTO votes (id, vote) VALUES ($1, $2)
2026-06-19T10:44:34.777316857Z 2026-06-19 10:44:34.777 UTC [254] ERROR:  duplicate key value violates unique constraint "votes_id_key"
2026-06-19T10:44:34.777454855Z 2026-06-19 10:44:34.777 UTC [254] DETAIL:  Key (id)=(3b959b7d5a77074) already exists.
2026-06-19T10:44:34.777461207Z 2026-06-19 10:44:34.777 UTC [254] STATEMENT:  INSERT INTO votes (id, vote) VALUES ($1, $2)
2026-06-19T10:44:44.745509361Z 2026-06-19 10:44:44.745 UTC [53] LOG:  checkpoint starting: time
2026-06-19T10:44:44.864142738Z 2026-06-19 10:44:44.864 UTC [53] LOG:  checkpoint complete: wrote 2 buffers (0.0%); 0 WAL file(s) added, 0 removed, 0 recycled; write=0.103 s, sync=0.004 s, total=0.119 s; sync files=2, longest=0.003 s, average=0.002 s; distance=3 kB, estimate=236 kB
2026-06-19T10:46:17.551511478Z 2026-06-19 10:46:17.551 UTC [254] ERROR:  duplicate key value violates unique constraint "votes_id_key"
2026-06-19T10:46:17.551553504Z 2026-06-19 10:46:17.551 UTC [254] DETAIL:  Key (id)=(3b959b7d5a77074) already exists.
2026-06-19T10:46:17.551558749Z 2026-06-19 10:46:17.551 UTC [254] STATEMENT:  INSERT INTO votes (id, vote) VALUES ($1, $2)
2026-06-19T10:49:44.949774164Z 2026-06-19 10:49:44.949 UTC [53] LOG:  checkpoint starting: time
2026-06-19T10:49:45.067213725Z 2026-06-19 10:49:45.067 UTC [53] LOG:  checkpoint complete: wrote 2 buffers (0.0%); 0 WAL file(s) added, 0 removed, 0 recycled; write=0.103 s, sync=0.003 s, total=0.118 s; sync files=2, longest=0.002 s, average=0.002 s; distance=2 kB, estimate=212 kB
2026-06-19T11:28:21.363170157Z 2026-06-19 11:28:21.362 UTC [254] ERROR:  duplicate key value violates unique constraint "votes_id_key"
2026-06-19T11:28:21.363191748Z 2026-06-19 11:28:21.362 UTC [254] DETAIL:  Key (id)=(3b959b7d5a77074) already exists.
2026-06-19T11:28:21.363194552Z 2026-06-19 11:28:21.362 UTC [254] STATEMENT:  INSERT INTO votes (id, vote) VALUES ($1, $2)
2026-06-19T11:28:23.698180260Z 2026-06-19 11:28:23.698 UTC [254] ERROR:  duplicate key value violates unique constraint "votes_id_key"
2026-06-19T11:28:23.698211870Z 2026-06-19 11:28:23.698 UTC [254] DETAIL:  Key (id)=(3b959b7d5a77074) already exists.
2026-06-19T11:28:23.698216928Z 2026-06-19 11:28:23.698 UTC [254] STATEMENT:  INSERT INTO votes (id, vote) VALUES ($1, $2)
2026-06-19T11:29:44.818192010Z 2026-06-19 11:29:44.818 UTC [53] LOG:  checkpoint starting: time
2026-06-19T11:29:45.438109886Z 2026-06-19 11:29:45.437 UTC [53] LOG:  checkpoint complete: wrote 7 buffers (0.0%); 0 WAL file(s) added, 0 removed, 0 recycled; write=0.604 s, sync=0.005 s, total=0.620 s; sync files=5, longest=0.004 s, average=0.001 s; distance=13 kB, estimate=192 kB
