2026-06-19T10:24:57.247825429Z Starting Redis Server
2026-06-19T10:24:57.255198003Z 1:C 19 Jun 2026 10:24:57.255 * oO0OoO0OoO0Oo Redis is starting oO0OoO0OoO0Oo
2026-06-19T10:24:57.255221134Z 1:C 19 Jun 2026 10:24:57.255 * Redis version=8.8.0, bits=64, commit=00000000, modified=1, pid=1, just started
2026-06-19T10:24:57.255225980Z 1:C 19 Jun 2026 10:24:57.255 * Configuration loaded
2026-06-19T10:24:57.255615264Z 1:M 19 Jun 2026 10:24:57.255 * monotonic clock: POSIX clock_gettime
2026-06-19T10:24:57.256748252Z 1:M 19 Jun 2026 10:24:57.256 * Running mode=standalone, port=6379.
2026-06-19T10:24:57.257297936Z 1:M 19 Jun 2026 10:24:57.257 * <bf> RedisBloom version 8.8.0 (Git=unknown)
2026-06-19T10:24:57.257304069Z 1:M 19 Jun 2026 10:24:57.257 * <bf> Registering configuration options: [
2026-06-19T10:24:57.257307056Z 1:M 19 Jun 2026 10:24:57.257 * <bf> 	{ bf-error-rate       :      0.01 }
2026-06-19T10:24:57.257312935Z 1:M 19 Jun 2026 10:24:57.257 * <bf> 	{ bf-initial-size     :       100 }
2026-06-19T10:24:57.257315850Z 1:M 19 Jun 2026 10:24:57.257 * <bf> 	{ bf-expansion-factor :         2 }
2026-06-19T10:24:57.257389328Z 1:M 19 Jun 2026 10:24:57.257 * <bf> 	{ cf-bucket-size      :         2 }
2026-06-19T10:24:57.257392729Z 1:M 19 Jun 2026 10:24:57.257 * <bf> 	{ cf-initial-size     :      1024 }
2026-06-19T10:24:57.257395345Z 1:M 19 Jun 2026 10:24:57.257 * <bf> 	{ cf-max-iterations   :        20 }
2026-06-19T10:24:57.257397708Z 1:M 19 Jun 2026 10:24:57.257 * <bf> 	{ cf-expansion-factor :         1 }
2026-06-19T10:24:57.257400140Z 1:M 19 Jun 2026 10:24:57.257 * <bf> 	{ cf-max-expansions   :        32 }
2026-06-19T10:24:57.257403096Z 1:M 19 Jun 2026 10:24:57.257 * <bf> ]
2026-06-19T10:24:57.257758532Z 1:M 19 Jun 2026 10:24:57.257 * Module 'bf' loaded from /usr/local/lib/redis/modules//redisbloom.so
2026-06-19T10:24:57.262487195Z 1:M 19 Jun 2026 10:24:57.262 * <search> search-workers default: 2 (min of MAX_WORKER_THREADS=16 and CPU cores)
2026-06-19T10:24:57.262590960Z 1:M 19 Jun 2026 10:24:57.262 * <search> Redis version found by RedisSearch : 8.8.0 - oss
2026-06-19T10:24:57.262595790Z 1:M 19 Jun 2026 10:24:57.262 * <search> RediSearch version 8.8.0 (Git=d2ae026)
2026-06-19T10:24:57.262663770Z 1:M 19 Jun 2026 10:24:57.262 * <search> Low level api version 1 initialized successfully
2026-06-19T10:24:57.262667672Z 1:M 19 Jun 2026 10:24:57.262 * <search> gc: ON, prefix min length: 2, min word length to stem: 4, prefix max expansions: 200, query timeout (ms): 500, timeout policy: return, oom policy: return, cursor read size: 1000, cursor max idle (ms): 300000, max doctable size: 1000000, max number of search results:  1000000, default scorer: BM25STD, 
2026-06-19T10:24:57.262671854Z 1:M 19 Jun 2026 10:24:57.262 * <search> Initialized thread pools!
2026-06-19T10:24:57.262677450Z 1:M 19 Jun 2026 10:24:57.262 * <search> Enabled workers threadpool of size 2
2026-06-19T10:24:57.263861788Z 1:M 19 Jun 2026 10:24:57.263 * <search> Subscribe to config changes
2026-06-19T10:24:57.263869518Z 1:M 19 Jun 2026 10:24:57.263 * <search> Subscribe to cluster slot migration events
2026-06-19T10:24:57.263872178Z 1:M 19 Jun 2026 10:24:57.263 * <search> Enabled role change notification
2026-06-19T10:24:57.264446468Z 1:M 19 Jun 2026 10:24:57.264 * <search> Cluster configuration: AUTO partitions, type: 0, coordinator timeout: 0ms
2026-06-19T10:24:57.265078804Z 1:M 19 Jun 2026 10:24:57.265 * Module 'search' loaded from /usr/local/lib/redis/modules//redisearch.so
2026-06-19T10:24:57.266761549Z 1:M 19 Jun 2026 10:24:57.265 * <timeseries> RedisTimeSeries version 80800, git_sha=42ca4f1078fca732b7f9256adbf25914d67e1cc9
2026-06-19T10:24:57.266772726Z 1:M 19 Jun 2026 10:24:57.265 * <timeseries> Redis version found by RedisTimeSeries : 8.8.0 - oss
2026-06-19T10:24:57.266775881Z 1:M 19 Jun 2026 10:24:57.265 * <timeseries> Registering configuration options: [
2026-06-19T10:24:57.266792219Z 1:M 19 Jun 2026 10:24:57.265 * <timeseries> 	{ ts-compaction-policy   :              }
2026-06-19T10:24:57.266795137Z 1:M 19 Jun 2026 10:24:57.265 * <timeseries> 	{ ts-num-threads         :            3 }
2026-06-19T10:24:57.266797661Z 1:M 19 Jun 2026 10:24:57.265 * <timeseries> 	{ ts-libmr-protocol      :     INTERNAL }
2026-06-19T10:24:57.266799810Z 1:M 19 Jun 2026 10:24:57.266 * <timeseries> 	{ ts-retention-policy    :            0 }
2026-06-19T10:24:57.266812474Z 1:M 19 Jun 2026 10:24:57.266 * <timeseries> 	{ ts-duplicate-policy    :        block }
2026-06-19T10:24:57.266814951Z 1:M 19 Jun 2026 10:24:57.266 * <timeseries> 	{ ts-chunk-size-bytes    :         4096 }
2026-06-19T10:24:57.266817550Z 1:M 19 Jun 2026 10:24:57.266 * <timeseries> 	{ ts-encoding            :   compressed }
2026-06-19T10:24:57.266820326Z 1:M 19 Jun 2026 10:24:57.266 * <timeseries> 	{ ts-ignore-max-time-diff:            0 }
2026-06-19T10:24:57.266823072Z 1:M 19 Jun 2026 10:24:57.266 * <timeseries> 	{ ts-ignore-max-val-diff :     0.000000 }
2026-06-19T10:24:57.266826171Z 1:M 19 Jun 2026 10:24:57.266 * <timeseries> ]
2026-06-19T10:24:57.266828663Z 1:M 19 Jun 2026 10:24:57.266 * <timeseries> Detected redis oss
2026-06-19T10:24:57.266837250Z 1:M 19 Jun 2026 10:24:57.266 * <timeseries> Subscribe to ASM events
2026-06-19T10:24:57.266839839Z 1:M 19 Jun 2026 10:24:57.266 * <timeseries> Enabled diskless replication
2026-06-19T10:24:57.266852104Z 1:M 19 Jun 2026 10:24:57.266 * Module 'timeseries' loaded from /usr/local/lib/redis/modules//redistimeseries.so
2026-06-19T10:24:57.267944327Z 1:M 19 Jun 2026 10:24:57.267 * <ReJSON> Created new data type 'ReJSON-RL'
2026-06-19T10:24:57.268362434Z 1:M 19 Jun 2026 10:24:57.268 * <ReJSON> version: 80800 git sha: unknown branch: unknown
2026-06-19T10:24:57.268373703Z 1:M 19 Jun 2026 10:24:57.268 * <ReJSON> Exported RedisJSON_V1 API
2026-06-19T10:24:57.268467010Z 1:M 19 Jun 2026 10:24:57.268 * <ReJSON> Exported RedisJSON_V2 API
2026-06-19T10:24:57.268471497Z 1:M 19 Jun 2026 10:24:57.268 * <ReJSON> Exported RedisJSON_V3 API
2026-06-19T10:24:57.268478458Z 1:M 19 Jun 2026 10:24:57.268 * <ReJSON> Exported RedisJSON_V4 API
2026-06-19T10:24:57.268570228Z 1:M 19 Jun 2026 10:24:57.268 * <ReJSON> Exported RedisJSON_V5 API
2026-06-19T10:24:57.268577739Z 1:M 19 Jun 2026 10:24:57.268 * <ReJSON> Exported RedisJSON_V6 API
2026-06-19T10:24:57.268631828Z 1:M 19 Jun 2026 10:24:57.268 * <ReJSON> Exported RedisJSON_V7 API
2026-06-19T10:24:57.268662851Z 1:M 19 Jun 2026 10:24:57.268 * <ReJSON> Enabled diskless replication
2026-06-19T10:24:57.268737366Z 1:M 19 Jun 2026 10:24:57.268 * <ReJSON> Initialized shared string cache, thread safe: true.
2026-06-19T10:24:57.268750355Z 1:M 19 Jun 2026 10:24:57.268 * Module 'ReJSON' loaded from /usr/local/lib/redis/modules//rejson.so
2026-06-19T10:24:57.268805831Z 1:M 19 Jun 2026 10:24:57.268 * <search> Acquired RedisJSON_V7 API
2026-06-19T10:24:57.269151415Z 1:M 19 Jun 2026 10:24:57.269 * Server initialized
2026-06-19T10:24:57.269269793Z 1:M 19 Jun 2026 10:24:57.269 * Ready to accept connections tcp
2026-06-19T10:24:57.269314121Z 1:M 19 Jun 2026 10:24:57.269 # WARNING: Redis does not require authentication and is not protected by network restrictions. Redis will accept connections from any IP address on any network interface.
2026-06-19T11:24:58.090122233Z 1:M 19 Jun 2026 11:24:58.089 * 1 changes in 3600 seconds. Saving...
2026-06-19T11:24:58.090742600Z 1:M 19 Jun 2026 11:24:58.090 * Background saving started by pid 32
2026-06-19T11:24:58.091042847Z 32:C 19 Jun 2026 11:24:58.090 * BGSAVE done, 0 keys saved, 0 keys skipped, 88 bytes written.
2026-06-19T11:24:58.096388430Z 32:C 19 Jun 2026 11:24:58.096 * DB saved on disk
2026-06-19T11:24:58.097136614Z 32:C 19 Jun 2026 11:24:58.097 * Fork CoW for RDB: current 0 MB, peak 0 MB, average 0 MB
2026-06-19T11:24:58.191564272Z 1:M 19 Jun 2026 11:24:58.191 * Background saving terminated with success
2026-06-19T12:24:59.032104370Z 1:M 19 Jun 2026 12:24:59.031 * 1 changes in 3600 seconds. Saving...
2026-06-19T12:24:59.032731049Z 1:M 19 Jun 2026 12:24:59.032 * Background saving started by pid 33
2026-06-19T12:24:59.033078352Z 33:C 19 Jun 2026 12:24:59.032 * BGSAVE done, 0 keys saved, 0 keys skipped, 88 bytes written.
2026-06-19T12:24:59.039726029Z 33:C 19 Jun 2026 12:24:59.039 * DB saved on disk
2026-06-19T12:24:59.040460456Z 33:C 19 Jun 2026 12:24:59.040 * Fork CoW for RDB: current 0 MB, peak 0 MB, average 0 MB
2026-06-19T12:24:59.133543223Z 1:M 19 Jun 2026 12:24:59.133 * Background saving terminated with success
