2026-06-19T12:47:07.442257221Z 2026-06-19T12:47:07.439921Z  INFO vector::app: Log level is enabled. level="info"
2026-06-19T12:47:07.445793445Z 2026-06-19T12:47:07.444759Z  INFO vector::app: Loading configs. paths=["/etc/vector"]
2026-06-19T12:47:07.473288721Z 2026-06-19T12:47:07.471468Z  INFO source{component_kind="source" component_id=kubernetes_logs component_type=kubernetes_logs}: vector::sources::kubernetes_logs: Obtained Kubernetes Node name to collect logs for (self). self_node_name="i-0d94ada325e8491c5"
2026-06-19T12:47:07.670293084Z 2026-06-19T12:47:07.670166Z  INFO source{component_kind="source" component_id=kubernetes_logs component_type=kubernetes_logs}: vector::sources::kubernetes_logs: Including matching files. ret=["**/*"]
2026-06-19T12:47:07.670309536Z 2026-06-19T12:47:07.670205Z  INFO source{component_kind="source" component_id=kubernetes_logs component_type=kubernetes_logs}: vector::sources::kubernetes_logs: Excluding matching files. ret=["**/*.gz", "**/*.tmp"]
2026-06-19T12:47:07.983943618Z 2026-06-19T12:47:07.983838Z  INFO vector::topology::running: Running healthchecks.
2026-06-19T12:47:07.984089978Z 2026-06-19T12:47:07.984041Z  INFO vector::topology::builder: Healthcheck disabled.
2026-06-19T12:47:07.984547922Z 2026-06-19T12:47:07.984476Z  INFO vector: Vector has started. debug="false" version="0.39.0" arch="x86_64" revision="73da9bb 2024-06-17 16:00:23.791735272"
2026-06-19T12:47:07.984897647Z 2026-06-19T12:47:07.984568Z  INFO vector::app: API is disabled, enable by setting `api.enabled` to `true` and use commands like `vector top`.
2026-06-19T12:47:07.985873274Z 2026-06-19T12:47:07.985662Z  INFO source{component_kind="source" component_id=kubernetes_logs component_type=kubernetes_logs}:file_server: file_source::checkpointer: Loaded checkpoint data.
2026-06-19T12:48:09.546884003Z 2026-06-19T12:48:09.546703Z  INFO source{component_kind="source" component_id=kubernetes_logs component_type=kubernetes_logs}:file_server: vector::internal_events::file::source: Found new file to watch. file=/var/log/pods/kubentic-foresight_kubentic-victoria-metrics-operator-5f96779cb6-qjkx7_d52c75a8-65c4-406c-9a26-dd894b60054b/operator/0.log
2026-06-19T12:48:09.546914037Z 2026-06-19T12:48:09.546790Z  INFO source{component_kind="source" component_id=kubernetes_logs component_type=kubernetes_logs}:file_server: vector::internal_events::file::source: Resuming to watch file. file=/var/log/pods/kube-system_coredns-5f977fddbc-gq9vj_16e6031a-1b9b-4370-9116-bfedbe3ad562/coredns/0.log file_position=484
2026-06-19T12:48:09.547068390Z 2026-06-19T12:48:09.546979Z  INFO source{component_kind="source" component_id=kubernetes_logs component_type=kubernetes_logs}:file_server: vector::internal_events::file::source: Found new file to watch. file=/var/log/pods/kubentic-foresight_kubentic-vector-pcs5f_88b95c5d-0674-4432-9cb8-11f6e8233aea/vector/0.log
2026-06-19T12:48:09.547161990Z 2026-06-19T12:48:09.547078Z  INFO source{component_kind="source" component_id=kubernetes_logs component_type=kubernetes_logs}:file_server: vector::internal_events::file::source: Resuming to watch file. file=/var/log/pods/voting_worker-d4d849f76-nnb9z_ab00ca2b-15c7-481b-af3b-ebcae269656d/worker/0.log file_position=5578
2026-06-19T12:48:09.547250195Z 2026-06-19T12:48:09.547200Z  INFO source{component_kind="source" component_id=kubernetes_logs component_type=kubernetes_logs}:file_server: vector::internal_events::file::source: Found new file to watch. file=/var/log/pods/kubentic-foresight_kubentic-grafana-7bbf74d8d-svxft_1d97de50-9c0e-404b-ba7d-b2c4786d2ad2/grafana/0.log
2026-06-19T12:48:09.547331939Z 2026-06-19T12:48:09.547287Z  INFO source{component_kind="source" component_id=kubernetes_logs component_type=kubernetes_logs}:file_server: vector::internal_events::file::source: Found new file to watch. file=/var/log/pods/kubentic-foresight_kubentic-grafana-7bbf74d8d-svxft_1d97de50-9c0e-404b-ba7d-b2c4786d2ad2/grafana-sc-dashboard/0.log
2026-06-19T12:48:09.547427486Z 2026-06-19T12:48:09.547360Z  INFO source{component_kind="source" component_id=kubernetes_logs component_type=kubernetes_logs}:file_server: vector::internal_events::file::source: Found new file to watch. file=/var/log/pods/kubentic-foresight_kubentic-grafana-7bbf74d8d-svxft_1d97de50-9c0e-404b-ba7d-b2c4786d2ad2/grafana-sc-datasources/0.log
2026-06-19T12:48:09.547546805Z 2026-06-19T12:48:09.547436Z  INFO source{component_kind="source" component_id=kubernetes_logs component_type=kubernetes_logs}:file_server: vector::internal_events::file::source: Found new file to watch. file=/var/log/pods/kubentic-foresight_kubentic-prometheus-node-exporter-xxtgb_e804573c-ce69-4293-bb21-1f724e5a86cf/node-exporter/0.log
2026-06-19T12:48:09.547626328Z 2026-06-19T12:48:09.547526Z  INFO source{component_kind="source" component_id=kubernetes_logs component_type=kubernetes_logs}:file_server: vector::internal_events::file::source: Resuming to watch file. file=/var/log/pods/kube-system_ebs-csi-node-95znb_81d03605-df6a-4e60-b509-6240a7bab643/ebs-plugin/0.log file_position=187587
2026-06-19T12:48:09.547630949Z 2026-06-19T12:48:09.547574Z  INFO source{component_kind="source" component_id=kubernetes_logs component_type=kubernetes_logs}:file_server: vector::internal_events::file::source: Resuming to watch file. file=/var/log/pods/kube-system_ebs-csi-node-95znb_81d03605-df6a-4e60-b509-6240a7bab643/liveness-probe/0.log file_position=381
2026-06-19T12:48:09.547695107Z 2026-06-19T12:48:09.547629Z  INFO source{component_kind="source" component_id=kubernetes_logs component_type=kubernetes_logs}:file_server: vector::internal_events::file::source: Resuming to watch file. file=/var/log/pods/kube-system_ebs-csi-node-95znb_81d03605-df6a-4e60-b509-6240a7bab643/node-driver-registrar/0.log file_position=1894
2026-06-19T12:48:09.547706225Z 2026-06-19T12:48:09.547682Z  INFO source{component_kind="source" component_id=kubernetes_logs component_type=kubernetes_logs}:file_server: vector::internal_events::file::source: Found new file to watch. file=/var/log/pods/kubentic-foresight_vmsingle-vmstack-6fd779f668-5d8gm_e29159e7-60f8-43d4-a389-7dc9aa5b7e2e/vmsingle/0.log
2026-06-19T12:48:09.547797108Z 2026-06-19T12:48:09.547751Z  INFO source{component_kind="source" component_id=kubernetes_logs component_type=kubernetes_logs}:file_server: vector::internal_events::file::source: Resuming to watch file. file=/var/log/pods/kube-system_cilium-v2sbt_52fede58-9cab-4981-b5ef-2f9f8a11c6b8/apply-sysctl-overwrites/0.log file_position=157
2026-06-19T12:48:09.547867255Z 2026-06-19T12:48:09.547829Z  INFO source{component_kind="source" component_id=kubernetes_logs component_type=kubernetes_logs}:file_server: vector::internal_events::file::source: Resuming to watch file. file=/var/log/pods/kube-system_cilium-v2sbt_52fede58-9cab-4981-b5ef-2f9f8a11c6b8/cilium-agent/0.log file_position=339075
2026-06-19T12:48:09.547940504Z 2026-06-19T12:48:09.547881Z  WARN source{component_kind="source" component_id=kubernetes_logs component_type=kubernetes_logs}:file_server: vector::internal_events::file::source: Currently ignoring file too small to fingerprint. file=/var/log/pods/kube-system_cilium-v2sbt_52fede58-9cab-4981-b5ef-2f9f8a11c6b8/clean-cilium-state/0.log
2026-06-19T12:48:09.548091488Z 2026-06-19T12:48:09.547980Z  INFO source{component_kind="source" component_id=kubernetes_logs component_type=kubernetes_logs}:file_server: vector::internal_events::file::source: Resuming to watch file. file=/var/log/pods/kube-system_cilium-v2sbt_52fede58-9cab-4981-b5ef-2f9f8a11c6b8/config/0.log file_position=2213
2026-06-19T12:48:09.548167026Z 2026-06-19T12:48:09.548066Z  INFO source{component_kind="source" component_id=kubernetes_logs component_type=kubernetes_logs}:file_server: vector::internal_events::file::source: Resuming to watch file. file=/var/log/pods/kube-system_cilium-v2sbt_52fede58-9cab-4981-b5ef-2f9f8a11c6b8/install-cni-binaries/0.log file_position=339
2026-06-19T12:48:09.548193453Z 2026-06-19T12:48:09.548128Z  INFO source{component_kind="source" component_id=kubernetes_logs component_type=kubernetes_logs}:file_server: vector::internal_events::file::source: Resuming to watch file. file=/var/log/pods/kube-system_cilium-v2sbt_52fede58-9cab-4981-b5ef-2f9f8a11c6b8/mount-bpf-fs/0.log file_position=91
2026-06-19T12:48:09.548319751Z 2026-06-19T12:48:09.548216Z  INFO source{component_kind="source" component_id=kubernetes_logs component_type=kubernetes_logs}:file_server: vector::internal_events::file::source: Resuming to watch file. file=/var/log/pods/kube-system_cilium-v2sbt_52fede58-9cab-4981-b5ef-2f9f8a11c6b8/mount-cgroup/0.log file_position=151
2026-06-19T12:48:09.548391779Z 2026-06-19T12:48:09.548324Z  INFO source{component_kind="source" component_id=kubernetes_logs component_type=kubernetes_logs}:file_server: vector::internal_events::file::source: Found new file to watch. file=/var/log/pods/kubentic-foresight_kubentic-operator-6f8fdb4795-tqxpt_d1e03a95-1c07-406c-be57-72a7bd1ff9e9/manager/0.log
