2026-06-19T12:47:18.543989193Z {"time": "2026-06-19T12:47:18.543569+00:00", "level": "INFO", "msg": "Starting collector"}
2026-06-19T12:47:18.545357312Z {"time": "2026-06-19T12:47:18.545053+00:00", "level": "INFO", "msg": "No folder annotation was provided, defaulting to k8s-sidecar-target-directory"}
2026-06-19T12:47:18.545706357Z Exception in thread Thread-1 (run):
2026-06-19T12:47:18.547822866Z {"time": "2026-06-19T12:47:18.547592+00:00", "level": "INFO", "msg": "Loading incluster config..."}
2026-06-19T12:47:18.549133783Z {"time": "2026-06-19T12:47:18.548907+00:00", "level": "INFO", "msg": "Unique filenames will not be enforced."}
2026-06-19T12:47:18.549432842Z {"time": "2026-06-19T12:47:18.549209+00:00", "level": "INFO", "msg": "5xx response content will not be enabled."}
2026-06-19T12:47:18.550350669Z Traceback (most recent call last):
2026-06-19T12:47:18.552291699Z {"time": "2026-06-19T12:47:18.552072+00:00", "level": "INFO", "msg": "Performing initial list-based sync before starting watch."}
2026-06-19T12:47:18.552606196Z {"time": "2026-06-19T12:47:18.552380+00:00", "level": "INFO", "msg": "Loading incluster config..."}
2026-06-19T12:47:18.553661794Z   File "/usr/local/lib/python3.14/threading.py", line 1082, in _bootstrap_inner
2026-06-19T12:47:18.553672387Z     self._context.run(self.run)
2026-06-19T12:47:18.553675374Z     ~~~~~~~~~~~~~~~~~^^^^^^^^^^
2026-06-19T12:47:18.554530163Z   File "/usr/local/lib/python3.14/threading.py", line 1024, in run
2026-06-19T12:47:18.554540673Z     self._target(*self._args, **self._kwargs)
2026-06-19T12:47:18.554543437Z     ~~~~~~~~~~~~^^^^^^^^^^^^^^^^^^^^^^^^^^^^^
2026-06-19T12:47:18.554711407Z   File "/app/.venv/lib/python3.14/site-packages/healthz.py", line 133, in run
2026-06-19T12:47:18.554716569Z     server = ThreadingHTTPServer(("", health_port), HealthHandler)
2026-06-19T12:47:18.554718906Z   File "/usr/local/lib/python3.14/socketserver.py", line 457, in __init__
2026-06-19T12:47:18.554721562Z     self.server_bind()
2026-06-19T12:47:18.554724034Z     ~~~~~~~~~~~~~~~~^^
2026-06-19T12:47:18.555122466Z   File "/usr/local/lib/python3.14/http/server.py", line 148, in server_bind
2026-06-19T12:47:18.555128500Z     socketserver.TCPServer.server_bind(self)
2026-06-19T12:47:18.555131359Z     ~~~~~~~~~~~~~~~~~~~~~~~~~~~~~~~~~~^^^^^^
2026-06-19T12:47:18.555217207Z   File "/usr/local/lib/python3.14/socketserver.py", line 478, in server_bind
2026-06-19T12:47:18.555221653Z     self.socket.bind(self.server_address)
2026-06-19T12:47:18.555224010Z     ~~~~~~~~~~~~~~~~^^^^^^^^^^^^^^^^^^^^^
2026-06-19T12:47:18.555369768Z OSError: [Errno 98] Address in use
2026-06-19T12:47:18.555683878Z {"time": "2026-06-19T12:47:18.554246+00:00", "level": "INFO", "msg": "Performing list-based sync on secret resources: {'namespace': 'kubentic-foresight'}"}
2026-06-19T12:47:18.572278511Z {"time": "2026-06-19T12:47:18.571889+00:00", "level": "INFO", "msg": "Loading incluster config..."}
2026-06-19T12:47:18.573590904Z {"time": "2026-06-19T12:47:18.573328+00:00", "level": "INFO", "msg": "Performing list-based sync on configmap resources: {'namespace': 'kubentic-foresight'}"}
2026-06-19T12:47:18.615629888Z {"time": "2026-06-19T12:47:18.613677+00:00", "level": "INFO", "msg": "Writing /var/lib/grafana/dashboards/default/grafana-overview.json (ascii)"}
2026-06-19T12:47:18.615646161Z {"time": "2026-06-19T12:47:18.615142+00:00", "level": "INFO", "msg": "Writing /var/lib/grafana/dashboards/default/kubernetes-kubelet.json (ascii)"}
2026-06-19T12:47:18.616992291Z {"time": "2026-06-19T12:47:18.616735+00:00", "level": "INFO", "msg": "Writing /var/lib/grafana/dashboards/default/kubernetes-system-coredns.json (ascii)"}
2026-06-19T12:47:18.618594572Z {"time": "2026-06-19T12:47:18.618336+00:00", "level": "INFO", "msg": "Writing /var/lib/grafana/dashboards/default/kubernetes-views-global.json (ascii)"}
2026-06-19T12:47:18.620193902Z {"time": "2026-06-19T12:47:18.619959+00:00", "level": "INFO", "msg": "Writing /var/lib/grafana/dashboards/default/kubernetes-views-namespaces.json (ascii)"}
2026-06-19T12:47:18.657931571Z {"time": "2026-06-19T12:47:18.657631+00:00", "level": "INFO", "msg": "Writing /var/lib/grafana/dashboards/default/kubernetes-views-nodes.json (ascii)"}
2026-06-19T12:47:18.659745893Z {"time": "2026-06-19T12:47:18.659468+00:00", "level": "INFO", "msg": "Writing /var/lib/grafana/dashboards/default/kubernetes-views-pods.json (ascii)"}
2026-06-19T12:47:18.661298107Z {"time": "2026-06-19T12:47:18.661056+00:00", "level": "INFO", "msg": "Writing /var/lib/grafana/dashboards/default/node-exporter-full.json (ascii)"}
2026-06-19T12:47:18.663338027Z {"time": "2026-06-19T12:47:18.663104+00:00", "level": "INFO", "msg": "Writing /var/lib/grafana/dashboards/default/victoriametrics-operator.json (ascii)"}
2026-06-19T12:47:18.664780120Z {"time": "2026-06-19T12:47:18.664553+00:00", "level": "INFO", "msg": "Writing /var/lib/grafana/dashboards/default/victoriametrics-single-node.json (ascii)"}
2026-06-19T12:47:18.677831837Z {"time": "2026-06-19T12:47:18.677506+00:00", "level": "INFO", "msg": "Writing /var/lib/grafana/dashboards/default/victoriametrics-vmagent.json (ascii)"}
2026-06-19T12:47:18.679977470Z {"time": "2026-06-19T12:47:18.679685+00:00", "level": "INFO", "msg": "Writing /var/lib/grafana/dashboards/default/victoriametrics-vmalert.json (ascii)"}
2026-06-19T12:47:18.683307192Z {"time": "2026-06-19T12:47:18.682987+00:00", "level": "WARNING", "msg": "Retrying (Retry(total=4, connect=9, read=5, redirect=None, status=None)) after connection broken by 'NewConnectionError(\"HTTPConnection(host='localhost', port=3000): Failed to establish a new connection: [Errno 111] Connection refused\")': /api/admin/provisioning/dashboards/reload"}
2026-06-19T12:47:20.884837418Z {"time": "2026-06-19T12:47:20.884296+00:00", "level": "WARNING", "msg": "Retrying (Retry(total=3, connect=8, read=5, redirect=None, status=None)) after connection broken by 'NewConnectionError(\"HTTPConnection(host='localhost', port=3000): Failed to establish a new connection: [Errno 111] Connection refused\")': /api/admin/provisioning/dashboards/reload"}
2026-06-19T12:47:25.285967710Z {"time": "2026-06-19T12:47:25.285566+00:00", "level": "WARNING", "msg": "Retrying (Retry(total=2, connect=7, read=5, redirect=None, status=None)) after connection broken by 'NewConnectionError(\"HTTPConnection(host='localhost', port=3000): Failed to establish a new connection: [Errno 111] Connection refused\")': /api/admin/provisioning/dashboards/reload"}
2026-06-19T12:47:25.454304762Z {"time": "2026-06-19T12:47:25.453981+00:00", "level": "INFO", "msg": "None sent to http://localhost:3000/api/admin/provisioning/dashboards/reload. Response: 200 OK {\"message\":\"Dashboards config reloaded\"}"}
2026-06-19T12:47:25.454731386Z {"time": "2026-06-19T12:47:25.454450+00:00", "level": "INFO", "msg": "Initial sync complete, sidecar is ready."}
2026-06-19T12:47:25.455623001Z {"time": "2026-06-19T12:47:25.455369+00:00", "level": "INFO", "msg": "Loading incluster config..."}
2026-06-19T12:47:25.456111070Z {"time": "2026-06-19T12:47:25.455924+00:00", "level": "INFO", "msg": "Loading incluster config..."}
2026-06-19T12:47:25.458202740Z {"time": "2026-06-19T12:47:25.457995+00:00", "level": "INFO", "msg": "Loading incluster config..."}
2026-06-19T12:47:25.458520958Z {"time": "2026-06-19T12:47:25.458323+00:00", "level": "INFO", "msg": "Loading incluster config..."}
2026-06-19T12:48:25.475224189Z {"time": "2026-06-19T12:48:25.474644+00:00", "level": "INFO", "msg": "Loading incluster config..."}
2026-06-19T12:48:25.477861663Z {"time": "2026-06-19T12:48:25.476447+00:00", "level": "INFO", "msg": "Loading incluster config..."}
2026-06-19T12:49:25.491745336Z {"time": "2026-06-19T12:49:25.491192+00:00", "level": "INFO", "msg": "Loading incluster config..."}
2026-06-19T12:49:25.492474082Z {"time": "2026-06-19T12:49:25.492182+00:00", "level": "INFO", "msg": "Loading incluster config..."}
2026-06-19T12:50:25.507030822Z {"time": "2026-06-19T12:50:25.506714+00:00", "level": "INFO", "msg": "Loading incluster config..."}
2026-06-19T12:50:25.507588143Z {"time": "2026-06-19T12:50:25.507355+00:00", "level": "INFO", "msg": "Loading incluster config..."}
2026-06-19T12:51:25.521620980Z {"time": "2026-06-19T12:51:25.521165+00:00", "level": "INFO", "msg": "Loading incluster config..."}
2026-06-19T12:51:25.524031371Z {"time": "2026-06-19T12:51:25.523723+00:00", "level": "INFO", "msg": "Loading incluster config..."}
2026-06-19T12:52:25.535104716Z {"time": "2026-06-19T12:52:25.534764+00:00", "level": "INFO", "msg": "Loading incluster config..."}
2026-06-19T12:52:25.537940577Z {"time": "2026-06-19T12:52:25.537434+00:00", "level": "INFO", "msg": "Loading incluster config..."}
2026-06-19T12:53:25.548061445Z {"time": "2026-06-19T12:53:25.547575+00:00", "level": "INFO", "msg": "Loading incluster config..."}
2026-06-19T12:53:25.550595869Z {"time": "2026-06-19T12:53:25.550251+00:00", "level": "INFO", "msg": "Loading incluster config..."}
2026-06-19T12:54:25.561411298Z {"time": "2026-06-19T12:54:25.560991+00:00", "level": "INFO", "msg": "Loading incluster config..."}
2026-06-19T12:54:25.563883874Z {"time": "2026-06-19T12:54:25.563524+00:00", "level": "INFO", "msg": "Loading incluster config..."}
2026-06-19T12:55:25.574363176Z {"time": "2026-06-19T12:55:25.574033+00:00", "level": "INFO", "msg": "Loading incluster config..."}
2026-06-19T12:55:25.577357854Z {"time": "2026-06-19T12:55:25.577119+00:00", "level": "INFO", "msg": "Loading incluster config..."}
2026-06-19T12:56:25.585906208Z {"time": "2026-06-19T12:56:25.585565+00:00", "level": "INFO", "msg": "Loading incluster config..."}
2026-06-19T12:56:25.589114893Z {"time": "2026-06-19T12:56:25.588836+00:00", "level": "INFO", "msg": "Loading incluster config..."}
2026-06-19T12:57:25.597909075Z {"time": "2026-06-19T12:57:25.597594+00:00", "level": "INFO", "msg": "Loading incluster config..."}
2026-06-19T12:57:25.604764490Z {"time": "2026-06-19T12:57:25.604311+00:00", "level": "INFO", "msg": "Loading incluster config..."}
