2026-06-19T12:09:35.363139693Z I0619 12:09:35.361906       1 node.go:561] "NodeGetCapabilities: called" args=""
2026-06-19T12:09:35.375231086Z I0619 12:09:35.374842       1 node.go:561] "NodeGetCapabilities: called" args=""
2026-06-19T12:09:35.376443093Z I0619 12:09:35.376258       1 node.go:561] "NodeGetCapabilities: called" args=""
2026-06-19T12:09:35.388331191Z I0619 12:09:35.384799       1 node.go:106] "NodeStageVolume: called" args="volume_id:\"vol-0dd4656eba8ec6c05\" publish_context:{key:\"devicePath\" value:\"/dev/xvdaa\"} staging_target_path:\"/var/lib/kubelet/plugins/kubernetes.io/csi/ebs.csi.aws.com/a3020875d022d96bf740297c1a26446119e280585088af593f337663a7592153/globalmount\" volume_capability:{mount:{fs_type:\"ext4\"} access_mode:{mode:SINGLE_NODE_WRITER}} volume_context:{key:\"storage.kubernetes.io/csiProvisionerIdentity\" value:\"1781855100628-189-ebs.csi.aws.com\"}"
2026-06-19T12:09:35.388430040Z I0619 12:09:35.388289       1 mount_linux.go:95] "[Debug] Falling back to nvme volume ID lookup" devicePath="/dev/xvdaa"
2026-06-19T12:09:35.388524199Z I0619 12:09:35.388395       1 mount_linux.go:107] "[Debug] successfully resolved" nvmeName="nvme-Amazon_Elastic_Block_Store_vol0dd4656eba8ec6c05" nvmeDevicePath="/dev/nvme1n1"
2026-06-19T12:09:35.436255041Z I0619 12:09:35.435102       1 node.go:207] "NodeStageVolume: find device path" devicePath="/dev/xvdaa" source="/dev/nvme1n1"
2026-06-19T12:09:35.436280060Z I0619 12:09:35.435938       1 node.go:235] "NodeStageVolume: checking if volume is already staged" device="" source="/dev/nvme1n1" target="/var/lib/kubelet/plugins/kubernetes.io/csi/ebs.csi.aws.com/a3020875d022d96bf740297c1a26446119e280585088af593f337663a7592153/globalmount"
2026-06-19T12:09:35.436298707Z I0619 12:09:35.435968       1 node.go:242] "NodeStageVolume: staging volume" source="/dev/nvme1n1" volumeID="vol-0dd4656eba8ec6c05" target="/var/lib/kubelet/plugins/kubernetes.io/csi/ebs.csi.aws.com/a3020875d022d96bf740297c1a26446119e280585088af593f337663a7592153/globalmount" fstype="ext4"
2026-06-19T12:09:35.436303102Z I0619 12:09:35.435991       1 mount_linux.go:670] Attempting to determine if disk "/dev/nvme1n1" is formatted using blkid with args: ([-p -s TYPE -s PTTYPE -o export /dev/nvme1n1])
2026-06-19T12:09:35.463278235Z I0619 12:09:35.463137       1 mount_linux.go:673] Output: ""
2026-06-19T12:09:35.464197469Z I0619 12:09:35.464104       1 mount_linux.go:608] Disk "/dev/nvme1n1" appears to be unformatted, attempting to format as type: "ext4" with options: [-F -m0 /dev/nvme1n1]
2026-06-19T12:09:35.637672057Z I0619 12:09:35.637458       1 mount_linux.go:619] Disk successfully formatted (mkfs): ext4 - /dev/nvme1n1 /var/lib/kubelet/plugins/kubernetes.io/csi/ebs.csi.aws.com/a3020875d022d96bf740297c1a26446119e280585088af593f337663a7592153/globalmount
2026-06-19T12:09:35.637695481Z I0619 12:09:35.637515       1 mount_linux.go:637] Attempting to mount disk /dev/nvme1n1 in ext4 format at /var/lib/kubelet/plugins/kubernetes.io/csi/ebs.csi.aws.com/a3020875d022d96bf740297c1a26446119e280585088af593f337663a7592153/globalmount
2026-06-19T12:09:35.637923640Z I0619 12:09:35.637842       1 mount_linux.go:285] Detected OS without systemd
2026-06-19T12:09:35.637937840Z I0619 12:09:35.637866       1 mount_linux.go:260] Mounting cmd (mount) with arguments (-t ext4 -o defaults /dev/nvme1n1 /var/lib/kubelet/plugins/kubernetes.io/csi/ebs.csi.aws.com/a3020875d022d96bf740297c1a26446119e280585088af593f337663a7592153/globalmount)
2026-06-19T12:09:35.655294628Z I0619 12:09:35.654972       1 mount_linux.go:670] Attempting to determine if disk "/dev/nvme1n1" is formatted using blkid with args: ([-p -s TYPE -s PTTYPE -o export /dev/nvme1n1])
2026-06-19T12:09:35.672035188Z I0619 12:09:35.671867       1 mount_linux.go:673] Output: "DEVNAME=/dev/nvme1n1\nTYPE=ext4\n"
2026-06-19T12:09:35.672059255Z I0619 12:09:35.671913       1 node.go:284] "Volume needs resizing" source="/dev/nvme1n1"
2026-06-19T12:09:35.672400784Z I0619 12:09:35.672145       1 mount_linux.go:670] Attempting to determine if disk "/dev/nvme1n1" is formatted using blkid with args: ([-p -s TYPE -s PTTYPE -o export /dev/nvme1n1])
2026-06-19T12:09:35.676170304Z I0619 12:09:35.675773       1 mount_linux.go:673] Output: "DEVNAME=/dev/nvme1n1\nTYPE=ext4\n"
2026-06-19T12:09:35.676765807Z I0619 12:09:35.675891       1 resizefs_linux.go:59] ResizeFS.Resize - Expanding mounted volume /dev/nvme1n1
2026-06-19T12:09:35.687739196Z I0619 12:09:35.683750       1 resizefs_linux.go:74] Device /dev/nvme1n1 resized successfully
2026-06-19T12:09:35.687754609Z I0619 12:09:35.683798       1 node.go:289] "NodeStageVolume: successfully staged volume" source="/dev/nvme1n1" volumeID="vol-0dd4656eba8ec6c05" target="/var/lib/kubelet/plugins/kubernetes.io/csi/ebs.csi.aws.com/a3020875d022d96bf740297c1a26446119e280585088af593f337663a7592153/globalmount" fstype="ext4"
2026-06-19T12:09:35.687758018Z I0619 12:09:35.683818       1 node.go:184] "NodeStageVolume: volume operation finished" volumeID="vol-0dd4656eba8ec6c05"
2026-06-19T12:09:35.687760568Z I0619 12:09:35.683833       1 inflight.go:74] "Node Service: volume operation finished" key="vol-0dd4656eba8ec6c05"
2026-06-19T12:09:35.687763894Z I0619 12:09:35.686067       1 node.go:561] "NodeGetCapabilities: called" args=""
2026-06-19T12:09:35.692753876Z I0619 12:09:35.692540       1 node.go:561] "NodeGetCapabilities: called" args=""
2026-06-19T12:09:35.695943581Z I0619 12:09:35.695659       1 node.go:561] "NodeGetCapabilities: called" args=""
2026-06-19T12:09:35.697856518Z I0619 12:09:35.697602       1 node.go:414] "NodePublishVolume: called" args="volume_id:\"vol-0dd4656eba8ec6c05\" publish_context:{key:\"devicePath\" value:\"/dev/xvdaa\"} staging_target_path:\"/var/lib/kubelet/plugins/kubernetes.io/csi/ebs.csi.aws.com/a3020875d022d96bf740297c1a26446119e280585088af593f337663a7592153/globalmount\" target_path:\"/var/lib/kubelet/pods/616e31af-f551-4c6c-a3cc-d65dfab20054/volumes/kubernetes.io~csi/pvc-aadf1544-cc0d-48a8-971b-741e09e58afb/mount\" volume_capability:{mount:{fs_type:\"ext4\"} access_mode:{mode:SINGLE_NODE_WRITER}} volume_context:{key:\"storage.kubernetes.io/csiProvisionerIdentity\" value:\"1781855100628-189-ebs.csi.aws.com\"}"
2026-06-19T12:09:35.699039331Z I0619 12:09:35.698888       1 mount_linux.go:197] "NodePublishVolume: creating dir" target="/var/lib/kubelet/pods/616e31af-f551-4c6c-a3cc-d65dfab20054/volumes/kubernetes.io~csi/pvc-aadf1544-cc0d-48a8-971b-741e09e58afb/mount"
2026-06-19T12:09:35.699386459Z I0619 12:09:35.699269       1 node.go:764] "NodePublishVolume: mounting" source="/var/lib/kubelet/plugins/kubernetes.io/csi/ebs.csi.aws.com/a3020875d022d96bf740297c1a26446119e280585088af593f337663a7592153/globalmount" target="/var/lib/kubelet/pods/616e31af-f551-4c6c-a3cc-d65dfab20054/volumes/kubernetes.io~csi/pvc-aadf1544-cc0d-48a8-971b-741e09e58afb/mount" mountOptions=["bind"] fsType="ext4"
2026-06-19T12:09:35.699517011Z I0619 12:09:35.699424       1 mount_linux.go:260] Mounting cmd (mount) with arguments (-t ext4 -o bind /var/lib/kubelet/plugins/kubernetes.io/csi/ebs.csi.aws.com/a3020875d022d96bf740297c1a26446119e280585088af593f337663a7592153/globalmount /var/lib/kubelet/pods/616e31af-f551-4c6c-a3cc-d65dfab20054/volumes/kubernetes.io~csi/pvc-aadf1544-cc0d-48a8-971b-741e09e58afb/mount)
2026-06-19T12:09:35.709913613Z I0619 12:09:35.709743       1 mount_linux.go:260] Mounting cmd (mount) with arguments (-t ext4 -o bind,remount /var/lib/kubelet/plugins/kubernetes.io/csi/ebs.csi.aws.com/a3020875d022d96bf740297c1a26446119e280585088af593f337663a7592153/globalmount /var/lib/kubelet/pods/616e31af-f551-4c6c-a3cc-d65dfab20054/volumes/kubernetes.io~csi/pvc-aadf1544-cc0d-48a8-971b-741e09e58afb/mount)
2026-06-19T12:09:35.712661661Z I0619 12:09:35.712477       1 node.go:443] "NodePublishVolume: volume operation finished" volumeId="vol-0dd4656eba8ec6c05"
2026-06-19T12:09:35.712781539Z I0619 12:09:35.712742       1 inflight.go:74] "Node Service: volume operation finished" key="vol-0dd4656eba8ec6c05"
2026-06-19T12:09:42.298937302Z I0619 12:09:42.298538       1 node.go:561] "NodeGetCapabilities: called" args=""
2026-06-19T12:09:42.310619304Z I0619 12:09:42.310476       1 node.go:561] "NodeGetCapabilities: called" args=""
2026-06-19T12:09:42.312191001Z I0619 12:09:42.312051       1 node.go:561] "NodeGetCapabilities: called" args=""
2026-06-19T12:09:42.315032735Z I0619 12:09:42.313660       1 node.go:106] "NodeStageVolume: called" args="volume_id:\"vol-0f1b453e6a7af752c\" publish_context:{key:\"devicePath\" value:\"/dev/xvdab\"} staging_target_path:\"/var/lib/kubelet/plugins/kubernetes.io/csi/ebs.csi.aws.com/3a0737de49c5edd5fa573a27f8b015f015248ae8561b82e214b2d6c4c57b2c7a/globalmount\" volume_capability:{mount:{fs_type:\"ext4\"} access_mode:{mode:SINGLE_NODE_WRITER}} volume_context:{key:\"storage.kubernetes.io/csiProvisionerIdentity\" value:\"1781855100628-189-ebs.csi.aws.com\"}"
2026-06-19T12:09:42.315068694Z I0619 12:09:42.314018       1 mount_linux.go:95] "[Debug] Falling back to nvme volume ID lookup" devicePath="/dev/xvdab"
2026-06-19T12:09:42.315072974Z I0619 12:09:42.314068       1 mount_linux.go:107] "[Debug] successfully resolved" nvmeName="nvme-Amazon_Elastic_Block_Store_vol0f1b453e6a7af752c" nvmeDevicePath="/dev/nvme2n1"
2026-06-19T12:09:42.319118560Z I0619 12:09:42.318994       1 node.go:207] "NodeStageVolume: find device path" devicePath="/dev/xvdab" source="/dev/nvme2n1"
2026-06-19T12:09:42.319577512Z I0619 12:09:42.319416       1 node.go:235] "NodeStageVolume: checking if volume is already staged" device="" source="/dev/nvme2n1" target="/var/lib/kubelet/plugins/kubernetes.io/csi/ebs.csi.aws.com/3a0737de49c5edd5fa573a27f8b015f015248ae8561b82e214b2d6c4c57b2c7a/globalmount"
2026-06-19T12:09:42.319587417Z I0619 12:09:42.319443       1 node.go:242] "NodeStageVolume: staging volume" source="/dev/nvme2n1" volumeID="vol-0f1b453e6a7af752c" target="/var/lib/kubelet/plugins/kubernetes.io/csi/ebs.csi.aws.com/3a0737de49c5edd5fa573a27f8b015f015248ae8561b82e214b2d6c4c57b2c7a/globalmount" fstype="ext4"
2026-06-19T12:09:42.319591165Z I0619 12:09:42.319460       1 mount_linux.go:670] Attempting to determine if disk "/dev/nvme2n1" is formatted using blkid with args: ([-p -s TYPE -s PTTYPE -o export /dev/nvme2n1])
2026-06-19T12:09:42.344545847Z I0619 12:09:42.344316       1 mount_linux.go:673] Output: ""
2026-06-19T12:09:42.344618857Z I0619 12:09:42.344342       1 mount_linux.go:608] Disk "/dev/nvme2n1" appears to be unformatted, attempting to format as type: "ext4" with options: [-F -m0 /dev/nvme2n1]
2026-06-19T12:09:42.507779727Z I0619 12:09:42.507583       1 mount_linux.go:619] Disk successfully formatted (mkfs): ext4 - /dev/nvme2n1 /var/lib/kubelet/plugins/kubernetes.io/csi/ebs.csi.aws.com/3a0737de49c5edd5fa573a27f8b015f015248ae8561b82e214b2d6c4c57b2c7a/globalmount
2026-06-19T12:09:42.507941842Z I0619 12:09:42.507608       1 mount_linux.go:637] Attempting to mount disk /dev/nvme2n1 in ext4 format at /var/lib/kubelet/plugins/kubernetes.io/csi/ebs.csi.aws.com/3a0737de49c5edd5fa573a27f8b015f015248ae8561b82e214b2d6c4c57b2c7a/globalmount
2026-06-19T12:09:42.507946851Z I0619 12:09:42.507626       1 mount_linux.go:260] Mounting cmd (mount) with arguments (-t ext4 -o defaults /dev/nvme2n1 /var/lib/kubelet/plugins/kubernetes.io/csi/ebs.csi.aws.com/3a0737de49c5edd5fa573a27f8b015f015248ae8561b82e214b2d6c4c57b2c7a/globalmount)
2026-06-19T12:09:42.519580892Z I0619 12:09:42.518039       1 mount_linux.go:670] Attempting to determine if disk "/dev/nvme2n1" is formatted using blkid with args: ([-p -s TYPE -s PTTYPE -o export /dev/nvme2n1])
2026-06-19T12:09:42.542266638Z I0619 12:09:42.541997       1 mount_linux.go:673] Output: "DEVNAME=/dev/nvme2n1\nTYPE=ext4\n"
2026-06-19T12:09:42.542290179Z I0619 12:09:42.542043       1 node.go:284] "Volume needs resizing" source="/dev/nvme2n1"
2026-06-19T12:09:42.542293861Z I0619 12:09:42.542055       1 mount_linux.go:670] Attempting to determine if disk "/dev/nvme2n1" is formatted using blkid with args: ([-p -s TYPE -s PTTYPE -o export /dev/nvme2n1])
2026-06-19T12:09:42.546644581Z I0619 12:09:42.546320       1 mount_linux.go:673] Output: "DEVNAME=/dev/nvme2n1\nTYPE=ext4\n"
2026-06-19T12:09:42.546666958Z I0619 12:09:42.546347       1 resizefs_linux.go:59] ResizeFS.Resize - Expanding mounted volume /dev/nvme2n1
2026-06-19T12:09:42.549348084Z I0619 12:09:42.549150       1 resizefs_linux.go:74] Device /dev/nvme2n1 resized successfully
2026-06-19T12:09:42.549781267Z I0619 12:09:42.549234       1 node.go:289] "NodeStageVolume: successfully staged volume" source="/dev/nvme2n1" volumeID="vol-0f1b453e6a7af752c" target="/var/lib/kubelet/plugins/kubernetes.io/csi/ebs.csi.aws.com/3a0737de49c5edd5fa573a27f8b015f015248ae8561b82e214b2d6c4c57b2c7a/globalmount" fstype="ext4"
2026-06-19T12:09:42.549796174Z I0619 12:09:42.549251       1 node.go:184] "NodeStageVolume: volume operation finished" volumeID="vol-0f1b453e6a7af752c"
2026-06-19T12:09:42.549799000Z I0619 12:09:42.549263       1 inflight.go:74] "Node Service: volume operation finished" key="vol-0f1b453e6a7af752c"
2026-06-19T12:09:42.553788509Z I0619 12:09:42.553156       1 node.go:561] "NodeGetCapabilities: called" args=""
2026-06-19T12:09:42.559761025Z I0619 12:09:42.559527       1 node.go:561] "NodeGetCapabilities: called" args=""
2026-06-19T12:09:42.568286239Z I0619 12:09:42.568118       1 node.go:561] "NodeGetCapabilities: called" args=""
2026-06-19T12:09:42.570581458Z I0619 12:09:42.569870       1 node.go:414] "NodePublishVolume: called" args="volume_id:\"vol-0f1b453e6a7af752c\" publish_context:{key:\"devicePath\" value:\"/dev/xvdab\"} staging_target_path:\"/var/lib/kubelet/plugins/kubernetes.io/csi/ebs.csi.aws.com/3a0737de49c5edd5fa573a27f8b015f015248ae8561b82e214b2d6c4c57b2c7a/globalmount\" target_path:\"/var/lib/kubelet/pods/f8d9595e-28b9-4d5b-90c9-1331d30eef45/volumes/kubernetes.io~csi/pvc-145a2d39-444b-4f32-a485-a26454ae8b53/mount\" volume_capability:{mount:{fs_type:\"ext4\"} access_mode:{mode:SINGLE_NODE_WRITER}} volume_context:{key:\"storage.kubernetes.io/csiProvisionerIdentity\" value:\"1781855100628-189-ebs.csi.aws.com\"}"
2026-06-19T12:09:42.570637727Z I0619 12:09:42.570000       1 mount_linux.go:197] "NodePublishVolume: creating dir" target="/var/lib/kubelet/pods/f8d9595e-28b9-4d5b-90c9-1331d30eef45/volumes/kubernetes.io~csi/pvc-145a2d39-444b-4f32-a485-a26454ae8b53/mount"
2026-06-19T12:09:42.570651262Z I0619 12:09:42.570164       1 node.go:764] "NodePublishVolume: mounting" source="/var/lib/kubelet/plugins/kubernetes.io/csi/ebs.csi.aws.com/3a0737de49c5edd5fa573a27f8b015f015248ae8561b82e214b2d6c4c57b2c7a/globalmount" target="/var/lib/kubelet/pods/f8d9595e-28b9-4d5b-90c9-1331d30eef45/volumes/kubernetes.io~csi/pvc-145a2d39-444b-4f32-a485-a26454ae8b53/mount" mountOptions=["bind"] fsType="ext4"
2026-06-19T12:09:42.570655099Z I0619 12:09:42.570195       1 mount_linux.go:260] Mounting cmd (mount) with arguments (-t ext4 -o bind /var/lib/kubelet/plugins/kubernetes.io/csi/ebs.csi.aws.com/3a0737de49c5edd5fa573a27f8b015f015248ae8561b82e214b2d6c4c57b2c7a/globalmount /var/lib/kubelet/pods/f8d9595e-28b9-4d5b-90c9-1331d30eef45/volumes/kubernetes.io~csi/pvc-145a2d39-444b-4f32-a485-a26454ae8b53/mount)
2026-06-19T12:09:42.575125124Z I0619 12:09:42.574969       1 mount_linux.go:260] Mounting cmd (mount) with arguments (-t ext4 -o bind,remount /var/lib/kubelet/plugins/kubernetes.io/csi/ebs.csi.aws.com/3a0737de49c5edd5fa573a27f8b015f015248ae8561b82e214b2d6c4c57b2c7a/globalmount /var/lib/kubelet/pods/f8d9595e-28b9-4d5b-90c9-1331d30eef45/volumes/kubernetes.io~csi/pvc-145a2d39-444b-4f32-a485-a26454ae8b53/mount)
2026-06-19T12:09:42.577821350Z I0619 12:09:42.577580       1 node.go:443] "NodePublishVolume: volume operation finished" volumeId="vol-0f1b453e6a7af752c"
2026-06-19T12:09:42.577838097Z I0619 12:09:42.577603       1 inflight.go:74] "Node Service: volume operation finished" key="vol-0f1b453e6a7af752c"
2026-06-19T12:10:05.225737254Z I0619 12:10:05.225401       1 node.go:561] "NodeGetCapabilities: called" args=""
2026-06-19T12:10:05.225759054Z I0619 12:10:05.225456       1 node.go:561] "NodeGetCapabilities: called" args=""
2026-06-19T12:10:05.228090389Z I0619 12:10:05.227761       1 node.go:497] "NodeGetVolumeStats: called" args="volume_id:\"vol-0f1b453e6a7af752c\" volume_path:\"/var/lib/kubelet/pods/f8d9595e-28b9-4d5b-90c9-1331d30eef45/volumes/kubernetes.io~csi/pvc-145a2d39-444b-4f32-a485-a26454ae8b53/mount\""
2026-06-19T12:10:05.228418903Z I0619 12:10:05.228273       1 node.go:497] "NodeGetVolumeStats: called" args="volume_id:\"vol-0dd4656eba8ec6c05\" volume_path:\"/var/lib/kubelet/pods/616e31af-f551-4c6c-a3cc-d65dfab20054/volumes/kubernetes.io~csi/pvc-aadf1544-cc0d-48a8-971b-741e09e58afb/mount\""
2026-06-19T12:11:21.168050576Z I0619 12:11:21.167827       1 node.go:561] "NodeGetCapabilities: called" args=""
2026-06-19T12:11:21.169242801Z I0619 12:11:21.169063       1 node.go:497] "NodeGetVolumeStats: called" args="volume_id:\"vol-0f1b453e6a7af752c\" volume_path:\"/var/lib/kubelet/pods/f8d9595e-28b9-4d5b-90c9-1331d30eef45/volumes/kubernetes.io~csi/pvc-145a2d39-444b-4f32-a485-a26454ae8b53/mount\""
2026-06-19T12:11:48.282626846Z I0619 12:11:48.282437       1 node.go:561] "NodeGetCapabilities: called" args=""
2026-06-19T12:11:48.284183972Z I0619 12:11:48.283910       1 node.go:497] "NodeGetVolumeStats: called" args="volume_id:\"vol-0dd4656eba8ec6c05\" volume_path:\"/var/lib/kubelet/pods/616e31af-f551-4c6c-a3cc-d65dfab20054/volumes/kubernetes.io~csi/pvc-aadf1544-cc0d-48a8-971b-741e09e58afb/mount\""
2026-06-19T12:13:19.278910697Z I0619 12:13:19.278612       1 node.go:561] "NodeGetCapabilities: called" args=""
2026-06-19T12:13:19.280476405Z I0619 12:13:19.280146       1 node.go:497] "NodeGetVolumeStats: called" args="volume_id:\"vol-0f1b453e6a7af752c\" volume_path:\"/var/lib/kubelet/pods/f8d9595e-28b9-4d5b-90c9-1331d30eef45/volumes/kubernetes.io~csi/pvc-145a2d39-444b-4f32-a485-a26454ae8b53/mount\""
2026-06-19T12:13:45.844202245Z I0619 12:13:45.844028       1 node.go:561] "NodeGetCapabilities: called" args=""
2026-06-19T12:13:45.846388855Z I0619 12:13:45.846150       1 node.go:497] "NodeGetVolumeStats: called" args="volume_id:\"vol-0dd4656eba8ec6c05\" volume_path:\"/var/lib/kubelet/pods/616e31af-f551-4c6c-a3cc-d65dfab20054/volumes/kubernetes.io~csi/pvc-aadf1544-cc0d-48a8-971b-741e09e58afb/mount\""
2026-06-19T12:15:16.008618122Z I0619 12:15:16.008465       1 node.go:561] "NodeGetCapabilities: called" args=""
2026-06-19T12:15:16.010111476Z I0619 12:15:16.009946       1 node.go:497] "NodeGetVolumeStats: called" args="volume_id:\"vol-0f1b453e6a7af752c\" volume_path:\"/var/lib/kubelet/pods/f8d9595e-28b9-4d5b-90c9-1331d30eef45/volumes/kubernetes.io~csi/pvc-145a2d39-444b-4f32-a485-a26454ae8b53/mount\""
2026-06-19T12:15:32.914422761Z I0619 12:15:32.914156       1 node.go:561] "NodeGetCapabilities: called" args=""
2026-06-19T12:15:32.915940974Z I0619 12:15:32.915791       1 node.go:497] "NodeGetVolumeStats: called" args="volume_id:\"vol-0dd4656eba8ec6c05\" volume_path:\"/var/lib/kubelet/pods/616e31af-f551-4c6c-a3cc-d65dfab20054/volumes/kubernetes.io~csi/pvc-aadf1544-cc0d-48a8-971b-741e09e58afb/mount\""
2026-06-19T12:16:30.141922194Z I0619 12:16:30.141689       1 node.go:561] "NodeGetCapabilities: called" args=""
2026-06-19T12:16:30.143352140Z I0619 12:16:30.143082       1 node.go:497] "NodeGetVolumeStats: called" args="volume_id:\"vol-0f1b453e6a7af752c\" volume_path:\"/var/lib/kubelet/pods/f8d9595e-28b9-4d5b-90c9-1331d30eef45/volumes/kubernetes.io~csi/pvc-145a2d39-444b-4f32-a485-a26454ae8b53/mount\""
2026-06-19T12:16:35.612132067Z I0619 12:16:35.611927       1 node.go:561] "NodeGetCapabilities: called" args=""
2026-06-19T12:16:35.613421638Z I0619 12:16:35.613129       1 node.go:497] "NodeGetVolumeStats: called" args="volume_id:\"vol-0dd4656eba8ec6c05\" volume_path:\"/var/lib/kubelet/pods/616e31af-f551-4c6c-a3cc-d65dfab20054/volumes/kubernetes.io~csi/pvc-aadf1544-cc0d-48a8-971b-741e09e58afb/mount\""
2026-06-19T12:17:47.017985217Z I0619 12:17:47.017759       1 node.go:561] "NodeGetCapabilities: called" args=""
2026-06-19T12:17:47.019229598Z I0619 12:17:47.019006       1 node.go:497] "NodeGetVolumeStats: called" args="volume_id:\"vol-0dd4656eba8ec6c05\" volume_path:\"/var/lib/kubelet/pods/616e31af-f551-4c6c-a3cc-d65dfab20054/volumes/kubernetes.io~csi/pvc-aadf1544-cc0d-48a8-971b-741e09e58afb/mount\""
2026-06-19T12:17:59.986167826Z I0619 12:17:59.986016       1 node.go:561] "NodeGetCapabilities: called" args=""
2026-06-19T12:17:59.987432055Z I0619 12:17:59.987274       1 node.go:497] "NodeGetVolumeStats: called" args="volume_id:\"vol-0f1b453e6a7af752c\" volume_path:\"/var/lib/kubelet/pods/f8d9595e-28b9-4d5b-90c9-1331d30eef45/volumes/kubernetes.io~csi/pvc-145a2d39-444b-4f32-a485-a26454ae8b53/mount\""
2026-06-19T12:18:51.785310947Z I0619 12:18:51.785111       1 node.go:561] "NodeGetCapabilities: called" args=""
2026-06-19T12:18:51.786851983Z I0619 12:18:51.786564       1 node.go:497] "NodeGetVolumeStats: called" args="volume_id:\"vol-0dd4656eba8ec6c05\" volume_path:\"/var/lib/kubelet/pods/616e31af-f551-4c6c-a3cc-d65dfab20054/volumes/kubernetes.io~csi/pvc-aadf1544-cc0d-48a8-971b-741e09e58afb/mount\""
2026-06-19T12:19:27.795416330Z I0619 12:19:27.795154       1 node.go:561] "NodeGetCapabilities: called" args=""
2026-06-19T12:19:27.796611731Z I0619 12:19:27.796421       1 node.go:497] "NodeGetVolumeStats: called" args="volume_id:\"vol-0f1b453e6a7af752c\" volume_path:\"/var/lib/kubelet/pods/f8d9595e-28b9-4d5b-90c9-1331d30eef45/volumes/kubernetes.io~csi/pvc-145a2d39-444b-4f32-a485-a26454ae8b53/mount\""
2026-06-19T12:20:19.862654212Z I0619 12:20:19.862480       1 node.go:561] "NodeGetCapabilities: called" args=""
2026-06-19T12:20:19.864126174Z I0619 12:20:19.863864       1 node.go:497] "NodeGetVolumeStats: called" args="volume_id:\"vol-0dd4656eba8ec6c05\" volume_path:\"/var/lib/kubelet/pods/616e31af-f551-4c6c-a3cc-d65dfab20054/volumes/kubernetes.io~csi/pvc-aadf1544-cc0d-48a8-971b-741e09e58afb/mount\""
2026-06-19T12:20:55.025570475Z I0619 12:20:55.025379       1 node.go:561] "NodeGetCapabilities: called" args=""
2026-06-19T12:20:55.026953934Z I0619 12:20:55.026737       1 node.go:497] "NodeGetVolumeStats: called" args="volume_id:\"vol-0f1b453e6a7af752c\" volume_path:\"/var/lib/kubelet/pods/f8d9595e-28b9-4d5b-90c9-1331d30eef45/volumes/kubernetes.io~csi/pvc-145a2d39-444b-4f32-a485-a26454ae8b53/mount\""
2026-06-19T12:21:20.185683430Z I0619 12:21:20.185552       1 node.go:561] "NodeGetCapabilities: called" args=""
2026-06-19T12:21:20.186968024Z I0619 12:21:20.186845       1 node.go:497] "NodeGetVolumeStats: called" args="volume_id:\"vol-0dd4656eba8ec6c05\" volume_path:\"/var/lib/kubelet/pods/616e31af-f551-4c6c-a3cc-d65dfab20054/volumes/kubernetes.io~csi/pvc-aadf1544-cc0d-48a8-971b-741e09e58afb/mount\""
2026-06-19T12:22:30.887304499Z I0619 12:22:30.886923       1 node.go:561] "NodeGetCapabilities: called" args=""
2026-06-19T12:22:30.888906602Z I0619 12:22:30.888539       1 node.go:497] "NodeGetVolumeStats: called" args="volume_id:\"vol-0f1b453e6a7af752c\" volume_path:\"/var/lib/kubelet/pods/f8d9595e-28b9-4d5b-90c9-1331d30eef45/volumes/kubernetes.io~csi/pvc-145a2d39-444b-4f32-a485-a26454ae8b53/mount\""
2026-06-19T12:22:50.712208516Z I0619 12:22:50.712086       1 node.go:561] "NodeGetCapabilities: called" args=""
2026-06-19T12:22:50.713419517Z I0619 12:22:50.713227       1 node.go:497] "NodeGetVolumeStats: called" args="volume_id:\"vol-0dd4656eba8ec6c05\" volume_path:\"/var/lib/kubelet/pods/616e31af-f551-4c6c-a3cc-d65dfab20054/volumes/kubernetes.io~csi/pvc-aadf1544-cc0d-48a8-971b-741e09e58afb/mount\""
2026-06-19T12:24:11.371778281Z I0619 12:24:11.371535       1 node.go:561] "NodeGetCapabilities: called" args=""
2026-06-19T12:24:11.373114303Z I0619 12:24:11.373001       1 node.go:497] "NodeGetVolumeStats: called" args="volume_id:\"vol-0dd4656eba8ec6c05\" volume_path:\"/var/lib/kubelet/pods/616e31af-f551-4c6c-a3cc-d65dfab20054/volumes/kubernetes.io~csi/pvc-aadf1544-cc0d-48a8-971b-741e09e58afb/mount\""
2026-06-19T12:24:30.767039276Z I0619 12:24:30.766836       1 node.go:561] "NodeGetCapabilities: called" args=""
2026-06-19T12:24:30.768984254Z I0619 12:24:30.768368       1 node.go:497] "NodeGetVolumeStats: called" args="volume_id:\"vol-0f1b453e6a7af752c\" volume_path:\"/var/lib/kubelet/pods/f8d9595e-28b9-4d5b-90c9-1331d30eef45/volumes/kubernetes.io~csi/pvc-145a2d39-444b-4f32-a485-a26454ae8b53/mount\""
2026-06-19T12:25:36.560337964Z I0619 12:25:36.560178       1 node.go:561] "NodeGetCapabilities: called" args=""
2026-06-19T12:25:36.561876185Z I0619 12:25:36.561692       1 node.go:497] "NodeGetVolumeStats: called" args="volume_id:\"vol-0f1b453e6a7af752c\" volume_path:\"/var/lib/kubelet/pods/f8d9595e-28b9-4d5b-90c9-1331d30eef45/volumes/kubernetes.io~csi/pvc-145a2d39-444b-4f32-a485-a26454ae8b53/mount\""
2026-06-19T12:25:54.312133101Z I0619 12:25:54.311943       1 node.go:561] "NodeGetCapabilities: called" args=""
2026-06-19T12:25:54.313639583Z I0619 12:25:54.313482       1 node.go:497] "NodeGetVolumeStats: called" args="volume_id:\"vol-0dd4656eba8ec6c05\" volume_path:\"/var/lib/kubelet/pods/616e31af-f551-4c6c-a3cc-d65dfab20054/volumes/kubernetes.io~csi/pvc-aadf1544-cc0d-48a8-971b-741e09e58afb/mount\""
2026-06-19T12:27:29.635627492Z I0619 12:27:29.635375       1 node.go:561] "NodeGetCapabilities: called" args=""
2026-06-19T12:27:29.637208583Z I0619 12:27:29.636669       1 node.go:497] "NodeGetVolumeStats: called" args="volume_id:\"vol-0f1b453e6a7af752c\" volume_path:\"/var/lib/kubelet/pods/f8d9595e-28b9-4d5b-90c9-1331d30eef45/volumes/kubernetes.io~csi/pvc-145a2d39-444b-4f32-a485-a26454ae8b53/mount\""
2026-06-19T12:27:43.531692858Z I0619 12:27:43.531524       1 node.go:561] "NodeGetCapabilities: called" args=""
2026-06-19T12:27:43.532802988Z I0619 12:27:43.532672       1 node.go:497] "NodeGetVolumeStats: called" args="volume_id:\"vol-0dd4656eba8ec6c05\" volume_path:\"/var/lib/kubelet/pods/616e31af-f551-4c6c-a3cc-d65dfab20054/volumes/kubernetes.io~csi/pvc-aadf1544-cc0d-48a8-971b-741e09e58afb/mount\""
2026-06-19T12:29:17.959146899Z I0619 12:29:17.958951       1 node.go:561] "NodeGetCapabilities: called" args=""
2026-06-19T12:29:17.960246516Z I0619 12:29:17.960094       1 node.go:497] "NodeGetVolumeStats: called" args="volume_id:\"vol-0f1b453e6a7af752c\" volume_path:\"/var/lib/kubelet/pods/f8d9595e-28b9-4d5b-90c9-1331d30eef45/volumes/kubernetes.io~csi/pvc-145a2d39-444b-4f32-a485-a26454ae8b53/mount\""
2026-06-19T12:29:35.751223250Z I0619 12:29:35.750991       1 node.go:561] "NodeGetCapabilities: called" args=""
2026-06-19T12:29:35.752567952Z I0619 12:29:35.752371       1 node.go:497] "NodeGetVolumeStats: called" args="volume_id:\"vol-0dd4656eba8ec6c05\" volume_path:\"/var/lib/kubelet/pods/616e31af-f551-4c6c-a3cc-d65dfab20054/volumes/kubernetes.io~csi/pvc-aadf1544-cc0d-48a8-971b-741e09e58afb/mount\""
2026-06-19T12:30:47.467138598Z I0619 12:30:47.466931       1 node.go:561] "NodeGetCapabilities: called" args=""
2026-06-19T12:30:47.468621821Z I0619 12:30:47.468390       1 node.go:497] "NodeGetVolumeStats: called" args="volume_id:\"vol-0f1b453e6a7af752c\" volume_path:\"/var/lib/kubelet/pods/f8d9595e-28b9-4d5b-90c9-1331d30eef45/volumes/kubernetes.io~csi/pvc-145a2d39-444b-4f32-a485-a26454ae8b53/mount\""
2026-06-19T12:31:11.023345626Z I0619 12:31:11.023124       1 node.go:561] "NodeGetCapabilities: called" args=""
2026-06-19T12:31:11.024502001Z I0619 12:31:11.024406       1 node.go:497] "NodeGetVolumeStats: called" args="volume_id:\"vol-0dd4656eba8ec6c05\" volume_path:\"/var/lib/kubelet/pods/616e31af-f551-4c6c-a3cc-d65dfab20054/volumes/kubernetes.io~csi/pvc-aadf1544-cc0d-48a8-971b-741e09e58afb/mount\""
2026-06-19T12:32:23.473284572Z I0619 12:32:23.473021       1 node.go:561] "NodeGetCapabilities: called" args=""
2026-06-19T12:32:23.474487731Z I0619 12:32:23.474300       1 node.go:497] "NodeGetVolumeStats: called" args="volume_id:\"vol-0f1b453e6a7af752c\" volume_path:\"/var/lib/kubelet/pods/f8d9595e-28b9-4d5b-90c9-1331d30eef45/volumes/kubernetes.io~csi/pvc-145a2d39-444b-4f32-a485-a26454ae8b53/mount\""
2026-06-19T12:33:05.235511265Z I0619 12:33:05.235296       1 node.go:561] "NodeGetCapabilities: called" args=""
2026-06-19T12:33:05.236865426Z I0619 12:33:05.236722       1 node.go:497] "NodeGetVolumeStats: called" args="volume_id:\"vol-0dd4656eba8ec6c05\" volume_path:\"/var/lib/kubelet/pods/616e31af-f551-4c6c-a3cc-d65dfab20054/volumes/kubernetes.io~csi/pvc-aadf1544-cc0d-48a8-971b-741e09e58afb/mount\""
2026-06-19T12:33:41.952628644Z I0619 12:33:41.952381       1 node.go:561] "NodeGetCapabilities: called" args=""
2026-06-19T12:33:41.955251927Z I0619 12:33:41.955128       1 node.go:497] "NodeGetVolumeStats: called" args="volume_id:\"vol-0f1b453e6a7af752c\" volume_path:\"/var/lib/kubelet/pods/f8d9595e-28b9-4d5b-90c9-1331d30eef45/volumes/kubernetes.io~csi/pvc-145a2d39-444b-4f32-a485-a26454ae8b53/mount\""
2026-06-19T12:34:27.808915739Z I0619 12:34:27.808678       1 node.go:561] "NodeGetCapabilities: called" args=""
2026-06-19T12:34:27.810399983Z I0619 12:34:27.810235       1 node.go:497] "NodeGetVolumeStats: called" args="volume_id:\"vol-0dd4656eba8ec6c05\" volume_path:\"/var/lib/kubelet/pods/616e31af-f551-4c6c-a3cc-d65dfab20054/volumes/kubernetes.io~csi/pvc-aadf1544-cc0d-48a8-971b-741e09e58afb/mount\""
2026-06-19T12:35:29.345931036Z I0619 12:35:29.345751       1 node.go:561] "NodeGetCapabilities: called" args=""
2026-06-19T12:35:29.347305564Z I0619 12:35:29.347074       1 node.go:497] "NodeGetVolumeStats: called" args="volume_id:\"vol-0f1b453e6a7af752c\" volume_path:\"/var/lib/kubelet/pods/f8d9595e-28b9-4d5b-90c9-1331d30eef45/volumes/kubernetes.io~csi/pvc-145a2d39-444b-4f32-a485-a26454ae8b53/mount\""
2026-06-19T12:35:48.360755134Z I0619 12:35:48.360492       1 node.go:561] "NodeGetCapabilities: called" args=""
2026-06-19T12:35:48.362039170Z I0619 12:35:48.361872       1 node.go:497] "NodeGetVolumeStats: called" args="volume_id:\"vol-0dd4656eba8ec6c05\" volume_path:\"/var/lib/kubelet/pods/616e31af-f551-4c6c-a3cc-d65dfab20054/volumes/kubernetes.io~csi/pvc-aadf1544-cc0d-48a8-971b-741e09e58afb/mount\""
2026-06-19T12:37:07.153369697Z I0619 12:37:07.152950       1 node.go:561] "NodeGetCapabilities: called" args=""
2026-06-19T12:37:07.154670394Z I0619 12:37:07.154552       1 node.go:497] "NodeGetVolumeStats: called" args="volume_id:\"vol-0f1b453e6a7af752c\" volume_path:\"/var/lib/kubelet/pods/f8d9595e-28b9-4d5b-90c9-1331d30eef45/volumes/kubernetes.io~csi/pvc-145a2d39-444b-4f32-a485-a26454ae8b53/mount\""
2026-06-19T12:37:44.015963350Z I0619 12:37:44.015117       1 node.go:561] "NodeGetCapabilities: called" args=""
2026-06-19T12:37:44.016316574Z I0619 12:37:44.016199       1 node.go:497] "NodeGetVolumeStats: called" args="volume_id:\"vol-0dd4656eba8ec6c05\" volume_path:\"/var/lib/kubelet/pods/616e31af-f551-4c6c-a3cc-d65dfab20054/volumes/kubernetes.io~csi/pvc-aadf1544-cc0d-48a8-971b-741e09e58afb/mount\""
2026-06-19T12:38:19.157339684Z I0619 12:38:19.157183       1 node.go:561] "NodeGetCapabilities: called" args=""
2026-06-19T12:38:19.158872766Z I0619 12:38:19.158721       1 node.go:497] "NodeGetVolumeStats: called" args="volume_id:\"vol-0f1b453e6a7af752c\" volume_path:\"/var/lib/kubelet/pods/f8d9595e-28b9-4d5b-90c9-1331d30eef45/volumes/kubernetes.io~csi/pvc-145a2d39-444b-4f32-a485-a26454ae8b53/mount\""
2026-06-19T12:39:32.467826631Z I0619 12:39:32.467505       1 node.go:561] "NodeGetCapabilities: called" args=""
2026-06-19T12:39:32.469390009Z I0619 12:39:32.469223       1 node.go:497] "NodeGetVolumeStats: called" args="volume_id:\"vol-0dd4656eba8ec6c05\" volume_path:\"/var/lib/kubelet/pods/616e31af-f551-4c6c-a3cc-d65dfab20054/volumes/kubernetes.io~csi/pvc-aadf1544-cc0d-48a8-971b-741e09e58afb/mount\""
2026-06-19T12:40:10.396632929Z I0619 12:40:10.396514       1 node.go:561] "NodeGetCapabilities: called" args=""
2026-06-19T12:40:10.398066793Z I0619 12:40:10.397873       1 node.go:497] "NodeGetVolumeStats: called" args="volume_id:\"vol-0f1b453e6a7af752c\" volume_path:\"/var/lib/kubelet/pods/f8d9595e-28b9-4d5b-90c9-1331d30eef45/volumes/kubernetes.io~csi/pvc-145a2d39-444b-4f32-a485-a26454ae8b53/mount\""
2026-06-19T12:40:57.648244828Z I0619 12:40:57.648027       1 node.go:561] "NodeGetCapabilities: called" args=""
2026-06-19T12:40:57.649544649Z I0619 12:40:57.649223       1 node.go:497] "NodeGetVolumeStats: called" args="volume_id:\"vol-0dd4656eba8ec6c05\" volume_path:\"/var/lib/kubelet/pods/616e31af-f551-4c6c-a3cc-d65dfab20054/volumes/kubernetes.io~csi/pvc-aadf1544-cc0d-48a8-971b-741e09e58afb/mount\""
2026-06-19T12:41:28.326499105Z I0619 12:41:28.326262       1 node.go:561] "NodeGetCapabilities: called" args=""
2026-06-19T12:41:28.327543398Z I0619 12:41:28.327436       1 node.go:497] "NodeGetVolumeStats: called" args="volume_id:\"vol-0f1b453e6a7af752c\" volume_path:\"/var/lib/kubelet/pods/f8d9595e-28b9-4d5b-90c9-1331d30eef45/volumes/kubernetes.io~csi/pvc-145a2d39-444b-4f32-a485-a26454ae8b53/mount\""
2026-06-19T12:42:34.884508594Z I0619 12:42:34.884325       1 node.go:561] "NodeGetCapabilities: called" args=""
2026-06-19T12:42:34.885873556Z I0619 12:42:34.885639       1 node.go:497] "NodeGetVolumeStats: called" args="volume_id:\"vol-0f1b453e6a7af752c\" volume_path:\"/var/lib/kubelet/pods/f8d9595e-28b9-4d5b-90c9-1331d30eef45/volumes/kubernetes.io~csi/pvc-145a2d39-444b-4f32-a485-a26454ae8b53/mount\""
2026-06-19T12:42:37.466822815Z I0619 12:42:37.466538       1 node.go:561] "NodeGetCapabilities: called" args=""
2026-06-19T12:42:37.468051310Z I0619 12:42:37.467881       1 node.go:497] "NodeGetVolumeStats: called" args="volume_id:\"vol-0dd4656eba8ec6c05\" volume_path:\"/var/lib/kubelet/pods/616e31af-f551-4c6c-a3cc-d65dfab20054/volumes/kubernetes.io~csi/pvc-aadf1544-cc0d-48a8-971b-741e09e58afb/mount\""
2026-06-19T12:43:03.965072690Z I0619 12:43:03.964774       1 node.go:467] "NodeUnpublishVolume: called" args="volume_id:\"vol-0f1b453e6a7af752c\" target_path:\"/var/lib/kubelet/pods/f8d9595e-28b9-4d5b-90c9-1331d30eef45/volumes/kubernetes.io~csi/pvc-145a2d39-444b-4f32-a485-a26454ae8b53/mount\""
2026-06-19T12:43:03.965098619Z I0619 12:43:03.964838       1 node.go:487] "NodeUnpublishVolume: unmounting" target="/var/lib/kubelet/pods/f8d9595e-28b9-4d5b-90c9-1331d30eef45/volumes/kubernetes.io~csi/pvc-145a2d39-444b-4f32-a485-a26454ae8b53/mount"
2026-06-19T12:43:03.965552027Z I0619 12:43:03.964954       1 mount_helper_common.go:107] "/var/lib/kubelet/pods/f8d9595e-28b9-4d5b-90c9-1331d30eef45/volumes/kubernetes.io~csi/pvc-145a2d39-444b-4f32-a485-a26454ae8b53/mount" is a mountpoint, unmounting
2026-06-19T12:43:03.965563375Z I0619 12:43:03.964971       1 mount_linux.go:402] Unmounting /var/lib/kubelet/pods/f8d9595e-28b9-4d5b-90c9-1331d30eef45/volumes/kubernetes.io~csi/pvc-145a2d39-444b-4f32-a485-a26454ae8b53/mount
2026-06-19T12:43:03.971867218Z I0619 12:43:03.969555       1 mount_helper_common.go:142] "/var/lib/kubelet/pods/f8d9595e-28b9-4d5b-90c9-1331d30eef45/volumes/kubernetes.io~csi/pvc-145a2d39-444b-4f32-a485-a26454ae8b53/mount" is not a mountpoint, deleting
2026-06-19T12:43:03.971911906Z I0619 12:43:03.970039       1 node.go:483] "NodeUnpublishVolume: volume operation finished" volumeId="vol-0f1b453e6a7af752c"
2026-06-19T12:43:03.971917709Z I0619 12:43:03.970100       1 inflight.go:74] "Node Service: volume operation finished" key="vol-0f1b453e6a7af752c"
2026-06-19T12:43:04.066753943Z I0619 12:43:04.066471       1 node.go:561] "NodeGetCapabilities: called" args=""
2026-06-19T12:43:04.068171068Z I0619 12:43:04.067914       1 node.go:294] "NodeUnstageVolume: called" args="volume_id:\"vol-0f1b453e6a7af752c\" staging_target_path:\"/var/lib/kubelet/plugins/kubernetes.io/csi/ebs.csi.aws.com/3a0737de49c5edd5fa573a27f8b015f015248ae8561b82e214b2d6c4c57b2c7a/globalmount\""
2026-06-19T12:43:04.068437757Z I0619 12:43:04.068349       1 node.go:334] "NodeUnstageVolume: unmounting" target="/var/lib/kubelet/plugins/kubernetes.io/csi/ebs.csi.aws.com/3a0737de49c5edd5fa573a27f8b015f015248ae8561b82e214b2d6c4c57b2c7a/globalmount"
2026-06-19T12:43:04.068447457Z I0619 12:43:04.068381       1 mount_helper_common.go:107] "/var/lib/kubelet/plugins/kubernetes.io/csi/ebs.csi.aws.com/3a0737de49c5edd5fa573a27f8b015f015248ae8561b82e214b2d6c4c57b2c7a/globalmount" is a mountpoint, unmounting
2026-06-19T12:43:04.068509710Z I0619 12:43:04.068394       1 mount_linux.go:402] Unmounting /var/lib/kubelet/plugins/kubernetes.io/csi/ebs.csi.aws.com/3a0737de49c5edd5fa573a27f8b015f015248ae8561b82e214b2d6c4c57b2c7a/globalmount
2026-06-19T12:43:04.106215043Z I0619 12:43:04.106070       1 mount_helper_common.go:142] "/var/lib/kubelet/plugins/kubernetes.io/csi/ebs.csi.aws.com/3a0737de49c5edd5fa573a27f8b015f015248ae8561b82e214b2d6c4c57b2c7a/globalmount" is not a mountpoint, deleting
2026-06-19T12:43:04.106406465Z I0619 12:43:04.106292       1 node.go:339] "NodeUnStageVolume: successfully unstaged volume" volumeID="vol-0f1b453e6a7af752c" target="/var/lib/kubelet/plugins/kubernetes.io/csi/ebs.csi.aws.com/3a0737de49c5edd5fa573a27f8b015f015248ae8561b82e214b2d6c4c57b2c7a/globalmount"
2026-06-19T12:43:04.106426465Z I0619 12:43:04.106344       1 node.go:309] "NodeUnStageVolume: volume operation finished" volumeID="vol-0f1b453e6a7af752c"
2026-06-19T12:43:04.106430121Z I0619 12:43:04.106360       1 inflight.go:74] "Node Service: volume operation finished" key="vol-0f1b453e6a7af752c"
2026-06-19T12:43:25.315548246Z I0619 12:43:25.315387       1 node.go:467] "NodeUnpublishVolume: called" args="volume_id:\"vol-0dd4656eba8ec6c05\" target_path:\"/var/lib/kubelet/pods/616e31af-f551-4c6c-a3cc-d65dfab20054/volumes/kubernetes.io~csi/pvc-aadf1544-cc0d-48a8-971b-741e09e58afb/mount\""
2026-06-19T12:43:25.315567352Z I0619 12:43:25.315453       1 node.go:487] "NodeUnpublishVolume: unmounting" target="/var/lib/kubelet/pods/616e31af-f551-4c6c-a3cc-d65dfab20054/volumes/kubernetes.io~csi/pvc-aadf1544-cc0d-48a8-971b-741e09e58afb/mount"
2026-06-19T12:43:25.315906981Z I0619 12:43:25.315599       1 mount_helper_common.go:107] "/var/lib/kubelet/pods/616e31af-f551-4c6c-a3cc-d65dfab20054/volumes/kubernetes.io~csi/pvc-aadf1544-cc0d-48a8-971b-741e09e58afb/mount" is a mountpoint, unmounting
2026-06-19T12:43:25.315919538Z I0619 12:43:25.315619       1 mount_linux.go:402] Unmounting /var/lib/kubelet/pods/616e31af-f551-4c6c-a3cc-d65dfab20054/volumes/kubernetes.io~csi/pvc-aadf1544-cc0d-48a8-971b-741e09e58afb/mount
2026-06-19T12:43:25.319291104Z I0619 12:43:25.318062       1 mount_helper_common.go:142] "/var/lib/kubelet/pods/616e31af-f551-4c6c-a3cc-d65dfab20054/volumes/kubernetes.io~csi/pvc-aadf1544-cc0d-48a8-971b-741e09e58afb/mount" is not a mountpoint, deleting
2026-06-19T12:43:25.320922311Z I0619 12:43:25.319762       1 node.go:483] "NodeUnpublishVolume: volume operation finished" volumeId="vol-0dd4656eba8ec6c05"
2026-06-19T12:43:25.320933555Z I0619 12:43:25.319843       1 inflight.go:74] "Node Service: volume operation finished" key="vol-0dd4656eba8ec6c05"
2026-06-19T12:43:25.417313991Z I0619 12:43:25.417135       1 node.go:561] "NodeGetCapabilities: called" args=""
2026-06-19T12:43:25.418915817Z I0619 12:43:25.418792       1 node.go:294] "NodeUnstageVolume: called" args="volume_id:\"vol-0dd4656eba8ec6c05\" staging_target_path:\"/var/lib/kubelet/plugins/kubernetes.io/csi/ebs.csi.aws.com/a3020875d022d96bf740297c1a26446119e280585088af593f337663a7592153/globalmount\""
2026-06-19T12:43:25.419227227Z I0619 12:43:25.419121       1 node.go:334] "NodeUnstageVolume: unmounting" target="/var/lib/kubelet/plugins/kubernetes.io/csi/ebs.csi.aws.com/a3020875d022d96bf740297c1a26446119e280585088af593f337663a7592153/globalmount"
2026-06-19T12:43:25.419234636Z I0619 12:43:25.419152       1 mount_helper_common.go:107] "/var/lib/kubelet/plugins/kubernetes.io/csi/ebs.csi.aws.com/a3020875d022d96bf740297c1a26446119e280585088af593f337663a7592153/globalmount" is a mountpoint, unmounting
2026-06-19T12:43:25.419238272Z I0619 12:43:25.419165       1 mount_linux.go:402] Unmounting /var/lib/kubelet/plugins/kubernetes.io/csi/ebs.csi.aws.com/a3020875d022d96bf740297c1a26446119e280585088af593f337663a7592153/globalmount
2026-06-19T12:43:25.436889556Z I0619 12:43:25.436729       1 mount_helper_common.go:142] "/var/lib/kubelet/plugins/kubernetes.io/csi/ebs.csi.aws.com/a3020875d022d96bf740297c1a26446119e280585088af593f337663a7592153/globalmount" is not a mountpoint, deleting
2026-06-19T12:43:25.437025389Z I0619 12:43:25.436847       1 node.go:339] "NodeUnStageVolume: successfully unstaged volume" volumeID="vol-0dd4656eba8ec6c05" target="/var/lib/kubelet/plugins/kubernetes.io/csi/ebs.csi.aws.com/a3020875d022d96bf740297c1a26446119e280585088af593f337663a7592153/globalmount"
2026-06-19T12:43:25.437030333Z I0619 12:43:25.436865       1 node.go:309] "NodeUnStageVolume: volume operation finished" volumeID="vol-0dd4656eba8ec6c05"
2026-06-19T12:43:25.437033090Z I0619 12:43:25.436877       1 inflight.go:74] "Node Service: volume operation finished" key="vol-0dd4656eba8ec6c05"
2026-06-19T12:47:19.806291066Z I0619 12:47:19.806096       1 node.go:561] "NodeGetCapabilities: called" args=""
2026-06-19T12:47:19.811188507Z I0619 12:47:19.810964       1 node.go:561] "NodeGetCapabilities: called" args=""
2026-06-19T12:47:19.812609407Z I0619 12:47:19.812481       1 node.go:561] "NodeGetCapabilities: called" args=""
2026-06-19T12:47:19.814270561Z I0619 12:47:19.814065       1 node.go:106] "NodeStageVolume: called" args="volume_id:\"vol-0f563ad56f9dc6760\" publish_context:{key:\"devicePath\" value:\"/dev/xvdaa\"} staging_target_path:\"/var/lib/kubelet/plugins/kubernetes.io/csi/ebs.csi.aws.com/61e9413ece7ca2725b0073d20b2293a1f5744bae9d46d833ddd3a2356f9cda0e/globalmount\" volume_capability:{mount:{fs_type:\"ext4\"} access_mode:{mode:SINGLE_NODE_WRITER}} volume_context:{key:\"storage.kubernetes.io/csiProvisionerIdentity\" value:\"1781855100628-189-ebs.csi.aws.com\"}"
2026-06-19T12:47:19.814381861Z I0619 12:47:19.814206       1 mount_linux.go:95] "[Debug] Falling back to nvme volume ID lookup" devicePath="/dev/xvdaa"
2026-06-19T12:47:19.814387502Z I0619 12:47:19.814307       1 mount_linux.go:107] "[Debug] successfully resolved" nvmeName="nvme-Amazon_Elastic_Block_Store_vol0f563ad56f9dc6760" nvmeDevicePath="/dev/nvme1n1"
2026-06-19T12:47:19.817659768Z I0619 12:47:19.817001       1 node.go:207] "NodeStageVolume: find device path" devicePath="/dev/xvdaa" source="/dev/nvme1n1"
2026-06-19T12:47:19.817680446Z I0619 12:47:19.817232       1 node.go:235] "NodeStageVolume: checking if volume is already staged" device="" source="/dev/nvme1n1" target="/var/lib/kubelet/plugins/kubernetes.io/csi/ebs.csi.aws.com/61e9413ece7ca2725b0073d20b2293a1f5744bae9d46d833ddd3a2356f9cda0e/globalmount"
2026-06-19T12:47:19.817684238Z I0619 12:47:19.817255       1 node.go:242] "NodeStageVolume: staging volume" source="/dev/nvme1n1" volumeID="vol-0f563ad56f9dc6760" target="/var/lib/kubelet/plugins/kubernetes.io/csi/ebs.csi.aws.com/61e9413ece7ca2725b0073d20b2293a1f5744bae9d46d833ddd3a2356f9cda0e/globalmount" fstype="ext4"
2026-06-19T12:47:19.817687126Z I0619 12:47:19.817270       1 mount_linux.go:670] Attempting to determine if disk "/dev/nvme1n1" is formatted using blkid with args: ([-p -s TYPE -s PTTYPE -o export /dev/nvme1n1])
2026-06-19T12:47:19.842913204Z I0619 12:47:19.842588       1 mount_linux.go:673] Output: ""
2026-06-19T12:47:19.842950384Z I0619 12:47:19.842613       1 mount_linux.go:608] Disk "/dev/nvme1n1" appears to be unformatted, attempting to format as type: "ext4" with options: [-F -m0 /dev/nvme1n1]
2026-06-19T12:47:20.000783921Z I0619 12:47:20.000563       1 mount_linux.go:619] Disk successfully formatted (mkfs): ext4 - /dev/nvme1n1 /var/lib/kubelet/plugins/kubernetes.io/csi/ebs.csi.aws.com/61e9413ece7ca2725b0073d20b2293a1f5744bae9d46d833ddd3a2356f9cda0e/globalmount
2026-06-19T12:47:20.000944257Z I0619 12:47:20.000589       1 mount_linux.go:637] Attempting to mount disk /dev/nvme1n1 in ext4 format at /var/lib/kubelet/plugins/kubernetes.io/csi/ebs.csi.aws.com/61e9413ece7ca2725b0073d20b2293a1f5744bae9d46d833ddd3a2356f9cda0e/globalmount
2026-06-19T12:47:20.000948545Z I0619 12:47:20.000606       1 mount_linux.go:260] Mounting cmd (mount) with arguments (-t ext4 -o defaults /dev/nvme1n1 /var/lib/kubelet/plugins/kubernetes.io/csi/ebs.csi.aws.com/61e9413ece7ca2725b0073d20b2293a1f5744bae9d46d833ddd3a2356f9cda0e/globalmount)
2026-06-19T12:47:20.018320572Z I0619 12:47:20.014942       1 mount_linux.go:670] Attempting to determine if disk "/dev/nvme1n1" is formatted using blkid with args: ([-p -s TYPE -s PTTYPE -o export /dev/nvme1n1])
2026-06-19T12:47:20.042859413Z I0619 12:47:20.042515       1 mount_linux.go:673] Output: "DEVNAME=/dev/nvme1n1\nTYPE=ext4\n"
2026-06-19T12:47:20.042921457Z I0619 12:47:20.042561       1 node.go:284] "Volume needs resizing" source="/dev/nvme1n1"
2026-06-19T12:47:20.042925433Z I0619 12:47:20.042569       1 mount_linux.go:670] Attempting to determine if disk "/dev/nvme1n1" is formatted using blkid with args: ([-p -s TYPE -s PTTYPE -o export /dev/nvme1n1])
2026-06-19T12:47:20.047975257Z I0619 12:47:20.047628       1 mount_linux.go:673] Output: "DEVNAME=/dev/nvme1n1\nTYPE=ext4\n"
2026-06-19T12:47:20.048147648Z I0619 12:47:20.047654       1 resizefs_linux.go:59] ResizeFS.Resize - Expanding mounted volume /dev/nvme1n1
2026-06-19T12:47:20.053216740Z I0619 12:47:20.050236       1 resizefs_linux.go:74] Device /dev/nvme1n1 resized successfully
2026-06-19T12:47:20.053232466Z I0619 12:47:20.050274       1 node.go:289] "NodeStageVolume: successfully staged volume" source="/dev/nvme1n1" volumeID="vol-0f563ad56f9dc6760" target="/var/lib/kubelet/plugins/kubernetes.io/csi/ebs.csi.aws.com/61e9413ece7ca2725b0073d20b2293a1f5744bae9d46d833ddd3a2356f9cda0e/globalmount" fstype="ext4"
2026-06-19T12:47:20.053249131Z I0619 12:47:20.050295       1 node.go:184] "NodeStageVolume: volume operation finished" volumeID="vol-0f563ad56f9dc6760"
2026-06-19T12:47:20.053251525Z I0619 12:47:20.050307       1 inflight.go:74] "Node Service: volume operation finished" key="vol-0f563ad56f9dc6760"
2026-06-19T12:47:20.053254856Z I0619 12:47:20.052103       1 node.go:561] "NodeGetCapabilities: called" args=""
2026-06-19T12:47:20.057570195Z I0619 12:47:20.057313       1 node.go:561] "NodeGetCapabilities: called" args=""
2026-06-19T12:47:20.059745791Z I0619 12:47:20.059565       1 node.go:561] "NodeGetCapabilities: called" args=""
2026-06-19T12:47:20.061750191Z I0619 12:47:20.061172       1 node.go:414] "NodePublishVolume: called" args="volume_id:\"vol-0f563ad56f9dc6760\" publish_context:{key:\"devicePath\" value:\"/dev/xvdaa\"} staging_target_path:\"/var/lib/kubelet/plugins/kubernetes.io/csi/ebs.csi.aws.com/61e9413ece7ca2725b0073d20b2293a1f5744bae9d46d833ddd3a2356f9cda0e/globalmount\" target_path:\"/var/lib/kubelet/pods/a9ead512-bddd-4879-9366-7bcc599f63aa/volumes/kubernetes.io~csi/pvc-e2c608ed-9f91-4b79-b288-3d1c3131687b/mount\" volume_capability:{mount:{fs_type:\"ext4\"} access_mode:{mode:SINGLE_NODE_WRITER}} volume_context:{key:\"storage.kubernetes.io/csiProvisionerIdentity\" value:\"1781855100628-189-ebs.csi.aws.com\"}"
2026-06-19T12:47:20.061764428Z I0619 12:47:20.061284       1 mount_linux.go:197] "NodePublishVolume: creating dir" target="/var/lib/kubelet/pods/a9ead512-bddd-4879-9366-7bcc599f63aa/volumes/kubernetes.io~csi/pvc-e2c608ed-9f91-4b79-b288-3d1c3131687b/mount"
2026-06-19T12:47:20.061768856Z I0619 12:47:20.061400       1 node.go:764] "NodePublishVolume: mounting" source="/var/lib/kubelet/plugins/kubernetes.io/csi/ebs.csi.aws.com/61e9413ece7ca2725b0073d20b2293a1f5744bae9d46d833ddd3a2356f9cda0e/globalmount" target="/var/lib/kubelet/pods/a9ead512-bddd-4879-9366-7bcc599f63aa/volumes/kubernetes.io~csi/pvc-e2c608ed-9f91-4b79-b288-3d1c3131687b/mount" mountOptions=["bind"] fsType="ext4"
2026-06-19T12:47:20.061771528Z I0619 12:47:20.061431       1 mount_linux.go:260] Mounting cmd (mount) with arguments (-t ext4 -o bind /var/lib/kubelet/plugins/kubernetes.io/csi/ebs.csi.aws.com/61e9413ece7ca2725b0073d20b2293a1f5744bae9d46d833ddd3a2356f9cda0e/globalmount /var/lib/kubelet/pods/a9ead512-bddd-4879-9366-7bcc599f63aa/volumes/kubernetes.io~csi/pvc-e2c608ed-9f91-4b79-b288-3d1c3131687b/mount)
2026-06-19T12:47:20.069937547Z I0619 12:47:20.067820       1 mount_linux.go:260] Mounting cmd (mount) with arguments (-t ext4 -o bind,remount /var/lib/kubelet/plugins/kubernetes.io/csi/ebs.csi.aws.com/61e9413ece7ca2725b0073d20b2293a1f5744bae9d46d833ddd3a2356f9cda0e/globalmount /var/lib/kubelet/pods/a9ead512-bddd-4879-9366-7bcc599f63aa/volumes/kubernetes.io~csi/pvc-e2c608ed-9f91-4b79-b288-3d1c3131687b/mount)
2026-06-19T12:47:20.071445707Z I0619 12:47:20.071302       1 node.go:443] "NodePublishVolume: volume operation finished" volumeId="vol-0f563ad56f9dc6760"
2026-06-19T12:47:20.071580673Z I0619 12:47:20.071510       1 inflight.go:74] "Node Service: volume operation finished" key="vol-0f563ad56f9dc6760"
2026-06-19T12:48:05.249579495Z I0619 12:48:05.249290       1 node.go:561] "NodeGetCapabilities: called" args=""
2026-06-19T12:48:05.250782375Z I0619 12:48:05.250639       1 node.go:497] "NodeGetVolumeStats: called" args="volume_id:\"vol-0f563ad56f9dc6760\" volume_path:\"/var/lib/kubelet/pods/a9ead512-bddd-4879-9366-7bcc599f63aa/volumes/kubernetes.io~csi/pvc-e2c608ed-9f91-4b79-b288-3d1c3131687b/mount\""
2026-06-19T12:49:32.346283752Z I0619 12:49:32.346136       1 node.go:561] "NodeGetCapabilities: called" args=""
2026-06-19T12:49:32.347362211Z I0619 12:49:32.347262       1 node.go:497] "NodeGetVolumeStats: called" args="volume_id:\"vol-0f563ad56f9dc6760\" volume_path:\"/var/lib/kubelet/pods/a9ead512-bddd-4879-9366-7bcc599f63aa/volumes/kubernetes.io~csi/pvc-e2c608ed-9f91-4b79-b288-3d1c3131687b/mount\""
2026-06-19T12:50:32.966989187Z I0619 12:50:32.966818       1 node.go:561] "NodeGetCapabilities: called" args=""
2026-06-19T12:50:32.968147260Z I0619 12:50:32.968006       1 node.go:497] "NodeGetVolumeStats: called" args="volume_id:\"vol-0f563ad56f9dc6760\" volume_path:\"/var/lib/kubelet/pods/a9ead512-bddd-4879-9366-7bcc599f63aa/volumes/kubernetes.io~csi/pvc-e2c608ed-9f91-4b79-b288-3d1c3131687b/mount\""
2026-06-19T12:52:30.858418947Z I0619 12:52:30.858238       1 node.go:561] "NodeGetCapabilities: called" args=""
2026-06-19T12:52:30.859671978Z I0619 12:52:30.859543       1 node.go:497] "NodeGetVolumeStats: called" args="volume_id:\"vol-0f563ad56f9dc6760\" volume_path:\"/var/lib/kubelet/pods/a9ead512-bddd-4879-9366-7bcc599f63aa/volumes/kubernetes.io~csi/pvc-e2c608ed-9f91-4b79-b288-3d1c3131687b/mount\""
2026-06-19T12:54:10.758736373Z I0619 12:54:10.758447       1 node.go:561] "NodeGetCapabilities: called" args=""
2026-06-19T12:54:10.759774707Z I0619 12:54:10.759612       1 node.go:497] "NodeGetVolumeStats: called" args="volume_id:\"vol-0f563ad56f9dc6760\" volume_path:\"/var/lib/kubelet/pods/a9ead512-bddd-4879-9366-7bcc599f63aa/volumes/kubernetes.io~csi/pvc-e2c608ed-9f91-4b79-b288-3d1c3131687b/mount\""
2026-06-19T12:55:32.761109462Z I0619 12:55:32.760937       1 node.go:561] "NodeGetCapabilities: called" args=""
2026-06-19T12:55:32.762667800Z I0619 12:55:32.762505       1 node.go:497] "NodeGetVolumeStats: called" args="volume_id:\"vol-0f563ad56f9dc6760\" volume_path:\"/var/lib/kubelet/pods/a9ead512-bddd-4879-9366-7bcc599f63aa/volumes/kubernetes.io~csi/pvc-e2c608ed-9f91-4b79-b288-3d1c3131687b/mount\""
2026-06-19T12:56:44.810204181Z I0619 12:56:44.809969       1 node.go:561] "NodeGetCapabilities: called" args=""
2026-06-19T12:56:44.811381942Z I0619 12:56:44.811201       1 node.go:497] "NodeGetVolumeStats: called" args="volume_id:\"vol-0f563ad56f9dc6760\" volume_path:\"/var/lib/kubelet/pods/a9ead512-bddd-4879-9366-7bcc599f63aa/volumes/kubernetes.io~csi/pvc-e2c608ed-9f91-4b79-b288-3d1c3131687b/mount\""
