2026-06-19T12:47:07.280143740Z time=2026-06-19T12:47:07.279Z level=INFO source=node_exporter.go:217 msg="Starting node_exporter" version="(version=1.11.1, branch=HEAD, revision=0dd664dece3f8319f6bec5a221acd2c7ad13a23d)"
2026-06-19T12:47:07.280188854Z time=2026-06-19T12:47:07.279Z level=INFO source=node_exporter.go:218 msg="Build context" build_context="(go=go1.26.1, platform=linux/amd64, user=root@3d8697c83dd8, date=20260407-15:45:19, tags=unknown)"
2026-06-19T12:47:07.281796434Z time=2026-06-19T12:47:07.281Z level=INFO source=diskstats_common.go:110 msg="Parsed flag --collector.diskstats.device-exclude" collector=diskstats flag=^(z?ram|loop|fd|(h|s|v|xv)d[a-z]|nvme\d+n\d+p)\d+$
2026-06-19T12:47:07.282953824Z time=2026-06-19T12:47:07.281Z level=ERROR source=diskstats_linux.go:255 msg="Failed to open directory, disabling udev device properties" collector=diskstats path=/run/udev/data
2026-06-19T12:47:07.283228390Z time=2026-06-19T12:47:07.283Z level=INFO source=filesystem_common.go:263 msg="Parsed flag --collector.filesystem.mount-points-exclude" collector=filesystem flag=^/(dev|proc|sys|var/lib/docker/.+|var/lib/kubelet/.+)($|/)
2026-06-19T12:47:07.283240722Z time=2026-06-19T12:47:07.283Z level=INFO source=filesystem_common.go:292 msg="Parsed flag --collector.filesystem.fs-types-exclude" collector=filesystem flag=^(autofs|binfmt_misc|bpf|cgroup2?|configfs|debugfs|devpts|devtmpfs|fusectl|hugetlbfs|iso9660|mqueue|nsfs|overlay|proc|procfs|pstore|rpc_pipefs|securityfs|selinuxfs|squashfs|erofs|sysfs|tracefs)$
2026-06-19T12:47:07.283656753Z time=2026-06-19T12:47:07.283Z level=INFO source=node_exporter.go:136 msg="Enabled collectors"
2026-06-19T12:47:07.283664796Z time=2026-06-19T12:47:07.283Z level=INFO source=node_exporter.go:142 msg=arp
2026-06-19T12:47:07.283677225Z time=2026-06-19T12:47:07.283Z level=INFO source=node_exporter.go:142 msg=bcache
2026-06-19T12:47:07.283690759Z time=2026-06-19T12:47:07.283Z level=INFO source=node_exporter.go:142 msg=bcachefs
2026-06-19T12:47:07.283693521Z time=2026-06-19T12:47:07.283Z level=INFO source=node_exporter.go:142 msg=bonding
2026-06-19T12:47:07.283695697Z time=2026-06-19T12:47:07.283Z level=INFO source=node_exporter.go:142 msg=btrfs
2026-06-19T12:47:07.283697907Z time=2026-06-19T12:47:07.283Z level=INFO source=node_exporter.go:142 msg=conntrack
2026-06-19T12:47:07.285172817Z time=2026-06-19T12:47:07.284Z level=INFO source=node_exporter.go:142 msg=cpu
2026-06-19T12:47:07.285186665Z time=2026-06-19T12:47:07.284Z level=INFO source=node_exporter.go:142 msg=cpufreq
2026-06-19T12:47:07.285190005Z time=2026-06-19T12:47:07.284Z level=INFO source=node_exporter.go:142 msg=diskstats
2026-06-19T12:47:07.285192622Z time=2026-06-19T12:47:07.284Z level=INFO source=node_exporter.go:142 msg=dmi
2026-06-19T12:47:07.285195205Z time=2026-06-19T12:47:07.284Z level=INFO source=node_exporter.go:142 msg=edac
2026-06-19T12:47:07.285197564Z time=2026-06-19T12:47:07.284Z level=INFO source=node_exporter.go:142 msg=entropy
2026-06-19T12:47:07.285200062Z time=2026-06-19T12:47:07.284Z level=INFO source=node_exporter.go:142 msg=fibrechannel
2026-06-19T12:47:07.285202466Z time=2026-06-19T12:47:07.284Z level=INFO source=node_exporter.go:142 msg=filefd
2026-06-19T12:47:07.285204766Z time=2026-06-19T12:47:07.284Z level=INFO source=node_exporter.go:142 msg=filesystem
2026-06-19T12:47:07.285207413Z time=2026-06-19T12:47:07.284Z level=INFO source=node_exporter.go:142 msg=hwmon
2026-06-19T12:47:07.285209635Z time=2026-06-19T12:47:07.284Z level=INFO source=node_exporter.go:142 msg=infiniband
2026-06-19T12:47:07.285211828Z time=2026-06-19T12:47:07.284Z level=INFO source=node_exporter.go:142 msg=ipvs
2026-06-19T12:47:07.285213967Z time=2026-06-19T12:47:07.284Z level=INFO source=node_exporter.go:142 msg=kernel_hung
2026-06-19T12:47:07.285216204Z time=2026-06-19T12:47:07.284Z level=INFO source=node_exporter.go:142 msg=loadavg
2026-06-19T12:47:07.285237469Z time=2026-06-19T12:47:07.284Z level=INFO source=node_exporter.go:142 msg=mdadm
2026-06-19T12:47:07.285240242Z time=2026-06-19T12:47:07.284Z level=INFO source=node_exporter.go:142 msg=meminfo
2026-06-19T12:47:07.285242656Z time=2026-06-19T12:47:07.284Z level=INFO source=node_exporter.go:142 msg=netclass
2026-06-19T12:47:07.285244976Z time=2026-06-19T12:47:07.284Z level=INFO source=node_exporter.go:142 msg=netdev
2026-06-19T12:47:07.285247485Z time=2026-06-19T12:47:07.284Z level=INFO source=node_exporter.go:142 msg=netstat
2026-06-19T12:47:07.285249741Z time=2026-06-19T12:47:07.284Z level=INFO source=node_exporter.go:142 msg=nfs
2026-06-19T12:47:07.285252116Z time=2026-06-19T12:47:07.284Z level=INFO source=node_exporter.go:142 msg=nfsd
2026-06-19T12:47:07.285254411Z time=2026-06-19T12:47:07.284Z level=INFO source=node_exporter.go:142 msg=nvme
2026-06-19T12:47:07.285256802Z time=2026-06-19T12:47:07.284Z level=INFO source=node_exporter.go:142 msg=os
2026-06-19T12:47:07.285259056Z time=2026-06-19T12:47:07.284Z level=INFO source=node_exporter.go:142 msg=powersupplyclass
2026-06-19T12:47:07.285261483Z time=2026-06-19T12:47:07.284Z level=INFO source=node_exporter.go:142 msg=pressure
2026-06-19T12:47:07.285263958Z time=2026-06-19T12:47:07.284Z level=INFO source=node_exporter.go:142 msg=rapl
2026-06-19T12:47:07.285266214Z time=2026-06-19T12:47:07.284Z level=INFO source=node_exporter.go:142 msg=schedstat
2026-06-19T12:47:07.285268347Z time=2026-06-19T12:47:07.284Z level=INFO source=node_exporter.go:142 msg=selinux
2026-06-19T12:47:07.285270813Z time=2026-06-19T12:47:07.284Z level=INFO source=node_exporter.go:142 msg=sockstat
2026-06-19T12:47:07.285273300Z time=2026-06-19T12:47:07.284Z level=INFO source=node_exporter.go:142 msg=softnet
2026-06-19T12:47:07.285275815Z time=2026-06-19T12:47:07.284Z level=INFO source=node_exporter.go:142 msg=stat
2026-06-19T12:47:07.285278390Z time=2026-06-19T12:47:07.284Z level=INFO source=node_exporter.go:142 msg=tapestats
2026-06-19T12:47:07.285280877Z time=2026-06-19T12:47:07.284Z level=INFO source=node_exporter.go:142 msg=textfile
2026-06-19T12:47:07.285283679Z time=2026-06-19T12:47:07.284Z level=INFO source=node_exporter.go:142 msg=thermal_zone
2026-06-19T12:47:07.285286045Z time=2026-06-19T12:47:07.284Z level=INFO source=node_exporter.go:142 msg=time
2026-06-19T12:47:07.285288235Z time=2026-06-19T12:47:07.284Z level=INFO source=node_exporter.go:142 msg=timex
2026-06-19T12:47:07.285290523Z time=2026-06-19T12:47:07.284Z level=INFO source=node_exporter.go:142 msg=udp_queues
2026-06-19T12:47:07.285293089Z time=2026-06-19T12:47:07.284Z level=INFO source=node_exporter.go:142 msg=uname
2026-06-19T12:47:07.285295453Z time=2026-06-19T12:47:07.284Z level=INFO source=node_exporter.go:142 msg=vmstat
2026-06-19T12:47:07.285297699Z time=2026-06-19T12:47:07.284Z level=INFO source=node_exporter.go:142 msg=watchdog
2026-06-19T12:47:07.285300128Z time=2026-06-19T12:47:07.284Z level=INFO source=node_exporter.go:142 msg=xfs
2026-06-19T12:47:07.285302491Z time=2026-06-19T12:47:07.284Z level=INFO source=node_exporter.go:142 msg=zfs
2026-06-19T12:47:07.305355163Z time=2026-06-19T12:47:07.305Z level=INFO source=tls_config.go:354 msg="Listening on" address=[::]:9100
2026-06-19T12:47:07.305380017Z time=2026-06-19T12:47:07.305Z level=INFO source=tls_config.go:357 msg="TLS is disabled." http2=false address=[::]:9100
