2026-06-19T10:00:00.295093933Z I0619 10:00:00.293848      11 schedule_one.go:337] "Successfully bound pod to node" pod="kubentic-foresight/kubentic-agent-kubentic-agent-29697720-gqhrb" node="i-0d94ada325e8491c5" evaluatedNodes=3 feasibleNodes=2
2026-06-19T10:02:42.476660068Z I0619 10:02:42.476401      11 schedule_one.go:337] "Successfully bound pod to node" pod="voting/vote-667f48bd7c-nm7g2" node="i-0ecec600693268f66" evaluatedNodes=3 feasibleNodes=2
2026-06-19T10:13:41.366104721Z I0619 10:13:41.365919      11 schedule_one.go:337] "Successfully bound pod to node" pod="voting/vote-8f9979fc-5tjv2" node="i-0ecec600693268f66" evaluatedNodes=3 feasibleNodes=2
2026-06-19T10:13:49.923140117Z I0619 10:13:49.922711      11 schedule_one.go:337] "Successfully bound pod to node" pod="voting/worker-79f5899f7d-hmtdb" node="i-0ecec600693268f66" evaluatedNodes=3 feasibleNodes=2
2026-06-19T10:15:30.159006016Z I0619 10:15:30.158774      11 schedule_one.go:337] "Successfully bound pod to node" pod="voting/worker-d4d849f76-nnb9z" node="i-0d94ada325e8491c5" evaluatedNodes=3 feasibleNodes=2
2026-06-19T10:24:56.470287388Z I0619 10:24:56.468531      11 schedule_one.go:337] "Successfully bound pod to node" pod="voting/redis-69f5974b5-mglsv" node="i-0ecec600693268f66" evaluatedNodes=3 feasibleNodes=2
2026-06-19T10:25:59.203390022Z I0619 10:25:59.202365      11 schedule_one.go:337] "Successfully bound pod to node" pod="voting/result-78d74bdfdb-4qkkh" node="i-0ecec600693268f66" evaluatedNodes=3 feasibleNodes=2
2026-06-19T10:39:40.782979552Z I0619 10:39:40.782810      11 schedule_one.go:337] "Successfully bound pod to node" pod="voting/vote-6df4b645fc-4ctg4" node="i-0d94ada325e8491c5" evaluatedNodes=3 feasibleNodes=2
2026-06-19T11:00:00.203573931Z I0619 11:00:00.202907      11 schedule_one.go:337] "Successfully bound pod to node" pod="kubentic-foresight/kubentic-agent-kubentic-agent-29697780-bwcrj" node="i-0d94ada325e8491c5" evaluatedNodes=3 feasibleNodes=2
2026-06-19T11:53:28.685612299Z I0619 11:53:28.684156      11 schedule_one.go:337] "Successfully bound pod to node" pod="kubentic-foresight/kubentic-victoria-metrics-operator-cleanup-hook-449jt" node="i-0ecec600693268f66" evaluatedNodes=3 feasibleNodes=2
2026-06-19T11:59:55.358224397Z I0619 11:59:55.357765      11 schedule_one.go:337] "Successfully bound pod to node" pod="kubentic-foresight/kubentic-subscription-check-m8brr" node="i-0d94ada325e8491c5" evaluatedNodes=3 feasibleNodes=2
2026-06-19T12:01:54.446229759Z I0619 12:01:54.445967      11 schedule_one.go:337] "Successfully bound pod to node" pod="kubentic-foresight/kubentic-victoria-metrics-operator-cleanup-hook-4xwd5" node="i-0d94ada325e8491c5" evaluatedNodes=3 feasibleNodes=2
2026-06-19T12:09:15.331105456Z I0619 12:09:15.330804      11 schedule_one.go:337] "Successfully bound pod to node" pod="kubentic-foresight/kubentic-subscription-check-5qs6g" node="i-0d94ada325e8491c5" evaluatedNodes=3 feasibleNodes=2
2026-06-19T12:09:27.715343377Z I0619 12:09:27.715028      11 schedule_one.go:337] "Successfully bound pod to node" pod="kubentic-foresight/kubentic-prometheus-node-exporter-g5svk" node="i-0010bc1572a60c430" evaluatedNodes=1 feasibleNodes=1
2026-06-19T12:09:27.717396641Z I0619 12:09:27.717109      11 schedule_one.go:337] "Successfully bound pod to node" pod="kubentic-foresight/kubentic-vector-6786w" node="i-0010bc1572a60c430" evaluatedNodes=1 feasibleNodes=1
2026-06-19T12:09:27.730212737Z I0619 12:09:27.727734      11 schedule_one.go:337] "Successfully bound pod to node" pod="kubentic-foresight/kubentic-prometheus-node-exporter-4lxmg" node="i-0d94ada325e8491c5" evaluatedNodes=1 feasibleNodes=1
2026-06-19T12:09:27.797747466Z I0619 12:09:27.797254      11 schedule_one.go:337] "Successfully bound pod to node" pod="kubentic-foresight/kubentic-vector-hrshv" node="i-0d94ada325e8491c5" evaluatedNodes=1 feasibleNodes=1
2026-06-19T12:09:27.811681962Z I0619 12:09:27.811480      11 schedule_one.go:337] "Successfully bound pod to node" pod="kubentic-foresight/kubentic-vector-lbn64" node="i-0ecec600693268f66" evaluatedNodes=1 feasibleNodes=1
2026-06-19T12:09:27.816311199Z I0619 12:09:27.816083      11 schedule_one.go:337] "Successfully bound pod to node" pod="kubentic-foresight/kubentic-prometheus-node-exporter-6rrfd" node="i-0ecec600693268f66" evaluatedNodes=1 feasibleNodes=1
2026-06-19T12:09:28.028431551Z I0619 12:09:28.027933      11 schedule_one.go:337] "Successfully bound pod to node" pod="kubentic-foresight/kubentic-operator-7fd99bd6d7-xhh4l" node="i-0d94ada325e8491c5" evaluatedNodes=3 feasibleNodes=2
2026-06-19T12:09:28.119240382Z I0619 12:09:28.118410      11 schedule_one.go:337] "Successfully bound pod to node" pod="kubentic-foresight/kubentic-kube-state-metrics-84b958ff7-crh46" node="i-0d94ada325e8491c5" evaluatedNodes=3 feasibleNodes=2
2026-06-19T12:09:28.280649858Z I0619 12:09:28.242777      11 schedule_one.go:337] "Successfully bound pod to node" pod="kubentic-foresight/kubentic-grafana-7bbf74d8d-84p8x" node="i-0d94ada325e8491c5" evaluatedNodes=3 feasibleNodes=2
2026-06-19T12:09:28.404755109Z I0619 12:09:28.363386      11 schedule_one.go:337] "Successfully bound pod to node" pod="kubentic-foresight/kubentic-victoria-metrics-operator-5f96779cb6-pzc9k" node="i-0ecec600693268f66" evaluatedNodes=3 feasibleNodes=2
2026-06-19T12:09:31.637458726Z I0619 12:09:31.636877      11 binder.go:720] "All PVCs for pod are bound" pod="kubentic-foresight/vlogs-server-0"
2026-06-19T12:09:31.646725384Z I0619 12:09:31.645190      11 schedule_one.go:337] "Successfully bound pod to node" pod="kubentic-foresight/vlogs-server-0" node="i-0ecec600693268f66" evaluatedNodes=3 feasibleNodes=2
2026-06-19T12:09:32.489498138Z I0619 12:09:32.488972      11 schedule_one.go:337] "Successfully bound pod to node" pod="kubentic-foresight/vmagent-vmstack-79cbcf4595-5vptx" node="i-0d94ada325e8491c5" evaluatedNodes=3 feasibleNodes=2
2026-06-19T12:09:35.293628465Z I0619 12:09:35.293351      11 binder.go:720] "All PVCs for pod are bound" pod="kubentic-foresight/vmsingle-vmstack-6fd779f668-6v9nw"
2026-06-19T12:09:35.303142836Z I0619 12:09:35.302613      11 schedule_one.go:337] "Successfully bound pod to node" pod="kubentic-foresight/vmsingle-vmstack-6fd779f668-6v9nw" node="i-0ecec600693268f66" evaluatedNodes=3 feasibleNodes=2
2026-06-19T12:11:50.898397714Z I0619 12:11:50.898035      11 schedule_one.go:337] "Successfully bound pod to node" pod="kubentic-foresight/test-1-8472p" node="i-0d94ada325e8491c5" evaluatedNodes=3 feasibleNodes=2
2026-06-19T12:14:04.100606633Z I0619 12:14:04.100382      11 schedule_one.go:337] "Successfully bound pod to node" pod="kubentic-foresight/test-2-87mjh" node="i-0d94ada325e8491c5" evaluatedNodes=3 feasibleNodes=2
2026-06-19T12:42:06.563159690Z I0619 12:42:06.562133      11 schedule_one.go:337] "Successfully bound pod to node" pod="kubentic-foresight/test-3-95fc4" node="i-0d94ada325e8491c5" evaluatedNodes=3 feasibleNodes=2
2026-06-19T12:43:00.140194950Z I0619 12:43:00.139816      11 schedule_one.go:337] "Successfully bound pod to node" pod="kubentic-foresight/kubentic-victoria-metrics-operator-cleanup-hook-4hnqr" node="i-0d94ada325e8491c5" evaluatedNodes=3 feasibleNodes=2
2026-06-19T12:46:55.403986493Z I0619 12:46:55.403702      11 schedule_one.go:337] "Successfully bound pod to node" pod="kubentic-foresight/kubentic-subscription-check-95nh5" node="i-0d94ada325e8491c5" evaluatedNodes=3 feasibleNodes=2
2026-06-19T12:47:05.994800317Z I0619 12:47:05.980295      11 schedule_one.go:337] "Successfully bound pod to node" pod="kubentic-foresight/kubentic-vector-lbz7l" node="i-0010bc1572a60c430" evaluatedNodes=1 feasibleNodes=1
2026-06-19T12:47:05.994815881Z I0619 12:47:05.989453      11 schedule_one.go:337] "Successfully bound pod to node" pod="kubentic-foresight/kubentic-prometheus-node-exporter-jp6jt" node="i-0010bc1572a60c430" evaluatedNodes=1 feasibleNodes=1
2026-06-19T12:47:06.016974100Z I0619 12:47:06.016438      11 schedule_one.go:337] "Successfully bound pod to node" pod="kubentic-foresight/kubentic-vector-pcs5f" node="i-0d94ada325e8491c5" evaluatedNodes=1 feasibleNodes=1
2026-06-19T12:47:06.036455504Z I0619 12:47:06.035678      11 schedule_one.go:337] "Successfully bound pod to node" pod="kubentic-foresight/kubentic-vector-m2zhn" node="i-0ecec600693268f66" evaluatedNodes=1 feasibleNodes=1
2026-06-19T12:47:06.056593586Z I0619 12:47:06.055947      11 schedule_one.go:337] "Successfully bound pod to node" pod="kubentic-foresight/kubentic-prometheus-node-exporter-q29br" node="i-0ecec600693268f66" evaluatedNodes=1 feasibleNodes=1
2026-06-19T12:47:06.065179901Z I0619 12:47:06.064924      11 schedule_one.go:337] "Successfully bound pod to node" pod="kubentic-foresight/kubentic-prometheus-node-exporter-xxtgb" node="i-0d94ada325e8491c5" evaluatedNodes=1 feasibleNodes=1
2026-06-19T12:47:06.605600786Z I0619 12:47:06.579437      11 schedule_one.go:337] "Successfully bound pod to node" pod="kubentic-foresight/kubentic-operator-6f8fdb4795-tqxpt" node="i-0d94ada325e8491c5" evaluatedNodes=3 feasibleNodes=2
2026-06-19T12:47:06.621539707Z I0619 12:47:06.621089      11 schedule_one.go:337] "Successfully bound pod to node" pod="kubentic-foresight/kubentic-victoria-metrics-operator-5f96779cb6-qjkx7" node="i-0d94ada325e8491c5" evaluatedNodes=3 feasibleNodes=2
2026-06-19T12:47:06.698649684Z I0619 12:47:06.697738      11 schedule_one.go:337] "Successfully bound pod to node" pod="kubentic-foresight/kubentic-kube-state-metrics-84b958ff7-p2tr8" node="i-0ecec600693268f66" evaluatedNodes=3 feasibleNodes=2
2026-06-19T12:47:06.698665169Z I0619 12:47:06.698067      11 schedule_one.go:337] "Successfully bound pod to node" pod="kubentic-foresight/kubentic-grafana-7bbf74d8d-svxft" node="i-0d94ada325e8491c5" evaluatedNodes=3 feasibleNodes=2
2026-06-19T12:47:09.642656166Z I0619 12:47:09.642390      11 schedule_one.go:337] "Successfully bound pod to node" pod="kubentic-foresight/vmagent-vmstack-79cbcf4595-5jnr9" node="i-0ecec600693268f66" evaluatedNodes=3 feasibleNodes=2
2026-06-19T12:47:10.052001783Z I0619 12:47:10.051486      11 binder.go:720] "All PVCs for pod are bound" pod="kubentic-foresight/vlogs-server-0"
2026-06-19T12:47:10.060675679Z I0619 12:47:10.060345      11 schedule_one.go:337] "Successfully bound pod to node" pod="kubentic-foresight/vlogs-server-0" node="i-0ecec600693268f66" evaluatedNodes=3 feasibleNodes=2
2026-06-19T12:47:17.338394141Z I0619 12:47:17.338172      11 binder.go:720] "All PVCs for pod are bound" pod="kubentic-foresight/vmsingle-vmstack-6fd779f668-5d8gm"
2026-06-19T12:47:17.345983642Z I0619 12:47:17.345685      11 schedule_one.go:337] "Successfully bound pod to node" pod="kubentic-foresight/vmsingle-vmstack-6fd779f668-5d8gm" node="i-0d94ada325e8491c5" evaluatedNodes=3 feasibleNodes=2
2026-06-19T12:49:16.869213793Z I0619 12:49:16.869016      11 schedule_one.go:337] "Successfully bound pod to node" pod="kubentic-foresight/test-4-x28ln" node="i-0ecec600693268f66" evaluatedNodes=3 feasibleNodes=2
2026-06-19T12:57:30.361694891Z I0619 12:57:30.360132      11 schedule_one.go:337] "Successfully bound pod to node" pod="kubentic-foresight/test-1-5wrvh" node="i-0ecec600693268f66" evaluatedNodes=3 feasibleNodes=2
