2026-06-19T12:47:06.778805779Z time=2026-06-19T12:47:06.777Z level=INFO source=node_exporter.go:217 msg="Starting node_exporter" version="(version=1.11.1, branch=HEAD, revision=0dd664dece3f8319f6bec5a221acd2c7ad13a23d)"
2026-06-19T12:47:06.778848930Z time=2026-06-19T12:47:06.777Z level=INFO source=node_exporter.go:218 msg="Build context" build_context="(go=go1.26.1, platform=linux/amd64, user=root@3d8697c83dd8, date=20260407-15:45:19, tags=unknown)"
2026-06-19T12:47:06.779010335Z time=2026-06-19T12:47:06.778Z level=INFO source=filesystem_common.go:263 msg="Parsed flag --collector.filesystem.mount-points-exclude" collector=filesystem flag=^/(dev|proc|sys|var/lib/docker/.+|var/lib/kubelet/.+)($|/)
2026-06-19T12:47:06.779043635Z time=2026-06-19T12:47:06.778Z level=INFO source=filesystem_common.go:292 msg="Parsed flag --collector.filesystem.fs-types-exclude" collector=filesystem flag=^(autofs|binfmt_misc|bpf|cgroup2?|configfs|debugfs|devpts|devtmpfs|fusectl|hugetlbfs|iso9660|mqueue|nsfs|overlay|proc|procfs|pstore|rpc_pipefs|securityfs|selinuxfs|squashfs|erofs|sysfs|tracefs)$
2026-06-19T12:47:06.779214763Z time=2026-06-19T12:47:06.779Z level=INFO source=diskstats_common.go:110 msg="Parsed flag --collector.diskstats.device-exclude" collector=diskstats flag=^(z?ram|loop|fd|(h|s|v|xv)d[a-z]|nvme\d+n\d+p)\d+$
2026-06-19T12:47:06.779328727Z time=2026-06-19T12:47:06.779Z level=ERROR source=diskstats_linux.go:255 msg="Failed to open directory, disabling udev device properties" collector=diskstats path=/run/udev/data
2026-06-19T12:47:06.780628318Z time=2026-06-19T12:47:06.780Z level=INFO source=node_exporter.go:136 msg="Enabled collectors"
2026-06-19T12:47:06.780824895Z time=2026-06-19T12:47:06.780Z level=INFO source=node_exporter.go:142 msg=arp
2026-06-19T12:47:06.780833319Z time=2026-06-19T12:47:06.780Z level=INFO source=node_exporter.go:142 msg=bcache
2026-06-19T12:47:06.780836672Z time=2026-06-19T12:47:06.780Z level=INFO source=node_exporter.go:142 msg=bcachefs
2026-06-19T12:47:06.780842689Z time=2026-06-19T12:47:06.780Z level=INFO source=node_exporter.go:142 msg=bonding
2026-06-19T12:47:06.780845486Z time=2026-06-19T12:47:06.780Z level=INFO source=node_exporter.go:142 msg=btrfs
2026-06-19T12:47:06.780849886Z time=2026-06-19T12:47:06.780Z level=INFO source=node_exporter.go:142 msg=conntrack
2026-06-19T12:47:06.780852548Z time=2026-06-19T12:47:06.780Z level=INFO source=node_exporter.go:142 msg=cpu
2026-06-19T12:47:06.780854992Z time=2026-06-19T12:47:06.780Z level=INFO source=node_exporter.go:142 msg=cpufreq
2026-06-19T12:47:06.780857723Z time=2026-06-19T12:47:06.780Z level=INFO source=node_exporter.go:142 msg=diskstats
2026-06-19T12:47:06.780860214Z time=2026-06-19T12:47:06.780Z level=INFO source=node_exporter.go:142 msg=dmi
2026-06-19T12:47:06.780862559Z time=2026-06-19T12:47:06.780Z level=INFO source=node_exporter.go:142 msg=edac
2026-06-19T12:47:06.780882702Z time=2026-06-19T12:47:06.780Z level=INFO source=node_exporter.go:142 msg=entropy
2026-06-19T12:47:06.780886310Z time=2026-06-19T12:47:06.780Z level=INFO source=node_exporter.go:142 msg=fibrechannel
2026-06-19T12:47:06.780889059Z time=2026-06-19T12:47:06.780Z level=INFO source=node_exporter.go:142 msg=filefd
2026-06-19T12:47:06.780891562Z time=2026-06-19T12:47:06.780Z level=INFO source=node_exporter.go:142 msg=filesystem
2026-06-19T12:47:06.780894107Z time=2026-06-19T12:47:06.780Z level=INFO source=node_exporter.go:142 msg=hwmon
2026-06-19T12:47:06.780896626Z time=2026-06-19T12:47:06.780Z level=INFO source=node_exporter.go:142 msg=infiniband
2026-06-19T12:47:06.780899305Z time=2026-06-19T12:47:06.780Z level=INFO source=node_exporter.go:142 msg=ipvs
2026-06-19T12:47:06.780901818Z time=2026-06-19T12:47:06.780Z level=INFO source=node_exporter.go:142 msg=kernel_hung
2026-06-19T12:47:06.780904221Z time=2026-06-19T12:47:06.780Z level=INFO source=node_exporter.go:142 msg=loadavg
2026-06-19T12:47:06.780917906Z time=2026-06-19T12:47:06.780Z level=INFO source=node_exporter.go:142 msg=mdadm
2026-06-19T12:47:06.780920913Z time=2026-06-19T12:47:06.780Z level=INFO source=node_exporter.go:142 msg=meminfo
2026-06-19T12:47:06.780923432Z time=2026-06-19T12:47:06.780Z level=INFO source=node_exporter.go:142 msg=netclass
2026-06-19T12:47:06.780926095Z time=2026-06-19T12:47:06.780Z level=INFO source=node_exporter.go:142 msg=netdev
2026-06-19T12:47:06.780928672Z time=2026-06-19T12:47:06.780Z level=INFO source=node_exporter.go:142 msg=netstat
2026-06-19T12:47:06.780931647Z time=2026-06-19T12:47:06.780Z level=INFO source=node_exporter.go:142 msg=nfs
2026-06-19T12:47:06.780989988Z time=2026-06-19T12:47:06.780Z level=INFO source=node_exporter.go:142 msg=nfsd
2026-06-19T12:47:06.780994192Z time=2026-06-19T12:47:06.780Z level=INFO source=node_exporter.go:142 msg=nvme
2026-06-19T12:47:06.780996563Z time=2026-06-19T12:47:06.780Z level=INFO source=node_exporter.go:142 msg=os
2026-06-19T12:47:06.780998788Z time=2026-06-19T12:47:06.780Z level=INFO source=node_exporter.go:142 msg=powersupplyclass
2026-06-19T12:47:06.781001510Z time=2026-06-19T12:47:06.780Z level=INFO source=node_exporter.go:142 msg=pressure
2026-06-19T12:47:06.781004476Z time=2026-06-19T12:47:06.780Z level=INFO source=node_exporter.go:142 msg=rapl
2026-06-19T12:47:06.781006900Z time=2026-06-19T12:47:06.780Z level=INFO source=node_exporter.go:142 msg=schedstat
2026-06-19T12:47:06.781009203Z time=2026-06-19T12:47:06.780Z level=INFO source=node_exporter.go:142 msg=selinux
2026-06-19T12:47:06.781011601Z time=2026-06-19T12:47:06.780Z level=INFO source=node_exporter.go:142 msg=sockstat
2026-06-19T12:47:06.781013853Z time=2026-06-19T12:47:06.780Z level=INFO source=node_exporter.go:142 msg=softnet
2026-06-19T12:47:06.781016504Z time=2026-06-19T12:47:06.780Z level=INFO source=node_exporter.go:142 msg=stat
2026-06-19T12:47:06.781018958Z time=2026-06-19T12:47:06.780Z level=INFO source=node_exporter.go:142 msg=tapestats
2026-06-19T12:47:06.781021091Z time=2026-06-19T12:47:06.780Z level=INFO source=node_exporter.go:142 msg=textfile
2026-06-19T12:47:06.781023395Z time=2026-06-19T12:47:06.780Z level=INFO source=node_exporter.go:142 msg=thermal_zone
2026-06-19T12:47:06.781025951Z time=2026-06-19T12:47:06.780Z level=INFO source=node_exporter.go:142 msg=time
2026-06-19T12:47:06.781027998Z time=2026-06-19T12:47:06.780Z level=INFO source=node_exporter.go:142 msg=timex
2026-06-19T12:47:06.781040233Z time=2026-06-19T12:47:06.780Z level=INFO source=node_exporter.go:142 msg=udp_queues
2026-06-19T12:47:06.781042937Z time=2026-06-19T12:47:06.780Z level=INFO source=node_exporter.go:142 msg=uname
2026-06-19T12:47:06.781045427Z time=2026-06-19T12:47:06.780Z level=INFO source=node_exporter.go:142 msg=vmstat
2026-06-19T12:47:06.781047774Z time=2026-06-19T12:47:06.780Z level=INFO source=node_exporter.go:142 msg=watchdog
2026-06-19T12:47:06.781049843Z time=2026-06-19T12:47:06.780Z level=INFO source=node_exporter.go:142 msg=xfs
2026-06-19T12:47:06.781052098Z time=2026-06-19T12:47:06.780Z level=INFO source=node_exporter.go:142 msg=zfs
2026-06-19T12:47:06.781888868Z time=2026-06-19T12:47:06.781Z level=INFO source=tls_config.go:354 msg="Listening on" address=[::]:9100
2026-06-19T12:47:06.781901660Z time=2026-06-19T12:47:06.781Z level=INFO source=tls_config.go:357 msg="TLS is disabled." http2=false address=[::]:9100
