2026-06-19T12:47:08.658287365Z {"level":"info","ts":"2026-06-19T12:47:08Z","logger":"setup","msg":"starting VictoriaMetrics operator build version: operator-20260422-113235-v0.69.0, short_version: v0.69.0"}
2026-06-19T12:47:08.672720498Z {"level":"info","ts":"2026-06-19T12:47:08Z","logger":"setup","msg":"registering Components."}
2026-06-19T12:47:08.685884402Z {"level":"info","ts":"2026-06-19T12:47:08Z","logger":"controller-runtime.builder","msg":"Registering a validating webhook","GVK":"operator.victoriametrics.com/v1beta1, Kind=VMAgent","path":"/validate-operator-victoriametrics-com-v1beta1-vmagent"}
2026-06-19T12:47:08.687322224Z {"level":"info","ts":"2026-06-19T12:47:08Z","logger":"controller-runtime.webhook","msg":"Registering webhook","path":"/validate-operator-victoriametrics-com-v1beta1-vmagent"}
2026-06-19T12:47:08.687402857Z {"level":"info","ts":"2026-06-19T12:47:08Z","logger":"controller-runtime.builder","msg":"Registering a validating webhook","GVK":"operator.victoriametrics.com/v1beta1, Kind=VMAlert","path":"/validate-operator-victoriametrics-com-v1beta1-vmalert"}
2026-06-19T12:47:08.687408186Z {"level":"info","ts":"2026-06-19T12:47:08Z","logger":"controller-runtime.webhook","msg":"Registering webhook","path":"/validate-operator-victoriametrics-com-v1beta1-vmalert"}
2026-06-19T12:47:08.687453493Z {"level":"info","ts":"2026-06-19T12:47:08Z","logger":"controller-runtime.builder","msg":"Registering a validating webhook","GVK":"operator.victoriametrics.com/v1, Kind=VMAnomaly","path":"/validate-operator-victoriametrics-com-v1-vmanomaly"}
2026-06-19T12:47:08.687557864Z {"level":"info","ts":"2026-06-19T12:47:08Z","logger":"controller-runtime.webhook","msg":"Registering webhook","path":"/validate-operator-victoriametrics-com-v1-vmanomaly"}
2026-06-19T12:47:08.687617791Z {"level":"info","ts":"2026-06-19T12:47:08Z","logger":"controller-runtime.builder","msg":"Registering a validating webhook","GVK":"operator.victoriametrics.com/v1, Kind=VMAnomalyConfig","path":"/validate-operator-victoriametrics-com-v1-vmanomalyconfig"}
2026-06-19T12:47:08.687683202Z {"level":"info","ts":"2026-06-19T12:47:08Z","logger":"controller-runtime.webhook","msg":"Registering webhook","path":"/validate-operator-victoriametrics-com-v1-vmanomalyconfig"}
2026-06-19T12:47:08.687813537Z {"level":"info","ts":"2026-06-19T12:47:08Z","logger":"controller-runtime.builder","msg":"Registering a validating webhook","GVK":"operator.victoriametrics.com/v1beta1, Kind=VMSingle","path":"/validate-operator-victoriametrics-com-v1beta1-vmsingle"}
2026-06-19T12:47:08.687885296Z {"level":"info","ts":"2026-06-19T12:47:08Z","logger":"controller-runtime.webhook","msg":"Registering webhook","path":"/validate-operator-victoriametrics-com-v1beta1-vmsingle"}
2026-06-19T12:47:08.688031009Z {"level":"info","ts":"2026-06-19T12:47:08Z","logger":"controller-runtime.builder","msg":"Registering a validating webhook","GVK":"operator.victoriametrics.com/v1beta1, Kind=VMCluster","path":"/validate-operator-victoriametrics-com-v1beta1-vmcluster"}
2026-06-19T12:47:08.688205278Z {"level":"info","ts":"2026-06-19T12:47:08Z","logger":"controller-runtime.webhook","msg":"Registering webhook","path":"/validate-operator-victoriametrics-com-v1beta1-vmcluster"}
2026-06-19T12:47:08.688375476Z {"level":"info","ts":"2026-06-19T12:47:08Z","logger":"controller-runtime.builder","msg":"Registering a validating webhook","GVK":"operator.victoriametrics.com/v1alpha1, Kind=VMDistributed","path":"/validate-operator-victoriametrics-com-v1alpha1-vmdistributed"}
2026-06-19T12:47:08.688593404Z {"level":"info","ts":"2026-06-19T12:47:08Z","logger":"controller-runtime.webhook","msg":"Registering webhook","path":"/validate-operator-victoriametrics-com-v1alpha1-vmdistributed"}
2026-06-19T12:47:08.688696601Z {"level":"info","ts":"2026-06-19T12:47:08Z","logger":"controller-runtime.builder","msg":"Registering a validating webhook","GVK":"operator.victoriametrics.com/v1beta1, Kind=VLogs","path":"/validate-operator-victoriametrics-com-v1beta1-vlogs"}
2026-06-19T12:47:08.688773859Z {"level":"info","ts":"2026-06-19T12:47:08Z","logger":"controller-runtime.webhook","msg":"Registering webhook","path":"/validate-operator-victoriametrics-com-v1beta1-vlogs"}
2026-06-19T12:47:08.688895312Z {"level":"info","ts":"2026-06-19T12:47:08Z","logger":"controller-runtime.builder","msg":"Registering a validating webhook","GVK":"operator.victoriametrics.com/v1, Kind=VLAgent","path":"/validate-operator-victoriametrics-com-v1-vlagent"}
2026-06-19T12:47:08.688985660Z {"level":"info","ts":"2026-06-19T12:47:08Z","logger":"controller-runtime.webhook","msg":"Registering webhook","path":"/validate-operator-victoriametrics-com-v1-vlagent"}
2026-06-19T12:47:08.689111084Z {"level":"info","ts":"2026-06-19T12:47:08Z","logger":"controller-runtime.builder","msg":"Registering a validating webhook","GVK":"operator.victoriametrics.com/v1, Kind=VLSingle","path":"/validate-operator-victoriametrics-com-v1-vlsingle"}
2026-06-19T12:47:08.689120196Z {"level":"info","ts":"2026-06-19T12:47:08Z","logger":"controller-runtime.webhook","msg":"Registering webhook","path":"/validate-operator-victoriametrics-com-v1-vlsingle"}
2026-06-19T12:47:08.689277449Z {"level":"info","ts":"2026-06-19T12:47:08Z","logger":"controller-runtime.builder","msg":"Registering a validating webhook","GVK":"operator.victoriametrics.com/v1, Kind=VLCluster","path":"/validate-operator-victoriametrics-com-v1-vlcluster"}
2026-06-19T12:47:08.689307911Z {"level":"info","ts":"2026-06-19T12:47:08Z","logger":"controller-runtime.webhook","msg":"Registering webhook","path":"/validate-operator-victoriametrics-com-v1-vlcluster"}
2026-06-19T12:47:08.689455183Z {"level":"info","ts":"2026-06-19T12:47:08Z","logger":"controller-runtime.builder","msg":"Registering a validating webhook","GVK":"operator.victoriametrics.com/v1, Kind=VTSingle","path":"/validate-operator-victoriametrics-com-v1-vtsingle"}
2026-06-19T12:47:08.689510727Z {"level":"info","ts":"2026-06-19T12:47:08Z","logger":"controller-runtime.webhook","msg":"Registering webhook","path":"/validate-operator-victoriametrics-com-v1-vtsingle"}
2026-06-19T12:47:08.689608533Z {"level":"info","ts":"2026-06-19T12:47:08Z","logger":"controller-runtime.builder","msg":"Registering a validating webhook","GVK":"operator.victoriametrics.com/v1, Kind=VTCluster","path":"/validate-operator-victoriametrics-com-v1-vtcluster"}
2026-06-19T12:47:08.692830860Z {"level":"info","ts":"2026-06-19T12:47:08Z","logger":"controller-runtime.webhook","msg":"Registering webhook","path":"/validate-operator-victoriametrics-com-v1-vtcluster"}
2026-06-19T12:47:08.692931719Z {"level":"info","ts":"2026-06-19T12:47:08Z","logger":"controller-runtime.builder","msg":"Registering a validating webhook","GVK":"operator.victoriametrics.com/v1beta1, Kind=VMAlertmanager","path":"/validate-operator-victoriametrics-com-v1beta1-vmalertmanager"}
2026-06-19T12:47:08.693042523Z {"level":"info","ts":"2026-06-19T12:47:08Z","logger":"controller-runtime.webhook","msg":"Registering webhook","path":"/validate-operator-victoriametrics-com-v1beta1-vmalertmanager"}
2026-06-19T12:47:08.693155100Z {"level":"info","ts":"2026-06-19T12:47:08Z","logger":"controller-runtime.builder","msg":"Registering a validating webhook","GVK":"operator.victoriametrics.com/v1beta1, Kind=VMAlertmanagerConfig","path":"/validate-operator-victoriametrics-com-v1beta1-vmalertmanagerconfig"}
2026-06-19T12:47:08.693212254Z {"level":"info","ts":"2026-06-19T12:47:08Z","logger":"controller-runtime.webhook","msg":"Registering webhook","path":"/validate-operator-victoriametrics-com-v1beta1-vmalertmanagerconfig"}
2026-06-19T12:47:08.693288389Z {"level":"info","ts":"2026-06-19T12:47:08Z","logger":"controller-runtime.builder","msg":"Registering a validating webhook","GVK":"operator.victoriametrics.com/v1beta1, Kind=VMAuth","path":"/validate-operator-victoriametrics-com-v1beta1-vmauth"}
2026-06-19T12:47:08.693380589Z {"level":"info","ts":"2026-06-19T12:47:08Z","logger":"controller-runtime.webhook","msg":"Registering webhook","path":"/validate-operator-victoriametrics-com-v1beta1-vmauth"}
2026-06-19T12:47:08.693474137Z {"level":"info","ts":"2026-06-19T12:47:08Z","logger":"controller-runtime.builder","msg":"Registering a validating webhook","GVK":"operator.victoriametrics.com/v1beta1, Kind=VMUser","path":"/validate-operator-victoriametrics-com-v1beta1-vmuser"}
2026-06-19T12:47:08.693724107Z {"level":"info","ts":"2026-06-19T12:47:08Z","logger":"controller-runtime.webhook","msg":"Registering webhook","path":"/validate-operator-victoriametrics-com-v1beta1-vmuser"}
2026-06-19T12:47:08.693734836Z {"level":"info","ts":"2026-06-19T12:47:08Z","logger":"controller-runtime.builder","msg":"Registering a validating webhook","GVK":"operator.victoriametrics.com/v1beta1, Kind=VMRule","path":"/validate-operator-victoriametrics-com-v1beta1-vmrule"}
2026-06-19T12:47:08.693737564Z {"level":"info","ts":"2026-06-19T12:47:08Z","logger":"controller-runtime.webhook","msg":"Registering webhook","path":"/validate-operator-victoriametrics-com-v1beta1-vmrule"}
2026-06-19T12:47:08.693956031Z {"level":"info","ts":"2026-06-19T12:47:08Z","logger":"controller-runtime.builder","msg":"Registering a validating webhook","GVK":"operator.victoriametrics.com/v1beta1, Kind=VMServiceScrape","path":"/validate-operator-victoriametrics-com-v1beta1-vmservicescrape"}
2026-06-19T12:47:08.693962225Z {"level":"info","ts":"2026-06-19T12:47:08Z","logger":"controller-runtime.webhook","msg":"Registering webhook","path":"/validate-operator-victoriametrics-com-v1beta1-vmservicescrape"}
2026-06-19T12:47:08.694470608Z {"level":"info","ts":"2026-06-19T12:47:08Z","logger":"controller-runtime.builder","msg":"Registering a validating webhook","GVK":"operator.victoriametrics.com/v1beta1, Kind=VMPodScrape","path":"/validate-operator-victoriametrics-com-v1beta1-vmpodscrape"}
2026-06-19T12:47:08.694590354Z {"level":"info","ts":"2026-06-19T12:47:08Z","logger":"controller-runtime.webhook","msg":"Registering webhook","path":"/validate-operator-victoriametrics-com-v1beta1-vmpodscrape"}
2026-06-19T12:47:08.694600505Z {"level":"info","ts":"2026-06-19T12:47:08Z","logger":"controller-runtime.builder","msg":"Registering a validating webhook","GVK":"operator.victoriametrics.com/v1beta1, Kind=VMNodeScrape","path":"/validate-operator-victoriametrics-com-v1beta1-vmnodescrape"}
2026-06-19T12:47:08.694606040Z {"level":"info","ts":"2026-06-19T12:47:08Z","logger":"controller-runtime.webhook","msg":"Registering webhook","path":"/validate-operator-victoriametrics-com-v1beta1-vmnodescrape"}
2026-06-19T12:47:08.694608935Z {"level":"info","ts":"2026-06-19T12:47:08Z","logger":"controller-runtime.builder","msg":"Registering a validating webhook","GVK":"operator.victoriametrics.com/v1beta1, Kind=VMScrapeConfig","path":"/validate-operator-victoriametrics-com-v1beta1-vmscrapeconfig"}
2026-06-19T12:47:08.694611603Z {"level":"info","ts":"2026-06-19T12:47:08Z","logger":"controller-runtime.webhook","msg":"Registering webhook","path":"/validate-operator-victoriametrics-com-v1beta1-vmscrapeconfig"}
2026-06-19T12:47:08.694614036Z {"level":"info","ts":"2026-06-19T12:47:08Z","logger":"controller-runtime.builder","msg":"Registering a validating webhook","GVK":"operator.victoriametrics.com/v1beta1, Kind=VMStaticScrape","path":"/validate-operator-victoriametrics-com-v1beta1-vmstaticscrape"}
2026-06-19T12:47:08.694616439Z {"level":"info","ts":"2026-06-19T12:47:08Z","logger":"controller-runtime.webhook","msg":"Registering webhook","path":"/validate-operator-victoriametrics-com-v1beta1-vmstaticscrape"}
2026-06-19T12:47:08.694619056Z {"level":"info","ts":"2026-06-19T12:47:08Z","logger":"controller-runtime.builder","msg":"Registering a validating webhook","GVK":"operator.victoriametrics.com/v1beta1, Kind=VMProbe","path":"/validate-operator-victoriametrics-com-v1beta1-vmprobe"}
2026-06-19T12:47:08.694694045Z {"level":"info","ts":"2026-06-19T12:47:08Z","logger":"controller-runtime.webhook","msg":"Registering webhook","path":"/validate-operator-victoriametrics-com-v1beta1-vmprobe"}
2026-06-19T12:47:08.724302227Z {"level":"info","ts":"2026-06-19T12:47:08Z","msg":"controller disabled either by provided flag or respective CRD is not found","name":"ServiceMonitor","controller.disableReconcileFor":""}
2026-06-19T12:47:08.724544392Z {"level":"info","ts":"2026-06-19T12:47:08Z","msg":"controller disabled either by provided flag or respective CRD is not found","name":"PrometheusRule","controller.disableReconcileFor":""}
2026-06-19T12:47:08.724677892Z {"level":"info","ts":"2026-06-19T12:47:08Z","msg":"controller disabled either by provided flag or respective CRD is not found","name":"ScrapeConfig","controller.disableReconcileFor":""}
2026-06-19T12:47:08.724925003Z {"level":"info","ts":"2026-06-19T12:47:08Z","msg":"controller disabled either by provided flag or respective CRD is not found","name":"AlertmanagerConfig","controller.disableReconcileFor":""}
2026-06-19T12:47:08.725103309Z {"level":"info","ts":"2026-06-19T12:47:08Z","msg":"controller disabled either by provided flag or respective CRD is not found","name":"PodMonitor","controller.disableReconcileFor":""}
2026-06-19T12:47:08.725199649Z {"level":"info","ts":"2026-06-19T12:47:08Z","msg":"controller disabled either by provided flag or respective CRD is not found","name":"Probe","controller.disableReconcileFor":""}
2026-06-19T12:47:08.726470238Z {"level":"info","ts":"2026-06-19T12:47:08Z","logger":"setup","msg":"using kubernetes server version: v1.35.1"}
2026-06-19T12:47:08.728761580Z {"level":"info","ts":"2026-06-19T12:47:08Z","logger":"controller-runtime.metrics","msg":"Starting metrics server"}
2026-06-19T12:47:08.729314509Z {"level":"info","ts":"2026-06-19T12:47:08Z","logger":"controller-runtime.metrics","msg":"Serving metrics server","bindAddress":":8080","secure":false}
2026-06-19T12:47:08.729357571Z {"level":"info","ts":"2026-06-19T12:47:08Z","msg":"starting server","name":"pprof","addr":"[::]:8435"}
2026-06-19T12:47:08.729453980Z {"level":"info","ts":"2026-06-19T12:47:08Z","logger":"controller-runtime.webhook","msg":"Starting webhook server"}
2026-06-19T12:47:08.730515663Z {"level":"info","ts":"2026-06-19T12:47:08Z","msg":"Attempting to acquire leader lease...","lock":"kubentic-foresight/57410f0d.victoriametrics.com"}
2026-06-19T12:47:08.731426690Z {"level":"info","ts":"2026-06-19T12:47:08Z","msg":"starting server","name":"health probe","addr":"[::]:8081"}
2026-06-19T12:47:08.731592443Z {"level":"info","ts":"2026-06-19T12:47:08Z","logger":"controller-runtime.certwatcher","msg":"Updated current TLS certificate","cert":"/tmp/k8s-webhook-server/serving-certs/tls.crt","key":"/tmp/k8s-webhook-server/serving-certs/tls.key"}
2026-06-19T12:47:08.731852004Z {"level":"info","ts":"2026-06-19T12:47:08Z","logger":"controller-runtime.webhook","msg":"Serving webhook server","host":"","port":9443}
2026-06-19T12:47:08.734712261Z {"level":"info","ts":"2026-06-19T12:47:08Z","logger":"controller-runtime.certwatcher","msg":"Starting certificate poll+watcher","cert":"/tmp/k8s-webhook-server/serving-certs/tls.crt","key":"/tmp/k8s-webhook-server/serving-certs/tls.key","interval":10}
2026-06-19T12:47:08.740961741Z {"level":"info","ts":"2026-06-19T12:47:08Z","msg":"Successfully acquired lease","lock":"kubentic-foresight/57410f0d.victoriametrics.com"}
2026-06-19T12:47:08.741849253Z {"level":"info","ts":"2026-06-19T12:47:08Z","logger":"manager","msg":"Starting EventSource","controller":"vtsingle","controllerGroup":"operator.victoriametrics.com","controllerKind":"VTSingle","source":"kind source: *v1.Service"}
2026-06-19T12:47:08.742960901Z {"level":"info","ts":"2026-06-19T12:47:08Z","logger":"manager","msg":"Starting EventSource","controller":"vmalertmanager","controllerGroup":"operator.victoriametrics.com","controllerKind":"VMAlertmanager","source":"kind source: *v1.ServiceAccount"}
2026-06-19T12:47:08.743672885Z {"level":"info","ts":"2026-06-19T12:47:08Z","logger":"manager","msg":"Starting EventSource","controller":"vtsingle","controllerGroup":"operator.victoriametrics.com","controllerKind":"VTSingle","source":"kind source: *v1.VTSingle"}
2026-06-19T12:47:08.743811784Z {"level":"info","ts":"2026-06-19T12:47:08Z","logger":"manager","msg":"Starting EventSource","controller":"vtsingle","controllerGroup":"operator.victoriametrics.com","controllerKind":"VTSingle","source":"kind source: *v1.Deployment"}
2026-06-19T12:47:08.744053995Z {"level":"info","ts":"2026-06-19T12:47:08Z","logger":"manager","msg":"Starting EventSource","controller":"vmdistributed","controllerGroup":"operator.victoriametrics.com","controllerKind":"VMDistributed","source":"kind source: *v1alpha1.VMDistributed"}
2026-06-19T12:47:08.744304121Z {"level":"info","ts":"2026-06-19T12:47:08Z","logger":"manager","msg":"Starting EventSource","controller":"vmscrapeconfig","controllerGroup":"operator.victoriametrics.com","controllerKind":"VMScrapeConfig","source":"kind source: *v1beta1.VMScrapeConfig"}
2026-06-19T12:47:08.744474490Z {"level":"info","ts":"2026-06-19T12:47:08Z","logger":"manager","msg":"Starting EventSource","controller":"vmalertmanager","controllerGroup":"operator.victoriametrics.com","controllerKind":"VMAlertmanager","source":"kind source: *v1beta1.VMAlertmanager"}
2026-06-19T12:47:08.745613134Z {"level":"info","ts":"2026-06-19T12:47:08Z","logger":"manager","msg":"Starting EventSource","controller":"vmrule","controllerGroup":"operator.victoriametrics.com","controllerKind":"VMRule","source":"kind source: *v1beta1.VMRule"}
2026-06-19T12:47:08.745742303Z {"level":"info","ts":"2026-06-19T12:47:08Z","logger":"manager","msg":"Starting EventSource","controller":"vmalertmanager","controllerGroup":"operator.victoriametrics.com","controllerKind":"VMAlertmanager","source":"kind source: *v1.StatefulSet"}
2026-06-19T12:47:08.745858238Z {"level":"info","ts":"2026-06-19T12:47:08Z","logger":"manager","msg":"Starting EventSource","controller":"vmservicescrape","controllerGroup":"operator.victoriametrics.com","controllerKind":"VMServiceScrape","source":"kind source: *v1beta1.VMServiceScrape"}
2026-06-19T12:47:08.745965339Z {"level":"info","ts":"2026-06-19T12:47:08Z","logger":"manager","msg":"Starting EventSource","controller":"vmalertmanagerconfig","controllerGroup":"operator.victoriametrics.com","controllerKind":"VMAlertmanagerConfig","source":"kind source: *v1beta1.VMAlertmanagerConfig"}
2026-06-19T12:47:08.746081360Z {"level":"info","ts":"2026-06-19T12:47:08Z","logger":"manager","msg":"Starting EventSource","controller":"vmcluster","controllerGroup":"operator.victoriametrics.com","controllerKind":"VMCluster","source":"kind source: *v1.StatefulSet"}
2026-06-19T12:47:08.746143060Z {"level":"info","ts":"2026-06-19T12:47:08Z","logger":"manager","msg":"Starting EventSource","controller":"vmpodscrape","controllerGroup":"operator.victoriametrics.com","controllerKind":"VMPodScrape","source":"kind source: *v1beta1.VMPodScrape"}
2026-06-19T12:47:08.746241393Z {"level":"info","ts":"2026-06-19T12:47:08Z","logger":"manager","msg":"Starting EventSource","controller":"vmstaticscrape","controllerGroup":"operator.victoriametrics.com","controllerKind":"VMStaticScrape","source":"kind source: *v1beta1.VMStaticScrape"}
2026-06-19T12:47:08.746411388Z {"level":"info","ts":"2026-06-19T12:47:08Z","logger":"manager","msg":"Starting EventSource","controller":"vmcluster","controllerGroup":"operator.victoriametrics.com","controllerKind":"VMCluster","source":"kind source: *v1beta1.VMCluster"}
2026-06-19T12:47:08.746569136Z {"level":"info","ts":"2026-06-19T12:47:08Z","logger":"manager","msg":"Starting EventSource","controller":"vmcluster","controllerGroup":"operator.victoriametrics.com","controllerKind":"VMCluster","source":"kind source: *v1.Deployment"}
2026-06-19T12:47:08.746672642Z {"level":"info","ts":"2026-06-19T12:47:08Z","logger":"manager","msg":"Starting EventSource","controller":"vmprobe","controllerGroup":"operator.victoriametrics.com","controllerKind":"VMProbe","source":"kind source: *v1beta1.VMProbe"}
2026-06-19T12:47:08.746796898Z {"level":"info","ts":"2026-06-19T12:47:08Z","logger":"manager","msg":"Starting EventSource","controller":"vmsingle","controllerGroup":"operator.victoriametrics.com","controllerKind":"VMSingle","source":"kind source: *v1.ServiceAccount"}
2026-06-19T12:47:08.748181881Z {"level":"info","ts":"2026-06-19T12:47:08Z","logger":"manager","msg":"Starting EventSource","controller":"vmanomalyconfig","controllerGroup":"operator.victoriametrics.com","controllerKind":"VMAnomalyConfig","source":"kind source: *v1.VMAnomalyConfig"}
2026-06-19T12:47:08.748344081Z {"level":"info","ts":"2026-06-19T12:47:08Z","logger":"manager","msg":"Starting EventSource","controller":"vmsingle","controllerGroup":"operator.victoriametrics.com","controllerKind":"VMSingle","source":"kind source: *v1beta1.VMSingle"}
2026-06-19T12:47:08.748499516Z {"level":"info","ts":"2026-06-19T12:47:08Z","logger":"manager","msg":"Starting EventSource","controller":"vmsingle","controllerGroup":"operator.victoriametrics.com","controllerKind":"VMSingle","source":"kind source: *v1.Deployment"}
2026-06-19T12:47:08.748806392Z {"level":"info","ts":"2026-06-19T12:47:08Z","logger":"manager","msg":"Starting EventSource","controller":"vlagent","controllerGroup":"operator.victoriametrics.com","controllerKind":"VLAgent","source":"kind source: *v1.ServiceAccount"}
2026-06-19T12:47:08.749085756Z {"level":"info","ts":"2026-06-19T12:47:08Z","logger":"manager","msg":"Starting EventSource","controller":"vmauth","controllerGroup":"operator.victoriametrics.com","controllerKind":"VMAuth","source":"kind source: *v1.Deployment"}
2026-06-19T12:47:08.749243535Z {"level":"info","ts":"2026-06-19T12:47:08Z","logger":"manager","msg":"Starting EventSource","controller":"vlagent","controllerGroup":"operator.victoriametrics.com","controllerKind":"VLAgent","source":"kind source: *v1.VLAgent"}
2026-06-19T12:47:08.749341141Z {"level":"info","ts":"2026-06-19T12:47:08Z","logger":"manager","msg":"Starting EventSource","controller":"vlagent","controllerGroup":"operator.victoriametrics.com","controllerKind":"VLAgent","source":"kind source: *v1.DaemonSet"}
2026-06-19T12:47:08.749663079Z {"level":"info","ts":"2026-06-19T12:47:08Z","logger":"manager","msg":"Starting EventSource","controller":"vlogs","controllerGroup":"operator.victoriametrics.com","controllerKind":"VLogs","source":"kind source: *v1.ServiceAccount"}
2026-06-19T12:47:08.753094126Z {"level":"info","ts":"2026-06-19T12:47:08Z","logger":"manager","msg":"Starting EventSource","controller":"vtcluster","controllerGroup":"operator.victoriametrics.com","controllerKind":"VTCluster","source":"kind source: *v1.Deployment"}
2026-06-19T12:47:08.753399720Z {"level":"info","ts":"2026-06-19T12:47:08Z","logger":"manager","msg":"Starting EventSource","controller":"vtcluster","controllerGroup":"operator.victoriametrics.com","controllerKind":"VTCluster","source":"kind source: *v1.StatefulSet"}
2026-06-19T12:47:08.754252597Z {"level":"info","ts":"2026-06-19T12:47:08Z","logger":"manager","msg":"Starting EventSource","controller":"vmagent","controllerGroup":"operator.victoriametrics.com","controllerKind":"VMAgent","source":"kind source: *v1.ServiceAccount"}
2026-06-19T12:47:08.761302493Z {"level":"info","ts":"2026-06-19T12:47:08Z","logger":"manager","msg":"Starting EventSource","controller":"vmauth","controllerGroup":"operator.victoriametrics.com","controllerKind":"VMAuth","source":"kind source: *v1beta1.VMAuth"}
2026-06-19T12:47:08.763270672Z {"level":"info","ts":"2026-06-19T12:47:08Z","logger":"manager","msg":"Starting EventSource","controller":"vmuser","controllerGroup":"operator.victoriametrics.com","controllerKind":"VMUser","source":"kind source: *v1beta1.VMUser"}
2026-06-19T12:47:08.763422984Z {"level":"info","ts":"2026-06-19T12:47:08Z","logger":"manager","msg":"Starting EventSource","controller":"vtcluster","controllerGroup":"operator.victoriametrics.com","controllerKind":"VTCluster","source":"kind source: *v1.Service"}
2026-06-19T12:47:08.763584569Z {"level":"info","ts":"2026-06-19T12:47:08Z","logger":"manager","msg":"Starting EventSource","controller":"vlogs","controllerGroup":"operator.victoriametrics.com","controllerKind":"VLogs","source":"kind source: *v1beta1.VLogs"}
2026-06-19T12:47:08.763711664Z {"level":"info","ts":"2026-06-19T12:47:08Z","logger":"manager","msg":"Starting EventSource","controller":"vlogs","controllerGroup":"operator.victoriametrics.com","controllerKind":"VLogs","source":"kind source: *v1.Deployment"}
2026-06-19T12:47:08.763844519Z {"level":"info","ts":"2026-06-19T12:47:08Z","logger":"manager","msg":"Starting EventSource","controller":"vmanomaly","controllerGroup":"operator.victoriametrics.com","controllerKind":"VMAnomaly","source":"kind source: *v1.ServiceAccount"}
2026-06-19T12:47:08.763939120Z {"level":"info","ts":"2026-06-19T12:47:08Z","logger":"manager","msg":"Starting EventSource","controller":"vmalert","controllerGroup":"operator.victoriametrics.com","controllerKind":"VMAlert","source":"kind source: *v1.ServiceAccount"}
2026-06-19T12:47:08.764605167Z {"level":"info","ts":"2026-06-19T12:47:08Z","logger":"manager","msg":"Starting EventSource","controller":"vtcluster","controllerGroup":"operator.victoriametrics.com","controllerKind":"VTCluster","source":"kind source: *v1.VTCluster"}
2026-06-19T12:47:08.764733721Z {"level":"info","ts":"2026-06-19T12:47:08Z","logger":"manager","msg":"Starting EventSource","controller":"vlagent","controllerGroup":"operator.victoriametrics.com","controllerKind":"VLAgent","source":"kind source: *v1.StatefulSet"}
2026-06-19T12:47:08.764828413Z {"level":"info","ts":"2026-06-19T12:47:08Z","logger":"manager","msg":"Starting EventSource","controller":"vmuser","controllerGroup":"operator.victoriametrics.com","controllerKind":"VMUser","source":"kind source: *v1.PartialObjectMetadata"}
2026-06-19T12:47:08.764929535Z {"level":"info","ts":"2026-06-19T12:47:08Z","logger":"manager","msg":"Starting EventSource","controller":"vmnodescrape","controllerGroup":"operator.victoriametrics.com","controllerKind":"VMNodeScrape","source":"kind source: *v1beta1.VMNodeScrape"}
2026-06-19T12:47:08.765000106Z {"level":"info","ts":"2026-06-19T12:47:08Z","logger":"manager","msg":"Starting EventSource","controller":"vmagent","controllerGroup":"operator.victoriametrics.com","controllerKind":"VMAgent","source":"kind source: *v1beta1.VMAgent"}
2026-06-19T12:47:08.765101759Z {"level":"info","ts":"2026-06-19T12:47:08Z","logger":"manager","msg":"Starting EventSource","controller":"vmanomaly","controllerGroup":"operator.victoriametrics.com","controllerKind":"VMAnomaly","source":"kind source: *v1.VMAnomaly"}
2026-06-19T12:47:08.765208266Z {"level":"info","ts":"2026-06-19T12:47:08Z","logger":"manager","msg":"Starting EventSource","controller":"vmanomaly","controllerGroup":"operator.victoriametrics.com","controllerKind":"VMAnomaly","source":"kind source: *v1.StatefulSet"}
2026-06-19T12:47:08.765348088Z {"level":"info","ts":"2026-06-19T12:47:08Z","logger":"manager","msg":"Starting EventSource","controller":"vmagent","controllerGroup":"operator.victoriametrics.com","controllerKind":"VMAgent","source":"kind source: *v1.DaemonSet"}
2026-06-19T12:47:08.765439926Z {"level":"info","ts":"2026-06-19T12:47:08Z","logger":"manager","msg":"Starting EventSource","controller":"vmagent","controllerGroup":"operator.victoriametrics.com","controllerKind":"VMAgent","source":"kind source: *v1.Deployment"}
2026-06-19T12:47:08.765546101Z {"level":"info","ts":"2026-06-19T12:47:08Z","logger":"manager","msg":"Starting EventSource","controller":"vmagent","controllerGroup":"operator.victoriametrics.com","controllerKind":"VMAgent","source":"kind source: *v1.StatefulSet"}
2026-06-19T12:47:08.765668195Z {"level":"info","ts":"2026-06-19T12:47:08Z","logger":"manager","msg":"Starting EventSource","controller":"vlsingle","controllerGroup":"operator.victoriametrics.com","controllerKind":"VLSingle","source":"kind source: *v1.Service"}
2026-06-19T12:47:08.765764440Z {"level":"info","ts":"2026-06-19T12:47:08Z","logger":"manager","msg":"Starting EventSource","controller":"vlsingle","controllerGroup":"operator.victoriametrics.com","controllerKind":"VLSingle","source":"kind source: *v1.Deployment"}
2026-06-19T12:47:08.765848671Z {"level":"info","ts":"2026-06-19T12:47:08Z","logger":"manager","msg":"Starting EventSource","controller":"vlcluster","controllerGroup":"operator.victoriametrics.com","controllerKind":"VLCluster","source":"kind source: *v1.Service"}
2026-06-19T12:47:08.765956413Z {"level":"info","ts":"2026-06-19T12:47:08Z","logger":"manager","msg":"Starting EventSource","controller":"vmalert","controllerGroup":"operator.victoriametrics.com","controllerKind":"VMAlert","source":"kind source: *v1beta1.VMAlert"}
2026-06-19T12:47:08.766024715Z {"level":"info","ts":"2026-06-19T12:47:08Z","logger":"manager","msg":"Starting EventSource","controller":"vmalert","controllerGroup":"operator.victoriametrics.com","controllerKind":"VMAlert","source":"kind source: *v1.Deployment"}
2026-06-19T12:47:08.766150596Z {"level":"info","ts":"2026-06-19T12:47:08Z","logger":"manager","msg":"Starting EventSource","controller":"vlsingle","controllerGroup":"operator.victoriametrics.com","controllerKind":"VLSingle","source":"kind source: *v1.VLSingle"}
2026-06-19T12:47:08.766878104Z {"level":"info","ts":"2026-06-19T12:47:08Z","logger":"manager","msg":"Starting EventSource","controller":"vlcluster","controllerGroup":"operator.victoriametrics.com","controllerKind":"VLCluster","source":"kind source: *v1.VLCluster"}
2026-06-19T12:47:08.769674614Z {"level":"info","ts":"2026-06-19T12:47:08Z","logger":"manager","msg":"Starting EventSource","controller":"vlcluster","controllerGroup":"operator.victoriametrics.com","controllerKind":"VLCluster","source":"kind source: *v1.Deployment"}
2026-06-19T12:47:08.769841052Z {"level":"info","ts":"2026-06-19T12:47:08Z","logger":"manager","msg":"Starting EventSource","controller":"vlcluster","controllerGroup":"operator.victoriametrics.com","controllerKind":"VLCluster","source":"kind source: *v1.StatefulSet"}
2026-06-19T12:47:08.879233514Z {"level":"info","ts":"2026-06-19T12:47:08Z","logger":"manager","msg":"Starting Controller","controller":"vmanomalyconfig","controllerGroup":"operator.victoriametrics.com","controllerKind":"VMAnomalyConfig"}
2026-06-19T12:47:08.880629593Z {"level":"info","ts":"2026-06-19T12:47:08Z","logger":"manager","msg":"Starting workers","controller":"vmanomalyconfig","controllerGroup":"operator.victoriametrics.com","controllerKind":"VMAnomalyConfig","worker count":15}
2026-06-19T12:47:08.880918609Z {"level":"info","ts":"2026-06-19T12:47:08Z","logger":"manager","msg":"Starting Controller","controller":"vmprobe","controllerGroup":"operator.victoriametrics.com","controllerKind":"VMProbe"}
2026-06-19T12:47:08.884078144Z {"level":"info","ts":"2026-06-19T12:47:08Z","logger":"manager","msg":"Starting workers","controller":"vmprobe","controllerGroup":"operator.victoriametrics.com","controllerKind":"VMProbe","worker count":15}
2026-06-19T12:47:08.975684494Z {"level":"info","ts":"2026-06-19T12:47:08Z","logger":"manager","msg":"Starting Controller","controller":"vmdistributed","controllerGroup":"operator.victoriametrics.com","controllerKind":"VMDistributed"}
2026-06-19T12:47:08.975771343Z {"level":"info","ts":"2026-06-19T12:47:08Z","logger":"manager","msg":"Starting workers","controller":"vmdistributed","controllerGroup":"operator.victoriametrics.com","controllerKind":"VMDistributed","worker count":15}
2026-06-19T12:47:08.976953665Z {"level":"info","ts":"2026-06-19T12:47:08Z","logger":"manager","msg":"Starting Controller","controller":"vmalertmanager","controllerGroup":"operator.victoriametrics.com","controllerKind":"VMAlertmanager"}
2026-06-19T12:47:08.977001380Z {"level":"info","ts":"2026-06-19T12:47:08Z","logger":"manager","msg":"Starting workers","controller":"vmalertmanager","controllerGroup":"operator.victoriametrics.com","controllerKind":"VMAlertmanager","worker count":15}
2026-06-19T12:47:08.977135103Z {"level":"info","ts":"2026-06-19T12:47:08Z","logger":"manager","msg":"Starting Controller","controller":"vmrule","controllerGroup":"operator.victoriametrics.com","controllerKind":"VMRule"}
2026-06-19T12:47:08.977213746Z {"level":"info","ts":"2026-06-19T12:47:08Z","logger":"manager","msg":"Starting workers","controller":"vmrule","controllerGroup":"operator.victoriametrics.com","controllerKind":"VMRule","worker count":15}
2026-06-19T12:47:08.977304503Z {"level":"info","ts":"2026-06-19T12:47:08Z","logger":"manager","msg":"Starting Controller","controller":"vmservicescrape","controllerGroup":"operator.victoriametrics.com","controllerKind":"VMServiceScrape"}
2026-06-19T12:47:08.977316726Z {"level":"info","ts":"2026-06-19T12:47:08Z","logger":"manager","msg":"Starting workers","controller":"vmservicescrape","controllerGroup":"operator.victoriametrics.com","controllerKind":"VMServiceScrape","worker count":15}
2026-06-19T12:47:08.979994744Z {"level":"info","ts":"2026-06-19T12:47:08Z","logger":"manager","msg":"Starting Controller","controller":"vlcluster","controllerGroup":"operator.victoriametrics.com","controllerKind":"VLCluster"}
2026-06-19T12:47:08.980015210Z {"level":"info","ts":"2026-06-19T12:47:08Z","logger":"manager","msg":"Starting workers","controller":"vlcluster","controllerGroup":"operator.victoriametrics.com","controllerKind":"VLCluster","worker count":15}
2026-06-19T12:47:08.981360446Z {"level":"info","ts":"2026-06-19T12:47:08Z","logger":"manager","msg":"Starting Controller","controller":"vtsingle","controllerGroup":"operator.victoriametrics.com","controllerKind":"VTSingle"}
2026-06-19T12:47:08.981631531Z {"level":"info","ts":"2026-06-19T12:47:08Z","logger":"manager","msg":"Starting workers","controller":"vtsingle","controllerGroup":"operator.victoriametrics.com","controllerKind":"VTSingle","worker count":15}
2026-06-19T12:47:08.981707837Z {"level":"info","ts":"2026-06-19T12:47:08Z","logger":"manager","msg":"Starting Controller","controller":"vmscrapeconfig","controllerGroup":"operator.victoriametrics.com","controllerKind":"VMScrapeConfig"}
2026-06-19T12:47:08.981718332Z {"level":"info","ts":"2026-06-19T12:47:08Z","logger":"manager","msg":"Starting workers","controller":"vmscrapeconfig","controllerGroup":"operator.victoriametrics.com","controllerKind":"VMScrapeConfig","worker count":15}
2026-06-19T12:47:08.981863668Z {"level":"info","ts":"2026-06-19T12:47:08Z","logger":"manager","msg":"Starting Controller","controller":"vmalertmanagerconfig","controllerGroup":"operator.victoriametrics.com","controllerKind":"VMAlertmanagerConfig"}
2026-06-19T12:47:08.981869225Z {"level":"info","ts":"2026-06-19T12:47:08Z","logger":"manager","msg":"Starting workers","controller":"vmalertmanagerconfig","controllerGroup":"operator.victoriametrics.com","controllerKind":"VMAlertmanagerConfig","worker count":15}
2026-06-19T12:47:08.981963765Z {"level":"info","ts":"2026-06-19T12:47:08Z","logger":"manager","msg":"Starting Controller","controller":"vmcluster","controllerGroup":"operator.victoriametrics.com","controllerKind":"VMCluster"}
2026-06-19T12:47:08.981968258Z {"level":"info","ts":"2026-06-19T12:47:08Z","logger":"manager","msg":"Starting workers","controller":"vmcluster","controllerGroup":"operator.victoriametrics.com","controllerKind":"VMCluster","worker count":15}
2026-06-19T12:47:08.982060728Z {"level":"info","ts":"2026-06-19T12:47:08Z","logger":"manager","msg":"Starting Controller","controller":"vmpodscrape","controllerGroup":"operator.victoriametrics.com","controllerKind":"VMPodScrape"}
2026-06-19T12:47:08.982069976Z {"level":"info","ts":"2026-06-19T12:47:08Z","logger":"manager","msg":"Starting workers","controller":"vmpodscrape","controllerGroup":"operator.victoriametrics.com","controllerKind":"VMPodScrape","worker count":15}
2026-06-19T12:47:08.982156295Z {"level":"info","ts":"2026-06-19T12:47:08Z","logger":"manager","msg":"Starting Controller","controller":"vmstaticscrape","controllerGroup":"operator.victoriametrics.com","controllerKind":"VMStaticScrape"}
2026-06-19T12:47:08.982165074Z {"level":"info","ts":"2026-06-19T12:47:08Z","logger":"manager","msg":"Starting workers","controller":"vmstaticscrape","controllerGroup":"operator.victoriametrics.com","controllerKind":"VMStaticScrape","worker count":15}
2026-06-19T12:47:08.982971618Z {"level":"info","ts":"2026-06-19T12:47:08Z","logger":"manager","msg":"Starting Controller","controller":"vtcluster","controllerGroup":"operator.victoriametrics.com","controllerKind":"VTCluster"}
2026-06-19T12:47:08.983098451Z {"level":"info","ts":"2026-06-19T12:47:08Z","logger":"manager","msg":"Starting workers","controller":"vtcluster","controllerGroup":"operator.victoriametrics.com","controllerKind":"VTCluster","worker count":15}
2026-06-19T12:47:08.983193890Z {"level":"info","ts":"2026-06-19T12:47:08Z","logger":"manager","msg":"Starting Controller","controller":"vmsingle","controllerGroup":"operator.victoriametrics.com","controllerKind":"VMSingle"}
2026-06-19T12:47:08.983198670Z {"level":"info","ts":"2026-06-19T12:47:08Z","logger":"manager","msg":"Starting workers","controller":"vmsingle","controllerGroup":"operator.victoriametrics.com","controllerKind":"VMSingle","worker count":15}
2026-06-19T12:47:08.986671440Z {"level":"info","ts":"2026-06-19T12:47:08Z","logger":"manager","msg":"Starting Controller","controller":"vlsingle","controllerGroup":"operator.victoriametrics.com","controllerKind":"VLSingle"}
2026-06-19T12:47:08.986684652Z {"level":"info","ts":"2026-06-19T12:47:08Z","logger":"manager","msg":"Starting workers","controller":"vlsingle","controllerGroup":"operator.victoriametrics.com","controllerKind":"VLSingle","worker count":15}
2026-06-19T12:47:08.986800102Z {"level":"info","ts":"2026-06-19T12:47:08Z","logger":"manager","msg":"Starting Controller","controller":"vmauth","controllerGroup":"operator.victoriametrics.com","controllerKind":"VMAuth"}
2026-06-19T12:47:08.986804691Z {"level":"info","ts":"2026-06-19T12:47:08Z","logger":"manager","msg":"Starting workers","controller":"vmauth","controllerGroup":"operator.victoriametrics.com","controllerKind":"VMAuth","worker count":15}
2026-06-19T12:47:08.989711412Z {"level":"info","ts":"2026-06-19T12:47:08Z","logger":"manager","msg":"Starting Controller","controller":"vmuser","controllerGroup":"operator.victoriametrics.com","controllerKind":"VMUser"}
2026-06-19T12:47:08.989730936Z {"level":"info","ts":"2026-06-19T12:47:08Z","logger":"manager","msg":"Starting workers","controller":"vmuser","controllerGroup":"operator.victoriametrics.com","controllerKind":"VMUser","worker count":15}
2026-06-19T12:47:08.989891992Z {"level":"info","ts":"2026-06-19T12:47:08Z","logger":"manager","msg":"Starting Controller","controller":"vlogs","controllerGroup":"operator.victoriametrics.com","controllerKind":"VLogs"}
2026-06-19T12:47:08.989901552Z {"level":"info","ts":"2026-06-19T12:47:08Z","logger":"manager","msg":"Starting workers","controller":"vlogs","controllerGroup":"operator.victoriametrics.com","controllerKind":"VLogs","worker count":15}
2026-06-19T12:47:08.990046666Z {"level":"info","ts":"2026-06-19T12:47:08Z","logger":"manager","msg":"Starting Controller","controller":"vmanomaly","controllerGroup":"operator.victoriametrics.com","controllerKind":"VMAnomaly"}
2026-06-19T12:47:08.990142094Z {"level":"info","ts":"2026-06-19T12:47:08Z","logger":"manager","msg":"Starting workers","controller":"vmanomaly","controllerGroup":"operator.victoriametrics.com","controllerKind":"VMAnomaly","worker count":15}
2026-06-19T12:47:08.990277278Z {"level":"info","ts":"2026-06-19T12:47:08Z","logger":"manager","msg":"Starting Controller","controller":"vmalert","controllerGroup":"operator.victoriametrics.com","controllerKind":"VMAlert"}
2026-06-19T12:47:08.990300976Z {"level":"info","ts":"2026-06-19T12:47:08Z","logger":"manager","msg":"Starting workers","controller":"vmalert","controllerGroup":"operator.victoriametrics.com","controllerKind":"VMAlert","worker count":15}
2026-06-19T12:47:08.990524690Z {"level":"info","ts":"2026-06-19T12:47:08Z","logger":"manager","msg":"Starting Controller","controller":"vlagent","controllerGroup":"operator.victoriametrics.com","controllerKind":"VLAgent"}
2026-06-19T12:47:08.990656674Z {"level":"info","ts":"2026-06-19T12:47:08Z","logger":"manager","msg":"Starting workers","controller":"vlagent","controllerGroup":"operator.victoriametrics.com","controllerKind":"VLAgent","worker count":15}
2026-06-19T12:47:08.990743624Z {"level":"info","ts":"2026-06-19T12:47:08Z","logger":"manager","msg":"Starting Controller","controller":"vmnodescrape","controllerGroup":"operator.victoriametrics.com","controllerKind":"VMNodeScrape"}
2026-06-19T12:47:08.990921787Z {"level":"info","ts":"2026-06-19T12:47:08Z","logger":"manager","msg":"Starting workers","controller":"vmnodescrape","controllerGroup":"operator.victoriametrics.com","controllerKind":"VMNodeScrape","worker count":15}
2026-06-19T12:47:08.993893723Z {"level":"info","ts":"2026-06-19T12:47:08Z","logger":"manager","msg":"Starting Controller","controller":"vmagent","controllerGroup":"operator.victoriametrics.com","controllerKind":"VMAgent"}
2026-06-19T12:47:08.993954279Z {"level":"info","ts":"2026-06-19T12:47:08Z","logger":"manager","msg":"Starting workers","controller":"vmagent","controllerGroup":"operator.victoriametrics.com","controllerKind":"VMAgent","worker count":15}
2026-06-19T12:47:09.024197426Z {"level":"info","ts":"2026-06-19T12:47:09Z","logger":"controller.VMServiceScrape","msg":"creating new Secret=kubentic-foresight/vmagent-vmstack","vmservicescrape":"kubentic-victoria-metrics-operator","namespace":"kubentic-foresight","vmagent":"vmstack","parent_namespace":"kubentic-foresight"}
2026-06-19T12:47:09.093371530Z {"level":"info","ts":"2026-06-19T12:47:09Z","logger":"controller.VMServiceScrape","msg":"creating new Secret=kubentic-foresight/tls-assets-vmagent-vmstack","vmservicescrape":"kubentic-victoria-metrics-operator","namespace":"kubentic-foresight","vmagent":"vmstack","parent_namespace":"kubentic-foresight"}
2026-06-19T12:47:09.093788434Z {"level":"info","ts":"2026-06-19T12:47:09Z","logger":"controller.VMSingle","msg":"object has changes with previous state, applying changes","vmsingle":"vmstack","namespace":"kubentic-foresight"}
2026-06-19T12:47:09.095948290Z {"level":"info","ts":"2026-06-19T12:47:09Z","logger":"controller.VMSingle","msg":"creating new ServiceAccount=kubentic-foresight/vmsingle-vmstack","vmsingle":"vmstack","namespace":"kubentic-foresight"}
2026-06-19T12:47:09.177367694Z {"level":"info","ts":"2026-06-19T12:47:09Z","logger":"controller.VMAgent","msg":"object has changes with previous state, applying changes","vmagent":"vmstack","namespace":"kubentic-foresight"}
2026-06-19T12:47:09.177435984Z {"level":"info","ts":"2026-06-19T12:47:09Z","logger":"controller.VMAgent","msg":"creating new ServiceAccount=kubentic-foresight/vmagent-vmstack","vmagent":"vmstack","namespace":"kubentic-foresight"}
2026-06-19T12:47:09.212596721Z {"level":"info","ts":"2026-06-19T12:47:09Z","logger":"controller.VMSingle","msg":"creating new PVC=kubentic-foresight/vmsingle-vmstack","vmsingle":"vmstack","namespace":"kubentic-foresight"}
2026-06-19T12:47:09.284993116Z {"level":"info","ts":"2026-06-19T12:47:09Z","logger":"controller.VMAgent","msg":"creating new ClusterRole=/monitoring:kubentic-foresight:vmagent-vmstack","vmagent":"vmstack","namespace":"kubentic-foresight"}
2026-06-19T12:47:09.398178143Z {"level":"info","ts":"2026-06-19T12:47:09Z","logger":"controller.VMAgent","msg":"creating new ClusterRoleBinding=/monitoring:kubentic-foresight:vmagent-vmstack","vmagent":"vmstack","namespace":"kubentic-foresight"}
2026-06-19T12:47:09.406766611Z {"level":"info","ts":"2026-06-19T12:47:09Z","logger":"controller.VMAgent","msg":"creating new Service=kubentic-foresight/vmagent-vmstack","vmagent":"vmstack","namespace":"kubentic-foresight"}
2026-06-19T12:47:09.416665461Z {"level":"info","ts":"2026-06-19T12:47:09Z","logger":"controller.VMAgent","msg":"creating VMServiceScrape=kubentic-foresight/vmagent-vmstack","vmagent":"vmstack","namespace":"kubentic-foresight"}
2026-06-19T12:47:09.485337606Z {"level":"info","ts":"2026-06-19T12:47:09Z","logger":"controller.VMAgent","msg":"updating Secret name=kubentic-foresight/vmagent-vmstack, data_changed=true","vmagent":"vmstack","namespace":"kubentic-foresight"}
2026-06-19T12:47:09.590601833Z {"level":"info","ts":"2026-06-19T12:47:09Z","logger":"controller.VMAgent","msg":"creating new Deployment=kubentic-foresight/vmagent-vmstack","vmagent":"vmstack","namespace":"kubentic-foresight"}
2026-06-19T12:47:14.222888419Z {"level":"info","ts":"2026-06-19T12:47:14Z","logger":"controller.VMSingle","msg":"creating new Service=kubentic-foresight/vmsingle-vmstack-additional-service","vmsingle":"vmstack","namespace":"kubentic-foresight"}
2026-06-19T12:47:14.237596292Z {"level":"info","ts":"2026-06-19T12:47:14Z","logger":"controller.VMSingle","msg":"creating new Service=kubentic-foresight/vmsingle-vmstack","vmsingle":"vmstack","namespace":"kubentic-foresight"}
2026-06-19T12:47:14.261809701Z {"level":"info","ts":"2026-06-19T12:47:14Z","logger":"controller.VMSingle","msg":"creating VMServiceScrape=kubentic-foresight/vmsingle-vmstack","vmsingle":"vmstack","namespace":"kubentic-foresight"}
2026-06-19T12:47:14.277038333Z {"level":"info","ts":"2026-06-19T12:47:14Z","logger":"controller.VMSingle","msg":"creating new Deployment=kubentic-foresight/vmsingle-vmstack","vmsingle":"vmstack","namespace":"kubentic-foresight"}
2026-06-19T12:47:23.293697261Z {"level":"info","ts":"2026-06-19T12:47:23Z","logger":"controller.VMSingle","msg":"object was successfully reconciled","vmsingle":"vmstack","namespace":"kubentic-foresight"}
2026-06-19T12:47:24.619868032Z {"level":"info","ts":"2026-06-19T12:47:24Z","logger":"controller.VMAgent","msg":"object was successfully reconciled","vmagent":"vmstack","namespace":"kubentic-foresight"}
2026-06-19T12:47:24.667974041Z {"level":"info","ts":"2026-06-19T12:47:24Z","logger":"controller.VMNodeScrape","msg":"updating Secret name=kubentic-foresight/vmagent-vmstack, data_changed=true","vmnodescrape":"vmstack-cadvisor","namespace":"kubentic-foresight","vmagent":"vmstack","parent_namespace":"kubentic-foresight"}
