2026-06-19T11:53:42.156222214Z I0619 11:53:42.156026       1 controller.go:493] "ControllerUnpublishVolume: called" args="volume_id:\"vol-092395df607f30c5f\" node_id:\"i-0d94ada325e8491c5\""
2026-06-19T11:53:42.156260599Z I0619 11:53:42.156081       1 controller.go:507] "ControllerUnpublishVolume: detaching" volumeID="vol-092395df607f30c5f" nodeID="i-0d94ada325e8491c5"
2026-06-19T11:53:43.707484257Z I0619 11:53:43.707328       1 cloud.go:1378] "Waiting for volume state" volumeID="vol-092395df607f30c5f" actual="detaching" desired="detached"
2026-06-19T11:53:45.268863139Z I0619 11:53:45.268576       1 cloud.go:1378] "Waiting for volume state" volumeID="vol-092395df607f30c5f" actual="detaching" desired="detached"
2026-06-19T11:53:47.660079550Z I0619 11:53:47.659923       1 controller.go:515] "ControllerUnpublishVolume: detached" volumeID="vol-092395df607f30c5f" nodeID="i-0d94ada325e8491c5"
2026-06-19T11:53:47.660110998Z I0619 11:53:47.659948       1 inflight.go:74] "Node Service: volume operation finished" key="vol-092395df607f30c5fi-0d94ada325e8491c5"
2026-06-19T11:54:02.909133780Z I0619 11:54:02.907533       1 controller.go:493] "ControllerUnpublishVolume: called" args="volume_id:\"vol-02992f401c0c3a97b\" node_id:\"i-0d94ada325e8491c5\""
2026-06-19T11:54:02.909257695Z I0619 11:54:02.908416       1 controller.go:507] "ControllerUnpublishVolume: detaching" volumeID="vol-02992f401c0c3a97b" nodeID="i-0d94ada325e8491c5"
2026-06-19T11:54:04.524572129Z I0619 11:54:04.520593       1 cloud.go:1378] "Waiting for volume state" volumeID="vol-02992f401c0c3a97b" actual="detaching" desired="detached"
2026-06-19T11:54:06.186397018Z I0619 11:54:06.186213       1 controller.go:515] "ControllerUnpublishVolume: detached" volumeID="vol-02992f401c0c3a97b" nodeID="i-0d94ada325e8491c5"
2026-06-19T11:54:06.186448327Z I0619 11:54:06.186237       1 inflight.go:74] "Node Service: volume operation finished" key="vol-02992f401c0c3a97bi-0d94ada325e8491c5"
2026-06-19T11:54:23.144356966Z I0619 11:54:23.144073       1 controller.go:396] "DeleteVolume: called" args="volume_id:\"vol-02992f401c0c3a97b\""
2026-06-19T11:54:23.234786314Z I0619 11:54:23.234599       1 controller.go:396] "DeleteVolume: called" args="volume_id:\"vol-092395df607f30c5f\""
2026-06-19T11:54:23.359708290Z I0619 11:54:23.359398       1 inflight.go:74] "Node Service: volume operation finished" key="vol-02992f401c0c3a97b"
2026-06-19T11:54:23.492889883Z I0619 11:54:23.492694       1 inflight.go:74] "Node Service: volume operation finished" key="vol-092395df607f30c5f"
2026-06-19T11:54:23.534593542Z I0619 11:54:23.534367       1 controller.go:396] "DeleteVolume: called" args="volume_id:\"vol-092395df607f30c5f\""
2026-06-19T11:54:23.707807348Z I0619 11:54:23.707692       1 inflight.go:74] "Node Service: volume operation finished" key="vol-092395df607f30c5f"
2026-06-19T12:09:28.653770107Z I0619 12:09:28.653486       1 controller.go:82] "CreateVolume: called" args="name:\"pvc-aadf1544-cc0d-48a8-971b-741e09e58afb\" capacity_range:{required_bytes:10737418240} volume_capabilities:{mount:{fs_type:\"ext4\"} access_mode:{mode:SINGLE_NODE_WRITER}} parameters:{key:\"csi.storage.k8s.io/pv/name\" value:\"pvc-aadf1544-cc0d-48a8-971b-741e09e58afb\"} parameters:{key:\"csi.storage.k8s.io/pvc/name\" value:\"server-volume-vlogs-server-0\"} parameters:{key:\"csi.storage.k8s.io/pvc/namespace\" value:\"kubentic-foresight\"} parameters:{key:\"encrypted\" value:\"true\"} parameters:{key:\"type\" value:\"gp3\"} accessibility_requirements:{requisite:{segments:{key:\"kubernetes.io/os\" value:\"linux\"} segments:{key:\"topology.ebs.csi.aws.com/zone\" value:\"us-west-2a\"} segments:{key:\"topology.kubernetes.io/zone\" value:\"us-west-2a\"}} preferred:{segments:{key:\"kubernetes.io/os\" value:\"linux\"} segments:{key:\"topology.ebs.csi.aws.com/zone\" value:\"us-west-2a\"} segments:{key:\"topology.kubernetes.io/zone\" value:\"us-west-2a\"}}}"
2026-06-19T12:09:30.777171686Z I0619 12:09:30.776965       1 inflight.go:74] "Node Service: volume operation finished" key="pvc-aadf1544-cc0d-48a8-971b-741e09e58afb"
2026-06-19T12:09:31.689747175Z I0619 12:09:31.689488       1 controller.go:428] "ControllerPublishVolume: called" args="volume_id:\"vol-0dd4656eba8ec6c05\" node_id:\"i-0ecec600693268f66\" volume_capability:{mount:{fs_type:\"ext4\"} access_mode:{mode:SINGLE_NODE_WRITER}} volume_context:{key:\"storage.kubernetes.io/csiProvisionerIdentity\" value:\"1781855100628-189-ebs.csi.aws.com\"}"
2026-06-19T12:09:31.689945572Z I0619 12:09:31.689853       1 controller.go:441] "ControllerPublishVolume: attaching" volumeID="vol-0dd4656eba8ec6c05" nodeID="i-0ecec600693268f66"
2026-06-19T12:09:32.310299538Z I0619 12:09:32.310017       1 controller.go:82] "CreateVolume: called" args="name:\"pvc-145a2d39-444b-4f32-a485-a26454ae8b53\" capacity_range:{required_bytes:10737418240} volume_capabilities:{mount:{fs_type:\"ext4\"} access_mode:{mode:SINGLE_NODE_WRITER}} parameters:{key:\"csi.storage.k8s.io/pv/name\" value:\"pvc-145a2d39-444b-4f32-a485-a26454ae8b53\"} parameters:{key:\"csi.storage.k8s.io/pvc/name\" value:\"vmsingle-vmstack\"} parameters:{key:\"csi.storage.k8s.io/pvc/namespace\" value:\"kubentic-foresight\"} parameters:{key:\"encrypted\" value:\"true\"} parameters:{key:\"type\" value:\"gp3\"} accessibility_requirements:{requisite:{segments:{key:\"kubernetes.io/os\" value:\"linux\"} segments:{key:\"topology.ebs.csi.aws.com/zone\" value:\"us-west-2a\"} segments:{key:\"topology.kubernetes.io/zone\" value:\"us-west-2a\"}} preferred:{segments:{key:\"kubernetes.io/os\" value:\"linux\"} segments:{key:\"topology.ebs.csi.aws.com/zone\" value:\"us-west-2a\"} segments:{key:\"topology.kubernetes.io/zone\" value:\"us-west-2a\"}}}"
2026-06-19T12:09:32.927413526Z I0619 12:09:32.927189       1 cloud.go:979] "[Debug] AttachVolume" volumeID="vol-0dd4656eba8ec6c05" nodeID="i-0ecec600693268f66" resp={"AssociatedResource":null,"AttachTime":"2026-06-19T12:09:32.711Z","DeleteOnTermination":null,"Device":"/dev/xvdaa","InstanceId":"i-0ecec600693268f66","InstanceOwningService":null,"State":"attaching","VolumeId":"vol-0dd4656eba8ec6c05","ResultMetadata":{}}
2026-06-19T12:09:33.522816873Z I0619 12:09:33.521541       1 cloud.go:1378] "Waiting for volume state" volumeID="vol-0dd4656eba8ec6c05" actual="attaching" desired="attached"
2026-06-19T12:09:34.440106465Z I0619 12:09:34.439963       1 inflight.go:74] "Node Service: volume operation finished" key="pvc-145a2d39-444b-4f32-a485-a26454ae8b53"
2026-06-19T12:09:35.116624926Z I0619 12:09:35.116378       1 manager.go:190] "[Debug] Releasing in-process" attachment entry="/dev/xvdaa" volume="vol-0dd4656eba8ec6c05"
2026-06-19T12:09:35.116767851Z I0619 12:09:35.116403       1 controller.go:452] "ControllerPublishVolume: attached" volumeID="vol-0dd4656eba8ec6c05" nodeID="i-0ecec600693268f66" devicePath="/dev/xvdaa"
2026-06-19T12:09:35.116772757Z I0619 12:09:35.116416       1 inflight.go:74] "Node Service: volume operation finished" key="vol-0dd4656eba8ec6c05i-0ecec600693268f66"
2026-06-19T12:09:35.432670883Z I0619 12:09:35.432400       1 controller.go:428] "ControllerPublishVolume: called" args="volume_id:\"vol-0f1b453e6a7af752c\" node_id:\"i-0ecec600693268f66\" volume_capability:{mount:{fs_type:\"ext4\"} access_mode:{mode:SINGLE_NODE_WRITER}} volume_context:{key:\"storage.kubernetes.io/csiProvisionerIdentity\" value:\"1781855100628-189-ebs.csi.aws.com\"}"
2026-06-19T12:09:35.432736469Z I0619 12:09:35.432499       1 controller.go:441] "ControllerPublishVolume: attaching" volumeID="vol-0f1b453e6a7af752c" nodeID="i-0ecec600693268f66"
2026-06-19T12:09:36.553785316Z I0619 12:09:36.553629       1 cloud.go:979] "[Debug] AttachVolume" volumeID="vol-0f1b453e6a7af752c" nodeID="i-0ecec600693268f66" resp={"AssociatedResource":null,"AttachTime":"2026-06-19T12:09:36.36Z","DeleteOnTermination":null,"Device":"/dev/xvdab","InstanceId":"i-0ecec600693268f66","InstanceOwningService":null,"State":"attaching","VolumeId":"vol-0f1b453e6a7af752c","ResultMetadata":{}}
2026-06-19T12:09:37.151318993Z I0619 12:09:37.151134       1 cloud.go:1378] "Waiting for volume state" volumeID="vol-0f1b453e6a7af752c" actual="attaching" desired="attached"
2026-06-19T12:09:38.745290919Z I0619 12:09:38.745077       1 manager.go:190] "[Debug] Releasing in-process" attachment entry="/dev/xvdab" volume="vol-0f1b453e6a7af752c"
2026-06-19T12:09:38.745531620Z I0619 12:09:38.745105       1 controller.go:452] "ControllerPublishVolume: attached" volumeID="vol-0f1b453e6a7af752c" nodeID="i-0ecec600693268f66" devicePath="/dev/xvdab"
2026-06-19T12:09:38.745537690Z I0619 12:09:38.745119       1 inflight.go:74] "Node Service: volume operation finished" key="vol-0f1b453e6a7af752ci-0ecec600693268f66"
2026-06-19T12:43:13.893090995Z I0619 12:43:13.892743       1 controller.go:493] "ControllerUnpublishVolume: called" args="volume_id:\"vol-0f1b453e6a7af752c\" node_id:\"i-0ecec600693268f66\""
2026-06-19T12:43:13.893286429Z I0619 12:43:13.893193       1 controller.go:507] "ControllerUnpublishVolume: detaching" volumeID="vol-0f1b453e6a7af752c" nodeID="i-0ecec600693268f66"
2026-06-19T12:43:15.416517082Z I0619 12:43:15.416367       1 cloud.go:1378] "Waiting for volume state" volumeID="vol-0f1b453e6a7af752c" actual="detaching" desired="detached"
2026-06-19T12:43:17.020114552Z I0619 12:43:17.019787       1 cloud.go:1378] "Waiting for volume state" volumeID="vol-0f1b453e6a7af752c" actual="detaching" desired="detached"
2026-06-19T12:43:19.411192536Z I0619 12:43:19.410940       1 controller.go:515] "ControllerUnpublishVolume: detached" volumeID="vol-0f1b453e6a7af752c" nodeID="i-0ecec600693268f66"
2026-06-19T12:43:19.411220625Z I0619 12:43:19.410965       1 inflight.go:74] "Node Service: volume operation finished" key="vol-0f1b453e6a7af752ci-0ecec600693268f66"
2026-06-19T12:43:34.536244368Z I0619 12:43:34.536073       1 controller.go:493] "ControllerUnpublishVolume: called" args="volume_id:\"vol-0dd4656eba8ec6c05\" node_id:\"i-0ecec600693268f66\""
2026-06-19T12:43:34.536258992Z I0619 12:43:34.536111       1 controller.go:507] "ControllerUnpublishVolume: detaching" volumeID="vol-0dd4656eba8ec6c05" nodeID="i-0ecec600693268f66"
2026-06-19T12:43:36.042936667Z I0619 12:43:36.042614       1 cloud.go:1378] "Waiting for volume state" volumeID="vol-0dd4656eba8ec6c05" actual="detaching" desired="detached"
2026-06-19T12:43:37.627114324Z I0619 12:43:37.626942       1 controller.go:515] "ControllerUnpublishVolume: detached" volumeID="vol-0dd4656eba8ec6c05" nodeID="i-0ecec600693268f66"
2026-06-19T12:43:37.627143438Z I0619 12:43:37.626966       1 inflight.go:74] "Node Service: volume operation finished" key="vol-0dd4656eba8ec6c05i-0ecec600693268f66"
2026-06-19T12:43:55.013918910Z I0619 12:43:55.013715       1 controller.go:396] "DeleteVolume: called" args="volume_id:\"vol-0dd4656eba8ec6c05\""
2026-06-19T12:43:55.100460071Z I0619 12:43:55.100324       1 controller.go:396] "DeleteVolume: called" args="volume_id:\"vol-0f1b453e6a7af752c\""
2026-06-19T12:43:55.222435342Z I0619 12:43:55.222049       1 inflight.go:74] "Node Service: volume operation finished" key="vol-0dd4656eba8ec6c05"
2026-06-19T12:43:55.253594974Z I0619 12:43:55.253256       1 controller.go:396] "DeleteVolume: called" args="volume_id:\"vol-0dd4656eba8ec6c05\""
2026-06-19T12:43:55.334966714Z I0619 12:43:55.334795       1 inflight.go:74] "Node Service: volume operation finished" key="vol-0f1b453e6a7af752c"
2026-06-19T12:43:55.434955435Z I0619 12:43:55.434758       1 inflight.go:74] "Node Service: volume operation finished" key="vol-0dd4656eba8ec6c05"
2026-06-19T12:47:07.070796328Z I0619 12:47:07.070521       1 controller.go:82] "CreateVolume: called" args="name:\"pvc-e2c608ed-9f91-4b79-b288-3d1c3131687b\" capacity_range:{required_bytes:10737418240} volume_capabilities:{mount:{fs_type:\"ext4\"} access_mode:{mode:SINGLE_NODE_WRITER}} parameters:{key:\"csi.storage.k8s.io/pv/name\" value:\"pvc-e2c608ed-9f91-4b79-b288-3d1c3131687b\"} parameters:{key:\"csi.storage.k8s.io/pvc/name\" value:\"server-volume-vlogs-server-0\"} parameters:{key:\"csi.storage.k8s.io/pvc/namespace\" value:\"kubentic-foresight\"} parameters:{key:\"encrypted\" value:\"true\"} parameters:{key:\"type\" value:\"gp3\"} accessibility_requirements:{requisite:{segments:{key:\"kubernetes.io/os\" value:\"linux\"} segments:{key:\"topology.ebs.csi.aws.com/zone\" value:\"us-west-2a\"} segments:{key:\"topology.kubernetes.io/zone\" value:\"us-west-2a\"}} preferred:{segments:{key:\"kubernetes.io/os\" value:\"linux\"} segments:{key:\"topology.ebs.csi.aws.com/zone\" value:\"us-west-2a\"} segments:{key:\"topology.kubernetes.io/zone\" value:\"us-west-2a\"}}}"
2026-06-19T12:47:09.281068904Z I0619 12:47:09.280946       1 inflight.go:74] "Node Service: volume operation finished" key="pvc-e2c608ed-9f91-4b79-b288-3d1c3131687b"
2026-06-19T12:47:10.167701110Z I0619 12:47:10.167417       1 controller.go:428] "ControllerPublishVolume: called" args="volume_id:\"vol-0f563ad56f9dc6760\" node_id:\"i-0ecec600693268f66\" volume_capability:{mount:{fs_type:\"ext4\"} access_mode:{mode:SINGLE_NODE_WRITER}} volume_context:{key:\"storage.kubernetes.io/csiProvisionerIdentity\" value:\"1781855100628-189-ebs.csi.aws.com\"}"
2026-06-19T12:47:10.167720600Z I0619 12:47:10.167513       1 controller.go:441] "ControllerPublishVolume: attaching" volumeID="vol-0f563ad56f9dc6760" nodeID="i-0ecec600693268f66"
2026-06-19T12:47:11.375591406Z I0619 12:47:11.375314       1 cloud.go:979] "[Debug] AttachVolume" volumeID="vol-0f563ad56f9dc6760" nodeID="i-0ecec600693268f66" resp={"AssociatedResource":null,"AttachTime":"2026-06-19T12:47:11.184Z","DeleteOnTermination":null,"Device":"/dev/xvdaa","InstanceId":"i-0ecec600693268f66","InstanceOwningService":null,"State":"attaching","VolumeId":"vol-0f563ad56f9dc6760","ResultMetadata":{}}
2026-06-19T12:47:11.985815350Z I0619 12:47:11.985674       1 cloud.go:1378] "Waiting for volume state" volumeID="vol-0f563ad56f9dc6760" actual="attaching" desired="attached"
2026-06-19T12:47:13.690439749Z I0619 12:47:13.690163       1 manager.go:190] "[Debug] Releasing in-process" attachment entry="/dev/xvdaa" volume="vol-0f563ad56f9dc6760"
2026-06-19T12:47:13.690471886Z I0619 12:47:13.690190       1 controller.go:452] "ControllerPublishVolume: attached" volumeID="vol-0f563ad56f9dc6760" nodeID="i-0ecec600693268f66" devicePath="/dev/xvdaa"
2026-06-19T12:47:13.690476967Z I0619 12:47:13.690203       1 inflight.go:74] "Node Service: volume operation finished" key="vol-0f563ad56f9dc6760i-0ecec600693268f66"
2026-06-19T12:47:14.348113867Z I0619 12:47:14.347866       1 controller.go:82] "CreateVolume: called" args="name:\"pvc-1880076b-7d3e-4e12-959e-36682f7f4b30\" capacity_range:{required_bytes:10737418240} volume_capabilities:{mount:{fs_type:\"ext4\"} access_mode:{mode:SINGLE_NODE_WRITER}} parameters:{key:\"csi.storage.k8s.io/pv/name\" value:\"pvc-1880076b-7d3e-4e12-959e-36682f7f4b30\"} parameters:{key:\"csi.storage.k8s.io/pvc/name\" value:\"vmsingle-vmstack\"} parameters:{key:\"csi.storage.k8s.io/pvc/namespace\" value:\"kubentic-foresight\"} parameters:{key:\"encrypted\" value:\"true\"} parameters:{key:\"type\" value:\"gp3\"} accessibility_requirements:{requisite:{segments:{key:\"kubernetes.io/os\" value:\"linux\"} segments:{key:\"topology.ebs.csi.aws.com/zone\" value:\"us-west-2a\"} segments:{key:\"topology.kubernetes.io/zone\" value:\"us-west-2a\"}} preferred:{segments:{key:\"kubernetes.io/os\" value:\"linux\"} segments:{key:\"topology.ebs.csi.aws.com/zone\" value:\"us-west-2a\"} segments:{key:\"topology.kubernetes.io/zone\" value:\"us-west-2a\"}}}"
2026-06-19T12:47:16.446064977Z I0619 12:47:16.445922       1 inflight.go:74] "Node Service: volume operation finished" key="pvc-1880076b-7d3e-4e12-959e-36682f7f4b30"
2026-06-19T12:47:17.422785422Z I0619 12:47:17.422539       1 controller.go:428] "ControllerPublishVolume: called" args="volume_id:\"vol-063ffa3cab378b541\" node_id:\"i-0d94ada325e8491c5\" volume_capability:{mount:{fs_type:\"ext4\"} access_mode:{mode:SINGLE_NODE_WRITER}} volume_context:{key:\"storage.kubernetes.io/csiProvisionerIdentity\" value:\"1781855100628-189-ebs.csi.aws.com\"}"
2026-06-19T12:47:17.422806776Z I0619 12:47:17.422662       1 controller.go:441] "ControllerPublishVolume: attaching" volumeID="vol-063ffa3cab378b541" nodeID="i-0d94ada325e8491c5"
2026-06-19T12:47:18.581051030Z I0619 12:47:18.580719       1 cloud.go:979] "[Debug] AttachVolume" volumeID="vol-063ffa3cab378b541" nodeID="i-0d94ada325e8491c5" resp={"AssociatedResource":null,"AttachTime":"2026-06-19T12:47:18.39Z","DeleteOnTermination":null,"Device":"/dev/xvdaa","InstanceId":"i-0d94ada325e8491c5","InstanceOwningService":null,"State":"attaching","VolumeId":"vol-063ffa3cab378b541","ResultMetadata":{}}
2026-06-19T12:47:19.291922861Z I0619 12:47:19.291777       1 cloud.go:1378] "Waiting for volume state" volumeID="vol-063ffa3cab378b541" actual="attaching" desired="attached"
2026-06-19T12:47:20.889884384Z I0619 12:47:20.889757       1 manager.go:190] "[Debug] Releasing in-process" attachment entry="/dev/xvdaa" volume="vol-063ffa3cab378b541"
2026-06-19T12:47:20.889912133Z I0619 12:47:20.889780       1 controller.go:452] "ControllerPublishVolume: attached" volumeID="vol-063ffa3cab378b541" nodeID="i-0d94ada325e8491c5" devicePath="/dev/xvdaa"
2026-06-19T12:47:20.889915742Z I0619 12:47:20.889793       1 inflight.go:74] "Node Service: volume operation finished" key="vol-063ffa3cab378b541i-0d94ada325e8491c5"
2026-06-19T12:47:20.900457303Z I0619 12:47:20.899865       1 controller.go:428] "ControllerPublishVolume: called" args="volume_id:\"vol-063ffa3cab378b541\" node_id:\"i-0d94ada325e8491c5\" volume_capability:{mount:{fs_type:\"ext4\"} access_mode:{mode:SINGLE_NODE_WRITER}} volume_context:{key:\"storage.kubernetes.io/csiProvisionerIdentity\" value:\"1781855100628-189-ebs.csi.aws.com\"}"
2026-06-19T12:47:20.900530826Z I0619 12:47:20.900447       1 controller.go:441] "ControllerPublishVolume: attaching" volumeID="vol-063ffa3cab378b541" nodeID="i-0d94ada325e8491c5"
2026-06-19T12:47:22.035857170Z I0619 12:47:22.035630       1 controller.go:452] "ControllerPublishVolume: attached" volumeID="vol-063ffa3cab378b541" nodeID="i-0d94ada325e8491c5" devicePath="/dev/xvdaa"
2026-06-19T12:47:22.035883018Z I0619 12:47:22.035653       1 inflight.go:74] "Node Service: volume operation finished" key="vol-063ffa3cab378b541i-0d94ada325e8491c5"
