2026-06-19T12:47:18.341034543Z {"time": "2026-06-19T12:47:18.340658+00:00", "level": "INFO", "msg": "Starting collector"}
2026-06-19T12:47:18.342281843Z {"time": "2026-06-19T12:47:18.341999+00:00", "level": "INFO", "msg": "No folder annotation was provided, defaulting to k8s-sidecar-target-directory"}
2026-06-19T12:47:18.343052332Z {"time": "2026-06-19T12:47:18.342851+00:00", "level": "INFO", "msg": "Loading incluster config..."}
2026-06-19T12:47:18.343417549Z {"time": "2026-06-19T12:47:18.342578+00:00", "level": "INFO", "msg": "Starting health server on port 8080"}
2026-06-19T12:47:18.344582197Z {"time": "2026-06-19T12:47:18.344260+00:00", "level": "INFO", "msg": "Unique filenames will not be enforced."}
2026-06-19T12:47:18.344804216Z {"time": "2026-06-19T12:47:18.344594+00:00", "level": "INFO", "msg": "5xx response content will not be enabled."}
2026-06-19T12:47:18.345143240Z {"time": "2026-06-19T12:47:18.344970+00:00", "level": "INFO", "msg": "Performing initial list-based sync before starting watch."}
2026-06-19T12:47:18.345381701Z {"time": "2026-06-19T12:47:18.345207+00:00", "level": "INFO", "msg": "Loading incluster config..."}
2026-06-19T12:47:18.346668735Z {"time": "2026-06-19T12:47:18.346467+00:00", "level": "INFO", "msg": "Performing list-based sync on secret resources: {'namespace': 'kubentic-foresight'}"}
2026-06-19T12:47:18.369517221Z {"time": "2026-06-19T12:47:18.369178+00:00", "level": "INFO", "msg": "Loading incluster config..."}
2026-06-19T12:47:18.370919685Z {"time": "2026-06-19T12:47:18.370666+00:00", "level": "INFO", "msg": "Performing list-based sync on configmap resources: {'namespace': 'kubentic-foresight'}"}
2026-06-19T12:47:18.389385095Z {"time": "2026-06-19T12:47:18.389077+00:00", "level": "INFO", "msg": "Writing /etc/grafana/provisioning/datasources/datasource.yaml (ascii)"}
2026-06-19T12:47:18.394315273Z {"time": "2026-06-19T12:47:18.393975+00:00", "level": "WARNING", "msg": "Retrying (Retry(total=4, connect=9, read=5, redirect=None, status=None)) after connection broken by 'NewConnectionError(\"HTTPConnection(host='localhost', port=3000): Failed to establish a new connection: [Errno 111] Connection refused\")': /api/admin/provisioning/datasources/reload"}
2026-06-19T12:47:20.595811971Z {"time": "2026-06-19T12:47:20.595159+00:00", "level": "WARNING", "msg": "Retrying (Retry(total=3, connect=8, read=5, redirect=None, status=None)) after connection broken by 'NewConnectionError(\"HTTPConnection(host='localhost', port=3000): Failed to establish a new connection: [Errno 111] Connection refused\")': /api/admin/provisioning/datasources/reload"}
2026-06-19T12:47:24.997052725Z {"time": "2026-06-19T12:47:24.996689+00:00", "level": "WARNING", "msg": "Retrying (Retry(total=2, connect=7, read=5, redirect=None, status=None)) after connection broken by 'NewConnectionError(\"HTTPConnection(host='localhost', port=3000): Failed to establish a new connection: [Errno 111] Connection refused\")': /api/admin/provisioning/datasources/reload"}
2026-06-19T12:47:25.213305215Z {"time": "2026-06-19T12:47:25.213033+00:00", "level": "INFO", "msg": "None sent to http://localhost:3000/api/admin/provisioning/datasources/reload. Response: 200 OK {\"message\":\"Datasources config reloaded\"}"}
2026-06-19T12:47:25.213402614Z {"time": "2026-06-19T12:47:25.213210+00:00", "level": "INFO", "msg": "Initial sync complete, sidecar is ready."}
2026-06-19T12:47:25.215002729Z {"time": "2026-06-19T12:47:25.214665+00:00", "level": "INFO", "msg": "Loading incluster config..."}
2026-06-19T12:47:25.215589143Z {"time": "2026-06-19T12:47:25.215037+00:00", "level": "INFO", "msg": "Loading incluster config..."}
2026-06-19T12:47:25.217601295Z {"time": "2026-06-19T12:47:25.217108+00:00", "level": "INFO", "msg": "Loading incluster config..."}
2026-06-19T12:47:25.218830764Z {"time": "2026-06-19T12:47:25.218538+00:00", "level": "INFO", "msg": "Loading incluster config..."}
2026-06-19T12:48:25.233203740Z {"time": "2026-06-19T12:48:25.232842+00:00", "level": "INFO", "msg": "Loading incluster config..."}
2026-06-19T12:48:25.234359633Z {"time": "2026-06-19T12:48:25.234070+00:00", "level": "INFO", "msg": "Loading incluster config..."}
2026-06-19T12:49:25.250558990Z {"time": "2026-06-19T12:49:25.249344+00:00", "level": "INFO", "msg": "Loading incluster config..."}
2026-06-19T12:49:25.252752873Z {"time": "2026-06-19T12:49:25.251988+00:00", "level": "INFO", "msg": "Loading incluster config..."}
2026-06-19T12:50:25.264254164Z {"time": "2026-06-19T12:50:25.263913+00:00", "level": "INFO", "msg": "Loading incluster config..."}
2026-06-19T12:50:25.267884939Z {"time": "2026-06-19T12:50:25.267368+00:00", "level": "INFO", "msg": "Loading incluster config..."}
2026-06-19T12:51:25.276315748Z {"time": "2026-06-19T12:51:25.275956+00:00", "level": "INFO", "msg": "Loading incluster config..."}
2026-06-19T12:51:25.280727864Z {"time": "2026-06-19T12:51:25.279580+00:00", "level": "INFO", "msg": "Loading incluster config..."}
2026-06-19T12:52:25.289370674Z {"time": "2026-06-19T12:52:25.289045+00:00", "level": "INFO", "msg": "Loading incluster config..."}
2026-06-19T12:52:25.289810316Z {"time": "2026-06-19T12:52:25.289577+00:00", "level": "INFO", "msg": "Loading incluster config..."}
2026-06-19T12:53:25.305034138Z {"time": "2026-06-19T12:53:25.304684+00:00", "level": "INFO", "msg": "Loading incluster config..."}
2026-06-19T12:53:25.305430873Z {"time": "2026-06-19T12:53:25.304944+00:00", "level": "INFO", "msg": "Loading incluster config..."}
2026-06-19T12:54:25.319377844Z {"time": "2026-06-19T12:54:25.319052+00:00", "level": "INFO", "msg": "Loading incluster config..."}
2026-06-19T12:54:25.319729006Z {"time": "2026-06-19T12:54:25.319485+00:00", "level": "INFO", "msg": "Loading incluster config..."}
2026-06-19T12:55:25.331950490Z {"time": "2026-06-19T12:55:25.331558+00:00", "level": "INFO", "msg": "Loading incluster config..."}
2026-06-19T12:55:25.335388425Z {"time": "2026-06-19T12:55:25.334906+00:00", "level": "INFO", "msg": "Loading incluster config..."}
2026-06-19T12:56:25.345973526Z {"time": "2026-06-19T12:56:25.345539+00:00", "level": "INFO", "msg": "Loading incluster config..."}
2026-06-19T12:56:25.346819307Z {"time": "2026-06-19T12:56:25.346483+00:00", "level": "INFO", "msg": "Loading incluster config..."}
2026-06-19T12:57:25.359801649Z {"time": "2026-06-19T12:57:25.359380+00:00", "level": "INFO", "msg": "Loading incluster config..."}
2026-06-19T12:57:25.360290632Z {"time": "2026-06-19T12:57:25.360050+00:00", "level": "INFO", "msg": "Loading incluster config..."}
